Archive member included to satisfy reference by file (symbol)

O:/devkitPro/libnds/lib\libnds9.a(video.o)
                              main.o (vramSetPrimaryBanks)
O:/devkitPro/libnds/lib\libnds9.a(pcx.o)
                              main.o (loadPCX)
O:/devkitPro/libnds/lib\libnds9.a(image.o)
                              main.o (imageTileData)
O:/devkitPro/libnds/lib\libnds9.a(keys.o)
                              main.o (scanKeys)
O:/devkitPro/libnds/lib\libnds9.a(initSystem.o)
                              o:/devkitpro/devkitarm/bin/../lib/gcc/arm-none-eabi/6.3.0/../../../../arm-none-eabi/lib/ds_arm9_crt0.o (initSystem)
O:/devkitPro/libnds/lib\libnds9.a(timeSupport.o)
                              O:/devkitPro/libnds/lib\libnds9.a(initSystem.o) (__libnds_gtod)
O:/devkitPro/libnds/lib\libnds9.a(securearea.o)
                              o:/devkitpro/devkitarm/bin/../lib/gcc/arm-none-eabi/6.3.0/../../../../arm-none-eabi/lib/ds_arm9_crt0.o (__secure_area__)
O:/devkitPro/libnds/lib\libnds9.a(interrupts.o)
                              O:/devkitPro/libnds/lib\libnds9.a(initSystem.o) (irqInit)
O:/devkitPro/libnds/lib\libnds9.a(libnds_exit.arm.o)
                              o:/devkitpro/devkitarm/bin/../lib/gcc/arm-none-eabi/6.3.0/../../../../arm-none-eabi/lib/ds_arm9_crt0.o (__libnds_exit)
O:/devkitPro/libnds/lib\libnds9.a(fifosystem.o)
                              O:/devkitPro/libnds/lib\libnds9.a(initSystem.o) (fifoSetValue32Handler)
O:/devkitPro/libnds/lib\libnds9.a(mpu_setup.o)
                              o:/devkitpro/devkitarm/bin/../lib/gcc/arm-none-eabi/6.3.0/../../../../arm-none-eabi/lib/ds_arm9_crt0.o (__libnds_mpu_setup)
O:/devkitPro/libnds/lib\libnds9.a(IntrWait.o)
                              main.o (swiWaitForVBlank)
O:/devkitPro/libnds/lib\libnds9.a(cpu_clock.o)
                              O:/devkitPro/libnds/lib\libnds9.a(initSystem.o) (setCpuClock)
O:/devkitPro/libnds/lib\libnds9.a(interruptDispatcher.o)
                              O:/devkitPro/libnds/lib\libnds9.a(interrupts.o) (IntrMain)
O:/devkitPro/libnds/lib\libnds9.a(swiSoftReset.o)
                              O:/devkitPro/libnds/lib\libnds9.a(fifosystem.o) (swiSoftReset)
O:/devkitPro/libnds/lib\libnds9.a(system.o)
                              O:/devkitPro/libnds/lib\libnds9.a(initSystem.o) (systemValueHandler)
O:/devkitPro/libnds/lib\libnds9.a(biosCalls.o)
                              O:/devkitPro/libnds/lib\libnds9.a(system.o) (swiDelay)
o:/devkitpro/devkitarm/bin/../lib/gcc/arm-none-eabi/6.3.0/../../../../arm-none-eabi/lib\libg.a(lib_a-init.o)
                              o:/devkitpro/devkitarm/bin/../lib/gcc/arm-none-eabi/6.3.0/../../../../arm-none-eabi/lib/ds_arm9_crt0.o (__libc_init_array)
o:/devkitpro/devkitarm/bin/../lib/gcc/arm-none-eabi/6.3.0/../../../../arm-none-eabi/lib\libg.a(lib_a-malloc.o)
                              O:/devkitPro/libnds/lib\libnds9.a(pcx.o) (malloc)
o:/devkitpro/devkitarm/bin/../lib/gcc/arm-none-eabi/6.3.0/../../../../arm-none-eabi/lib\libg.a(lib_a-mallocr.o)
                              o:/devkitpro/devkitarm/bin/../lib/gcc/arm-none-eabi/6.3.0/../../../../arm-none-eabi/lib\libg.a(lib_a-malloc.o) (_malloc_r)
o:/devkitpro/devkitarm/bin/../lib/gcc/arm-none-eabi/6.3.0/../../../../arm-none-eabi/lib\libg.a(lib_a-memcpy-stub.o)
                              main.o (memcpy)
o:/devkitpro/devkitarm/bin/../lib/gcc/arm-none-eabi/6.3.0/../../../../arm-none-eabi/lib\libg.a(lib_a-mlock.o)
                              o:/devkitpro/devkitarm/bin/../lib/gcc/arm-none-eabi/6.3.0/../../../../arm-none-eabi/lib\libg.a(lib_a-mallocr.o) (__malloc_lock)
o:/devkitpro/devkitarm/bin/../lib/gcc/arm-none-eabi/6.3.0/../../../../arm-none-eabi/lib\libg.a(lib_a-freer.o)
                              o:/devkitpro/devkitarm/bin/../lib/gcc/arm-none-eabi/6.3.0/../../../../arm-none-eabi/lib\libg.a(lib_a-malloc.o) (_free_r)
o:/devkitpro/devkitarm/bin/../lib/gcc/arm-none-eabi/6.3.0/../../../../arm-none-eabi/lib\libsysbase.a(sbrk.o)
                              o:/devkitpro/devkitarm/bin/../lib/gcc/arm-none-eabi/6.3.0/../../../../arm-none-eabi/lib\libg.a(lib_a-mallocr.o) (_sbrk_r)
o:/devkitpro/devkitarm/bin/../lib/gcc/arm-none-eabi/6.3.0/../../../../arm-none-eabi/lib\libsysbase.a(malloc_vars.o)
                              o:/devkitpro/devkitarm/bin/../lib/gcc/arm-none-eabi/6.3.0/../../../../arm-none-eabi/lib/ds_arm9_crt0.o (fake_heap_start)
o:/devkitpro/devkitarm/bin/../lib/gcc/arm-none-eabi/6.3.0/../../../../arm-none-eabi/lib\libsysbase.a(build_argv.o)
                              o:/devkitpro/devkitarm/bin/../lib/gcc/arm-none-eabi/6.3.0/../../../../arm-none-eabi/lib/ds_arm9_crt0.o (build_argv)
o:/devkitpro/devkitarm/bin/../lib/gcc/arm-none-eabi/6.3.0/../../../../arm-none-eabi/lib\libsysbase.a(syscall_support.o)
                              o:/devkitpro/devkitarm/bin/../lib/gcc/arm-none-eabi/6.3.0/../../../../arm-none-eabi/lib\libg.a(lib_a-mlock.o) (__libc_lock_acquire_recursive)
o:/devkitpro/devkitarm/bin/../lib/gcc/arm-none-eabi/6.3.0/../../../../arm-none-eabi/lib\libsysbase.a(getreent.o)
                              o:/devkitpro/devkitarm/bin/../lib/gcc/arm-none-eabi/6.3.0/../../../../arm-none-eabi/lib\libg.a(lib_a-malloc.o) (__getreent)
o:/devkitpro/devkitarm/bin/../lib/gcc/arm-none-eabi/6.3.0/../../../../arm-none-eabi/lib\libg.a(lib_a-impure.o)
                              o:/devkitpro/devkitarm/bin/../lib/gcc/arm-none-eabi/6.3.0/../../../../arm-none-eabi/lib\libsysbase.a(getreent.o) (_impure_ptr)

Allocating common symbols
Common symbol       size              file

fifo_datamsg_data   0x40              O:/devkitPro/libnds/lib\libnds9.a(fifosystem.o)
__dsimode           0x1               O:/devkitPro/libnds/lib\libnds9.a(initSystem.o)
fifo_buffer         0x800             O:/devkitPro/libnds/lib\libnds9.a(fifosystem.o)
fifo_value32_func   0x40              O:/devkitPro/libnds/lib\libnds9.a(fifosystem.o)
fifo_address_func   0x40              O:/devkitPro/libnds/lib\libnds9.a(fifosystem.o)
OAMCopySub          0x400             main.o
fifo_value32_data   0x40              O:/devkitPro/libnds/lib\libnds9.a(fifosystem.o)
fifo_value32_queue  0x40              O:/devkitPro/libnds/lib\libnds9.a(fifosystem.o)
fifo_data_queue     0x40              O:/devkitPro/libnds/lib\libnds9.a(fifosystem.o)
punixTime           0x4               O:/devkitPro/libnds/lib\libnds9.a(timeSupport.o)
fifo_address_data   0x40              O:/devkitPro/libnds/lib\libnds9.a(fifosystem.o)
fifo_datamsg_func   0x40              O:/devkitPro/libnds/lib\libnds9.a(fifosystem.o)
fifo_address_queue  0x40              O:/devkitPro/libnds/lib\libnds9.a(fifosystem.o)

Discarded input sections

 .text          0x00000000        0x0 o:/devkitpro/devkitarm/bin/../lib/gcc/arm-none-eabi/6.3.0/../../../../arm-none-eabi/lib/ds_arm9_crt0.o
 .data          0x00000000        0x0 o:/devkitpro/devkitarm/bin/../lib/gcc/arm-none-eabi/6.3.0/../../../../arm-none-eabi/lib/ds_arm9_crt0.o
 .bss           0x00000000        0x0 o:/devkitpro/devkitarm/bin/../lib/gcc/arm-none-eabi/6.3.0/../../../../arm-none-eabi/lib/ds_arm9_crt0.o
 .text          0x00000000        0x0 o:/devkitpro/devkitarm/bin/../lib/gcc/arm-none-eabi/6.3.0/crti.o
 .data          0x00000000        0x0 o:/devkitpro/devkitarm/bin/../lib/gcc/arm-none-eabi/6.3.0/crti.o
 .bss           0x00000000        0x0 o:/devkitpro/devkitarm/bin/../lib/gcc/arm-none-eabi/6.3.0/crti.o
 .text          0x00000000        0x0 o:/devkitpro/devkitarm/bin/../lib/gcc/arm-none-eabi/6.3.0/crtbegin.o
 .data          0x00000000        0x0 o:/devkitpro/devkitarm/bin/../lib/gcc/arm-none-eabi/6.3.0/crtbegin.o
 .bss           0x00000000        0x0 o:/devkitpro/devkitarm/bin/../lib/gcc/arm-none-eabi/6.3.0/crtbegin.o
 .data.__dso_handle
                0x00000000        0x4 o:/devkitpro/devkitarm/bin/../lib/gcc/arm-none-eabi/6.3.0/crtbegin.o
 .text          0x00000000        0x0 Touch_The_Screen.pcx.o
 .data          0x00000000        0x0 Touch_The_Screen.pcx.o
 .bss           0x00000000        0x0 Touch_The_Screen.pcx.o
 .rodata        0x00000000     0x1418 Touch_The_Screen.pcx.o
 .ARM.attributes
                0x00000000       0x14 Touch_The_Screen.pcx.o
 .text          0x00000000        0x0 Test32by32.pcx.o
 .data          0x00000000        0x0 Test32by32.pcx.o
 .bss           0x00000000        0x0 Test32by32.pcx.o
 .text          0x00000000        0x0 ball.pcx.o
 .data          0x00000000        0x0 ball.pcx.o
 .bss           0x00000000        0x0 ball.pcx.o
 .rodata        0x00000000      0x78c ball.pcx.o
 .ARM.attributes
                0x00000000       0x14 ball.pcx.o
 .text          0x00000000        0x0 O:/devkitPro/libnds/lib\libnds9.a(video.o)
 .data          0x00000000        0x0 O:/devkitPro/libnds/lib\libnds9.a(video.o)
 .bss           0x00000000        0x0 O:/devkitPro/libnds/lib\libnds9.a(video.o)
 .text.vramSetBanks_EFG
                0x00000000       0x38 O:/devkitPro/libnds/lib\libnds9.a(video.o)
 .text.vramRestorePrimaryBanks
                0x00000000        0xc O:/devkitPro/libnds/lib\libnds9.a(video.o)
 .text.vramRestoreMainBanks
                0x00000000        0xc O:/devkitPro/libnds/lib\libnds9.a(video.o)
 .text.vramRestoreBanks_EFG
                0x00000000        0xc O:/devkitPro/libnds/lib\libnds9.a(video.o)
 .text.setBrightness
                0x00000000       0x40 O:/devkitPro/libnds/lib\libnds9.a(video.o)
 .text          0x00000000        0x0 O:/devkitPro/libnds/lib\libnds9.a(pcx.o)
 .data          0x00000000        0x0 O:/devkitPro/libnds/lib\libnds9.a(pcx.o)
 .bss           0x00000000        0x0 O:/devkitPro/libnds/lib\libnds9.a(pcx.o)
 .text          0x00000000        0x0 O:/devkitPro/libnds/lib\libnds9.a(image.o)
 .data          0x00000000        0x0 O:/devkitPro/libnds/lib\libnds9.a(image.o)
 .bss           0x00000000        0x0 O:/devkitPro/libnds/lib\libnds9.a(image.o)
 .text.image24to16
                0x00000000       0xb8 O:/devkitPro/libnds/lib\libnds9.a(image.o)
 .text.image8to16
                0x00000000       0x6c O:/devkitPro/libnds/lib\libnds9.a(image.o)
 .text.image8to16trans
                0x00000000       0x94 O:/devkitPro/libnds/lib\libnds9.a(image.o)
 .text.imageDestroy
                0x00000000       0x24 O:/devkitPro/libnds/lib\libnds9.a(image.o)
 .text          0x00000000        0x0 O:/devkitPro/libnds/lib\libnds9.a(keys.o)
 .data          0x00000000        0x0 O:/devkitPro/libnds/lib\libnds9.a(keys.o)
 .bss           0x00000000        0x0 O:/devkitPro/libnds/lib\libnds9.a(keys.o)
 .text.keysDown
                0x00000000       0x14 O:/devkitPro/libnds/lib\libnds9.a(keys.o)
 .text.keysDownRepeat
                0x00000000       0x10 O:/devkitPro/libnds/lib\libnds9.a(keys.o)
 .text.keysSetRepeat
                0x00000000       0x24 O:/devkitPro/libnds/lib\libnds9.a(keys.o)
 .text.keysUp   0x00000000       0x18 O:/devkitPro/libnds/lib\libnds9.a(keys.o)
 .text.keysCurrent
                0x00000000       0x38 O:/devkitPro/libnds/lib\libnds9.a(keys.o)
 .text          0x00000000        0x0 O:/devkitPro/libnds/lib\libnds9.a(initSystem.o)
 .data          0x00000000        0x0 O:/devkitPro/libnds/lib\libnds9.a(initSystem.o)
 .bss           0x00000000        0x0 O:/devkitPro/libnds/lib\libnds9.a(initSystem.o)
 .text          0x00000000        0x0 O:/devkitPro/libnds/lib\libnds9.a(timeSupport.o)
 .data          0x00000000        0x0 O:/devkitPro/libnds/lib\libnds9.a(timeSupport.o)
 .bss           0x00000000        0x0 O:/devkitPro/libnds/lib\libnds9.a(timeSupport.o)
 .text          0x00000000        0x0 O:/devkitPro/libnds/lib\libnds9.a(securearea.o)
 .data          0x00000000        0x0 O:/devkitPro/libnds/lib\libnds9.a(securearea.o)
 .bss           0x00000000        0x0 O:/devkitPro/libnds/lib\libnds9.a(securearea.o)
 .text          0x00000000        0x0 O:/devkitPro/libnds/lib\libnds9.a(interrupts.o)
 .data          0x00000000        0x0 O:/devkitPro/libnds/lib\libnds9.a(interrupts.o)
 .bss           0x00000000        0x0 O:/devkitPro/libnds/lib\libnds9.a(interrupts.o)
 .text.irqInitHandler
                0x00000000       0x28 O:/devkitPro/libnds/lib\libnds9.a(interrupts.o)
 .text.irqClear
                0x00000000       0x38 O:/devkitPro/libnds/lib\libnds9.a(interrupts.o)
 .text          0x00000000        0x0 O:/devkitPro/libnds/lib\libnds9.a(libnds_exit.arm.o)
 .data          0x00000000        0x0 O:/devkitPro/libnds/lib\libnds9.a(libnds_exit.arm.o)
 .bss           0x00000000        0x0 O:/devkitPro/libnds/lib\libnds9.a(libnds_exit.arm.o)
 .text          0x00000000        0x0 O:/devkitPro/libnds/lib\libnds9.a(fifosystem.o)
 .data          0x00000000        0x0 O:/devkitPro/libnds/lib\libnds9.a(fifosystem.o)
 .bss           0x00000000        0x0 O:/devkitPro/libnds/lib\libnds9.a(fifosystem.o)
 .text.fifoSendAddress
                0x00000000       0x38 O:/devkitPro/libnds/lib\libnds9.a(fifosystem.o)
 .text.fifoSendDatamsg
                0x00000000       0x90 O:/devkitPro/libnds/lib\libnds9.a(fifosystem.o)
 .text.fifoGetAddress
                0x00000000       0x70 O:/devkitPro/libnds/lib\libnds9.a(fifosystem.o)
 .text.fifoSetAddressHandler
                0x00000000       0x74 O:/devkitPro/libnds/lib\libnds9.a(fifosystem.o)
 .text.fifoGetValue32
                0x00000000       0x14 O:/devkitPro/libnds/lib\libnds9.a(fifosystem.o)
 .text.fifoCheckAddress
                0x00000000       0x24 O:/devkitPro/libnds/lib\libnds9.a(fifosystem.o)
 .text.fifoCheckDatamsg
                0x00000000       0x24 O:/devkitPro/libnds/lib\libnds9.a(fifosystem.o)
 .text.fifoCheckDatamsgLength
                0x00000000       0x30 O:/devkitPro/libnds/lib\libnds9.a(fifosystem.o)
 .text.fifoCheckValue32
                0x00000000       0x24 O:/devkitPro/libnds/lib\libnds9.a(fifosystem.o)
 .text          0x00000000        0x0 O:/devkitPro/libnds/lib\libnds9.a(mpu_setup.o)
 .bss           0x00000000        0x0 O:/devkitPro/libnds/lib\libnds9.a(mpu_setup.o)
 .text.memCached
                0x00000000       0x20 O:/devkitPro/libnds/lib\libnds9.a(mpu_setup.o)
 .text          0x00000000        0x0 O:/devkitPro/libnds/lib\libnds9.a(IntrWait.o)
 .data          0x00000000        0x0 O:/devkitPro/libnds/lib\libnds9.a(IntrWait.o)
 .bss           0x00000000        0x0 O:/devkitPro/libnds/lib\libnds9.a(IntrWait.o)
 .text          0x00000000        0x0 O:/devkitPro/libnds/lib\libnds9.a(cpu_clock.o)
 .data          0x00000000        0x0 O:/devkitPro/libnds/lib\libnds9.a(cpu_clock.o)
 .bss           0x00000000        0x0 O:/devkitPro/libnds/lib\libnds9.a(cpu_clock.o)
 .itcm          0x00000000        0x0 O:/devkitPro/libnds/lib\libnds9.a(cpu_clock.o)
 .text          0x00000000        0x0 O:/devkitPro/libnds/lib\libnds9.a(interruptDispatcher.o)
 .data          0x00000000        0x0 O:/devkitPro/libnds/lib\libnds9.a(interruptDispatcher.o)
 .bss           0x00000000        0x0 O:/devkitPro/libnds/lib\libnds9.a(interruptDispatcher.o)
 .text          0x00000000        0x0 O:/devkitPro/libnds/lib\libnds9.a(swiSoftReset.o)
 .data          0x00000000        0x0 O:/devkitPro/libnds/lib\libnds9.a(swiSoftReset.o)
 .bss           0x00000000        0x0 O:/devkitPro/libnds/lib\libnds9.a(swiSoftReset.o)
 .text          0x00000000        0x0 O:/devkitPro/libnds/lib\libnds9.a(system.o)
 .data          0x00000000        0x0 O:/devkitPro/libnds/lib\libnds9.a(system.o)
 .bss           0x00000000        0x0 O:/devkitPro/libnds/lib\libnds9.a(system.o)
 .text.setSDcallback
                0x00000000        0xc O:/devkitPro/libnds/lib\libnds9.a(system.o)
 .text.systemSleep
                0x00000000       0x18 O:/devkitPro/libnds/lib\libnds9.a(system.o)
 .text.powerOff
                0x00000000       0x28 O:/devkitPro/libnds/lib\libnds9.a(system.o)
 .text.ledBlink
                0x00000000       0x10 O:/devkitPro/libnds/lib\libnds9.a(system.o)
 .text.getBatteryLevel
                0x00000000       0x20 O:/devkitPro/libnds/lib\libnds9.a(system.o)
 .text          0x00000000        0x0 O:/devkitPro/libnds/lib\libnds9.a(biosCalls.o)
 .data          0x00000000        0x0 O:/devkitPro/libnds/lib\libnds9.a(biosCalls.o)
 .bss           0x00000000        0x0 O:/devkitPro/libnds/lib\libnds9.a(biosCalls.o)
 .text.swiSleep
                0x00000000        0x4 O:/devkitPro/libnds/lib\libnds9.a(biosCalls.o)
 .text.swiChangeSoundBias
                0x00000000        0x4 O:/devkitPro/libnds/lib\libnds9.a(biosCalls.o)
 .text.swiDivide
                0x00000000        0x4 O:/devkitPro/libnds/lib\libnds9.a(biosCalls.o)
 .text.swiRemainder
                0x00000000        0x8 O:/devkitPro/libnds/lib\libnds9.a(biosCalls.o)
 .text.swiDivMod
                0x00000000        0xc O:/devkitPro/libnds/lib\libnds9.a(biosCalls.o)
 .text.swiCopy  0x00000000        0x4 O:/devkitPro/libnds/lib\libnds9.a(biosCalls.o)
 .text.swiFastCopy
                0x00000000        0x4 O:/devkitPro/libnds/lib\libnds9.a(biosCalls.o)
 .text.swiSqrt  0x00000000        0x4 O:/devkitPro/libnds/lib\libnds9.a(biosCalls.o)
 .text.swiCRC16
                0x00000000        0x4 O:/devkitPro/libnds/lib\libnds9.a(biosCalls.o)
 .text.swiIsDebugger
                0x00000000        0x4 O:/devkitPro/libnds/lib\libnds9.a(biosCalls.o)
 .text.swiUnpackBits
                0x00000000        0x4 O:/devkitPro/libnds/lib\libnds9.a(biosCalls.o)
 .text.swiDecompressLZSSWram
                0x00000000        0x4 O:/devkitPro/libnds/lib\libnds9.a(biosCalls.o)
 .text.swiDecompressLZSSVramNTR
                0x00000000        0x4 O:/devkitPro/libnds/lib\libnds9.a(biosCalls.o)
 .text.swiDecompressLZSSVramTWL
                0x00000000        0x4 O:/devkitPro/libnds/lib\libnds9.a(biosCalls.o)
 .text.swiDecompressHuffman
                0x00000000        0x4 O:/devkitPro/libnds/lib\libnds9.a(biosCalls.o)
 .text.swiDecompressRLEWram
                0x00000000        0x4 O:/devkitPro/libnds/lib\libnds9.a(biosCalls.o)
 .text.swiDecompressRLEVram
                0x00000000        0x4 O:/devkitPro/libnds/lib\libnds9.a(biosCalls.o)
 .text.swiWaitForIRQ
                0x00000000        0x4 O:/devkitPro/libnds/lib\libnds9.a(biosCalls.o)
 .text.swiDecodeDelta8
                0x00000000        0x4 O:/devkitPro/libnds/lib\libnds9.a(biosCalls.o)
 .text.swiDecodeDelta16
                0x00000000        0x4 O:/devkitPro/libnds/lib\libnds9.a(biosCalls.o)
 .text.swiSetHaltCR
                0x00000000        0x4 O:/devkitPro/libnds/lib\libnds9.a(biosCalls.o)
 .text          0x00000000        0x0 o:/devkitpro/devkitarm/bin/../lib/gcc/arm-none-eabi/6.3.0/../../../../arm-none-eabi/lib\libg.a(lib_a-init.o)
 .data          0x00000000        0x0 o:/devkitpro/devkitarm/bin/../lib/gcc/arm-none-eabi/6.3.0/../../../../arm-none-eabi/lib\libg.a(lib_a-init.o)
 .bss           0x00000000        0x0 o:/devkitpro/devkitarm/bin/../lib/gcc/arm-none-eabi/6.3.0/../../../../arm-none-eabi/lib\libg.a(lib_a-init.o)
 .text          0x00000000        0x0 o:/devkitpro/devkitarm/bin/../lib/gcc/arm-none-eabi/6.3.0/../../../../arm-none-eabi/lib\libg.a(lib_a-malloc.o)
 .data          0x00000000        0x0 o:/devkitpro/devkitarm/bin/../lib/gcc/arm-none-eabi/6.3.0/../../../../arm-none-eabi/lib\libg.a(lib_a-malloc.o)
 .bss           0x00000000        0x0 o:/devkitpro/devkitarm/bin/../lib/gcc/arm-none-eabi/6.3.0/../../../../arm-none-eabi/lib\libg.a(lib_a-malloc.o)
 .text          0x00000000        0x0 o:/devkitpro/devkitarm/bin/../lib/gcc/arm-none-eabi/6.3.0/../../../../arm-none-eabi/lib\libg.a(lib_a-mallocr.o)
 .data          0x00000000        0x0 o:/devkitpro/devkitarm/bin/../lib/gcc/arm-none-eabi/6.3.0/../../../../arm-none-eabi/lib\libg.a(lib_a-mallocr.o)
 .bss           0x00000000        0x0 o:/devkitpro/devkitarm/bin/../lib/gcc/arm-none-eabi/6.3.0/../../../../arm-none-eabi/lib\libg.a(lib_a-mallocr.o)
 .text          0x00000000        0x0 o:/devkitpro/devkitarm/bin/../lib/gcc/arm-none-eabi/6.3.0/../../../../arm-none-eabi/lib\libg.a(lib_a-memcpy-stub.o)
 .data          0x00000000        0x0 o:/devkitpro/devkitarm/bin/../lib/gcc/arm-none-eabi/6.3.0/../../../../arm-none-eabi/lib\libg.a(lib_a-memcpy-stub.o)
 .bss           0x00000000        0x0 o:/devkitpro/devkitarm/bin/../lib/gcc/arm-none-eabi/6.3.0/../../../../arm-none-eabi/lib\libg.a(lib_a-memcpy-stub.o)
 .text          0x00000000        0x0 o:/devkitpro/devkitarm/bin/../lib/gcc/arm-none-eabi/6.3.0/../../../../arm-none-eabi/lib\libg.a(lib_a-mlock.o)
 .data          0x00000000        0x0 o:/devkitpro/devkitarm/bin/../lib/gcc/arm-none-eabi/6.3.0/../../../../arm-none-eabi/lib\libg.a(lib_a-mlock.o)
 .bss           0x00000000        0x0 o:/devkitpro/devkitarm/bin/../lib/gcc/arm-none-eabi/6.3.0/../../../../arm-none-eabi/lib\libg.a(lib_a-mlock.o)
 .text          0x00000000        0x0 o:/devkitpro/devkitarm/bin/../lib/gcc/arm-none-eabi/6.3.0/../../../../arm-none-eabi/lib\libg.a(lib_a-freer.o)
 .data          0x00000000        0x0 o:/devkitpro/devkitarm/bin/../lib/gcc/arm-none-eabi/6.3.0/../../../../arm-none-eabi/lib\libg.a(lib_a-freer.o)
 .bss           0x00000000        0x0 o:/devkitpro/devkitarm/bin/../lib/gcc/arm-none-eabi/6.3.0/../../../../arm-none-eabi/lib\libg.a(lib_a-freer.o)
 .text          0x00000000        0x0 o:/devkitpro/devkitarm/bin/../lib/gcc/arm-none-eabi/6.3.0/../../../../arm-none-eabi/lib\libsysbase.a(sbrk.o)
 .data          0x00000000        0x0 o:/devkitpro/devkitarm/bin/../lib/gcc/arm-none-eabi/6.3.0/../../../../arm-none-eabi/lib\libsysbase.a(sbrk.o)
 .bss           0x00000000        0x0 o:/devkitpro/devkitarm/bin/../lib/gcc/arm-none-eabi/6.3.0/../../../../arm-none-eabi/lib\libsysbase.a(sbrk.o)
 .text          0x00000000        0x0 o:/devkitpro/devkitarm/bin/../lib/gcc/arm-none-eabi/6.3.0/../../../../arm-none-eabi/lib\libsysbase.a(malloc_vars.o)
 .data          0x00000000        0x0 o:/devkitpro/devkitarm/bin/../lib/gcc/arm-none-eabi/6.3.0/../../../../arm-none-eabi/lib\libsysbase.a(malloc_vars.o)
 .bss           0x00000000        0x0 o:/devkitpro/devkitarm/bin/../lib/gcc/arm-none-eabi/6.3.0/../../../../arm-none-eabi/lib\libsysbase.a(malloc_vars.o)
 .text          0x00000000        0x0 o:/devkitpro/devkitarm/bin/../lib/gcc/arm-none-eabi/6.3.0/../../../../arm-none-eabi/lib\libsysbase.a(build_argv.o)
 .data          0x00000000        0x0 o:/devkitpro/devkitarm/bin/../lib/gcc/arm-none-eabi/6.3.0/../../../../arm-none-eabi/lib\libsysbase.a(build_argv.o)
 .bss           0x00000000        0x0 o:/devkitpro/devkitarm/bin/../lib/gcc/arm-none-eabi/6.3.0/../../../../arm-none-eabi/lib\libsysbase.a(build_argv.o)
 .text          0x00000000        0x0 o:/devkitpro/devkitarm/bin/../lib/gcc/arm-none-eabi/6.3.0/../../../../arm-none-eabi/lib\libsysbase.a(syscall_support.o)
 .data          0x00000000        0x0 o:/devkitpro/devkitarm/bin/../lib/gcc/arm-none-eabi/6.3.0/../../../../arm-none-eabi/lib\libsysbase.a(syscall_support.o)
 .bss           0x00000000        0x0 o:/devkitpro/devkitarm/bin/../lib/gcc/arm-none-eabi/6.3.0/../../../../arm-none-eabi/lib\libsysbase.a(syscall_support.o)
 .text.__libc_lock_init
                0x00000000       0x18 o:/devkitpro/devkitarm/bin/../lib/gcc/arm-none-eabi/6.3.0/../../../../arm-none-eabi/lib\libsysbase.a(syscall_support.o)
 .text.__libc_lock_acquire
                0x00000000       0x18 o:/devkitpro/devkitarm/bin/../lib/gcc/arm-none-eabi/6.3.0/../../../../arm-none-eabi/lib\libsysbase.a(syscall_support.o)
 .text.__libc_lock_try_acquire
                0x00000000       0x20 o:/devkitpro/devkitarm/bin/../lib/gcc/arm-none-eabi/6.3.0/../../../../arm-none-eabi/lib\libsysbase.a(syscall_support.o)
 .text.__libc_lock_release
                0x00000000       0x18 o:/devkitpro/devkitarm/bin/../lib/gcc/arm-none-eabi/6.3.0/../../../../arm-none-eabi/lib\libsysbase.a(syscall_support.o)
 .text.__libc_lock_close
                0x00000000       0x18 o:/devkitpro/devkitarm/bin/../lib/gcc/arm-none-eabi/6.3.0/../../../../arm-none-eabi/lib\libsysbase.a(syscall_support.o)
 .text.__libc_lock_init_recursive
                0x00000000       0x18 o:/devkitpro/devkitarm/bin/../lib/gcc/arm-none-eabi/6.3.0/../../../../arm-none-eabi/lib\libsysbase.a(syscall_support.o)
 .text.__libc_lock_try_acquire_recursive
                0x00000000       0x20 o:/devkitpro/devkitarm/bin/../lib/gcc/arm-none-eabi/6.3.0/../../../../arm-none-eabi/lib\libsysbase.a(syscall_support.o)
 .text.__libc_lock_close_recursive
                0x00000000       0x18 o:/devkitpro/devkitarm/bin/../lib/gcc/arm-none-eabi/6.3.0/../../../../arm-none-eabi/lib\libsysbase.a(syscall_support.o)
 .text          0x00000000        0x0 o:/devkitpro/devkitarm/bin/../lib/gcc/arm-none-eabi/6.3.0/../../../../arm-none-eabi/lib\libsysbase.a(getreent.o)
 .data          0x00000000        0x0 o:/devkitpro/devkitarm/bin/../lib/gcc/arm-none-eabi/6.3.0/../../../../arm-none-eabi/lib\libsysbase.a(getreent.o)
 .bss           0x00000000        0x0 o:/devkitpro/devkitarm/bin/../lib/gcc/arm-none-eabi/6.3.0/../../../../arm-none-eabi/lib\libsysbase.a(getreent.o)
 .text          0x00000000        0x0 o:/devkitpro/devkitarm/bin/../lib/gcc/arm-none-eabi/6.3.0/../../../../arm-none-eabi/lib\libg.a(lib_a-impure.o)
 .data          0x00000000        0x0 o:/devkitpro/devkitarm/bin/../lib/gcc/arm-none-eabi/6.3.0/../../../../arm-none-eabi/lib\libg.a(lib_a-impure.o)
 .bss           0x00000000        0x0 o:/devkitpro/devkitarm/bin/../lib/gcc/arm-none-eabi/6.3.0/../../../../arm-none-eabi/lib\libg.a(lib_a-impure.o)
 .rodata._global_impure_ptr
                0x00000000        0x4 o:/devkitpro/devkitarm/bin/../lib/gcc/arm-none-eabi/6.3.0/../../../../arm-none-eabi/lib\libg.a(lib_a-impure.o)
 .text          0x00000000        0x0 o:/devkitpro/devkitarm/bin/../lib/gcc/arm-none-eabi/6.3.0/crtend.o
 .data          0x00000000        0x0 o:/devkitpro/devkitarm/bin/../lib/gcc/arm-none-eabi/6.3.0/crtend.o
 .bss           0x00000000        0x0 o:/devkitpro/devkitarm/bin/../lib/gcc/arm-none-eabi/6.3.0/crtend.o
 .text          0x00000000        0x0 o:/devkitpro/devkitarm/bin/../lib/gcc/arm-none-eabi/6.3.0/crtn.o
 .data          0x00000000        0x0 o:/devkitpro/devkitarm/bin/../lib/gcc/arm-none-eabi/6.3.0/crtn.o
 .bss           0x00000000        0x0 o:/devkitpro/devkitarm/bin/../lib/gcc/arm-none-eabi/6.3.0/crtn.o

Memory Configuration

Name             Origin             Length             Attributes
ewram            0x02000000         0x00380000
dtcm             0x0b000000         0x00004000
vectors          0x01000000         0x00000100
itcm             0x01000100         0x00007f00
*default*        0x00000000         0xffffffff

Linker script and memory map

                0x02380000                __ewram_end = (ORIGIN (ewram) + LENGTH (ewram))
                0x02380000                __eheap_end = (ORIGIN (ewram) + LENGTH (ewram))
                0x0b004000                __dtcm_top = (ORIGIN (dtcm) + LENGTH (dtcm))
                0x0b003ff8                __irq_flags = (__dtcm_top - 0x8)
                0x0b003ffc                __irq_vector = (__dtcm_top - 0x4)
                0x0b003f00                __sp_svc = (__dtcm_top - 0x100)
                0x0b003e00                __sp_irq = (__sp_svc - 0x100)
                0x0b003d00                __sp_usr = (__sp_irq - 0x100)

.secure         0x02000000      0x800
 *(.secure)
 .secure        0x02000000      0x800 O:/devkitPro/libnds/lib\libnds9.a(securearea.o)
                0x02000000                __secure_area__

.crt0           0x02000800      0x300
                0x02000800                __text_start = .
 *(.crt0)
 .crt0          0x02000800      0x300 o:/devkitpro/devkitarm/bin/../lib/gcc/arm-none-eabi/6.3.0/../../../../arm-none-eabi/lib/ds_arm9_crt0.o
                0x02000800                _start
                0x02000b00                . = ALIGN (0x4)

.plt
 *(.plt)

.init           0x02000b00       0x18
 *(SORT(.init))
 .init          0x02000b00        0xc o:/devkitpro/devkitarm/bin/../lib/gcc/arm-none-eabi/6.3.0/crti.o
                0x02000b00                _init
 .init          0x02000b0c        0xc o:/devkitpro/devkitarm/bin/../lib/gcc/arm-none-eabi/6.3.0/crtn.o

.text           0x02000b18     0x2a40
 *(EXCLUDE_FILE(*.twl* *.vectors* *.itcm*) .text)
 .text          0x02000b18      0x224 main.o
                0x02000b18                ScreenSetUp
                0x02000b40                initOAM
                0x02000b74                updateOAM
                0x02000b94                MoveSprite
                0x02000bbc                TouchTheScreenText
                0x02000c44                SpriteAdd
                0x02000c80                BackgroundGeneration
 *(EXCLUDE_FILE(*.twl* *.vectors* *.itcm*) .stub)
 *(EXCLUDE_FILE(*.twl* *.vectors* *.itcm*) .text.*)
 .text.deregister_tm_clones
                0x02000d3c       0x30 o:/devkitpro/devkitarm/bin/../lib/gcc/arm-none-eabi/6.3.0/crtbegin.o
 .text.register_tm_clones
                0x02000d6c       0x38 o:/devkitpro/devkitarm/bin/../lib/gcc/arm-none-eabi/6.3.0/crtbegin.o
 .text.__do_global_dtors_aux
                0x02000da4       0x44 o:/devkitpro/devkitarm/bin/../lib/gcc/arm-none-eabi/6.3.0/crtbegin.o
 .text.frame_dummy
                0x02000de8       0x5c o:/devkitpro/devkitarm/bin/../lib/gcc/arm-none-eabi/6.3.0/crtbegin.o
 .text.startup  0x02000e44      0x168 main.o
                0x02000e44                main
 .text.vramSetMainBanks
                0x02000fac       0x44 O:/devkitPro/libnds/lib\libnds9.a(video.o)
                0x02000fac                vramSetMainBanks
 .text.vramSetPrimaryBanks
                0x02000ff0        0x8 O:/devkitPro/libnds/lib\libnds9.a(video.o)
                0x02000ff0                vramSetPrimaryBanks
 .text.vramDefault
                0x02000ff8       0xd0 O:/devkitPro/libnds/lib\libnds9.a(video.o)
                0x02000ff8                vramDefault
 .text.loadPCX  0x020010c8      0x1b0 O:/devkitPro/libnds/lib\libnds9.a(pcx.o)
                0x020010c8                loadPCX
 .text.imageTileData
                0x02001278       0xc4 O:/devkitPro/libnds/lib\libnds9.a(image.o)
                0x02001278                imageTileData
 .text.scanKeys
                0x0200133c       0x90 O:/devkitPro/libnds/lib\libnds9.a(keys.o)
                0x0200133c                scanKeys
 .text.keysHeld
                0x020013cc        0xc O:/devkitPro/libnds/lib\libnds9.a(keys.o)
                0x020013cc                keysHeld
 .text.initSystem
                0x020013d8      0x194 O:/devkitPro/libnds/lib\libnds9.a(initSystem.o)
                0x020013d8                initSystem
 .text.__libnds_gtod
                0x0200156c       0x24 O:/devkitPro/libnds/lib\libnds9.a(timeSupport.o)
                0x0200156c                __libnds_gtod
 .text.irqDummy
                0x02001590        0x4 O:/devkitPro/libnds/lib\libnds9.a(interrupts.o)
                0x02001590                irqDummy
 .text.irqSet   0x02001594       0x6c O:/devkitPro/libnds/lib\libnds9.a(interrupts.o)
                0x02001594                irqSet
 .text.irqInit  0x02001600       0x50 O:/devkitPro/libnds/lib\libnds9.a(interrupts.o)
                0x02001600                irqInit
 .text.irqEnable
                0x02001650       0x64 O:/devkitPro/libnds/lib\libnds9.a(interrupts.o)
                0x02001650                irqEnable
 .text.irqDisable
                0x020016b4       0x64 O:/devkitPro/libnds/lib\libnds9.a(interrupts.o)
                0x020016b4                irqDisable
 .text.systemErrorExit
                0x02001718        0x4 O:/devkitPro/libnds/lib\libnds9.a(libnds_exit.arm.o)
                0x02001718                systemErrorExit
 *fill*         0x0200171c        0x4 ff
 .text.__libnds_exit
                0x02001720       0x5c O:/devkitPro/libnds/lib\libnds9.a(libnds_exit.arm.o)
                0x02001720                __libnds_exit
 .text.__timeoutvbl
                0x0200177c       0x10 O:/devkitPro/libnds/lib\libnds9.a(fifosystem.o)
 .text.fifo_allocBlock.part.0
                0x0200178c       0x34 O:/devkitPro/libnds/lib\libnds9.a(fifosystem.o)
 .text.fifo_waitBlock
                0x020017c0       0x48 O:/devkitPro/libnds/lib\libnds9.a(fifosystem.o)
 .text.fifoInternalSendInterrupt
                0x02001808       0x9c O:/devkitPro/libnds/lib\libnds9.a(fifosystem.o)
 .text.fifoInternalSend.part.2
                0x020018a4       0xd8 O:/devkitPro/libnds/lib\libnds9.a(fifosystem.o)
 .text.fifoGetValue32.part.3
                0x0200197c       0x74 O:/devkitPro/libnds/lib\libnds9.a(fifosystem.o)
 .text.fifoSetValue32Handler
                0x020019f0       0x74 O:/devkitPro/libnds/lib\libnds9.a(fifosystem.o)
                0x020019f0                fifoSetValue32Handler
 .text.fifoSendValue32
                0x02001a64       0x50 O:/devkitPro/libnds/lib\libnds9.a(fifosystem.o)
                0x02001a64                fifoSendValue32
 .text.fifoGetDatamsg
                0x02001ab4      0x148 O:/devkitPro/libnds/lib\libnds9.a(fifosystem.o)
                0x02001ab4                fifoGetDatamsg
 .text.fifoInternalRecvInterrupt
                0x02001bfc      0x460 O:/devkitPro/libnds/lib\libnds9.a(fifosystem.o)
 .text.fifoSetDatamsgHandler
                0x0200205c       0x9c O:/devkitPro/libnds/lib\libnds9.a(fifosystem.o)
                0x0200205c                fifoSetDatamsgHandler
 .text.fifoInit
                0x020020f8      0x1cc O:/devkitPro/libnds/lib\libnds9.a(fifosystem.o)
                0x020020f8                fifoInit
 .text.__libnds_mpu_setup
                0x020022c4      0x174 O:/devkitPro/libnds/lib\libnds9.a(mpu_setup.o)
                0x020022c4                __libnds_mpu_setup
 .text.memUncached
                0x02002438       0x20 O:/devkitPro/libnds/lib\libnds9.a(mpu_setup.o)
                0x02002438                memUncached
 .text.swiWaitForVBlank
                0x02002458        0x8 O:/devkitPro/libnds/lib\libnds9.a(IntrWait.o)
                0x02002458                swiWaitForVBlank
 .text.swiIntrWait
                0x02002460       0x64 O:/devkitPro/libnds/lib\libnds9.a(IntrWait.o)
                0x02002460                swiIntrWait
 .text.setCpuClock
                0x020024c4       0x50 O:/devkitPro/libnds/lib\libnds9.a(cpu_clock.o)
                0x020024c4                setCpuClock
 .text.swiSoftReset
                0x02002514       0x2c O:/devkitPro/libnds/lib\libnds9.a(swiSoftReset.o)
                0x02002514                swiSoftReset
 .text.systemValueHandler
                0x02002540       0x48 O:/devkitPro/libnds/lib\libnds9.a(system.o)
                0x02002540                systemValueHandler
 .text.systemMsgHandler
                0x02002588       0x5c O:/devkitPro/libnds/lib\libnds9.a(system.o)
                0x02002588                systemMsgHandler
 .text.powerOn  0x020025e4       0x2c O:/devkitPro/libnds/lib\libnds9.a(system.o)
                0x020025e4                powerOn
 .text.swiDelay
                0x02002610        0x4 O:/devkitPro/libnds/lib\libnds9.a(biosCalls.o)
                0x02002610                swiDelay
 .text.__libc_init_array
                0x02002614       0x80 o:/devkitpro/devkitarm/bin/../lib/gcc/arm-none-eabi/6.3.0/../../../../arm-none-eabi/lib\libg.a(lib_a-init.o)
                0x02002614                __libc_init_array
 .text.malloc   0x02002694       0x1c o:/devkitpro/devkitarm/bin/../lib/gcc/arm-none-eabi/6.3.0/../../../../arm-none-eabi/lib\libg.a(lib_a-malloc.o)
                0x02002694                malloc
 .text.free     0x020026b0       0x1c o:/devkitpro/devkitarm/bin/../lib/gcc/arm-none-eabi/6.3.0/../../../../arm-none-eabi/lib\libg.a(lib_a-malloc.o)
                0x020026b0                free
 .text._malloc_r
                0x020026cc      0x78c o:/devkitpro/devkitarm/bin/../lib/gcc/arm-none-eabi/6.3.0/../../../../arm-none-eabi/lib\libg.a(lib_a-mallocr.o)
                0x020026cc                _malloc_r
 .text.memcpy   0x02002e58      0x114 o:/devkitpro/devkitarm/bin/../lib/gcc/arm-none-eabi/6.3.0/../../../../arm-none-eabi/lib\libg.a(lib_a-memcpy-stub.o)
                0x02002e58                memcpy
 .text.__malloc_lock
                0x02002f6c       0x18 o:/devkitpro/devkitarm/bin/../lib/gcc/arm-none-eabi/6.3.0/../../../../arm-none-eabi/lib\libg.a(lib_a-mlock.o)
                0x02002f6c                __malloc_lock
 .text.__malloc_unlock
                0x02002f84       0x18 o:/devkitpro/devkitarm/bin/../lib/gcc/arm-none-eabi/6.3.0/../../../../arm-none-eabi/lib\libg.a(lib_a-mlock.o)
                0x02002f84                __malloc_unlock
 .text._malloc_trim_r
                0x02002f9c      0x100 o:/devkitpro/devkitarm/bin/../lib/gcc/arm-none-eabi/6.3.0/../../../../arm-none-eabi/lib\libg.a(lib_a-freer.o)
                0x02002f9c                _malloc_trim_r
 .text._free_r  0x0200309c      0x2e0 o:/devkitpro/devkitarm/bin/../lib/gcc/arm-none-eabi/6.3.0/../../../../arm-none-eabi/lib\libg.a(lib_a-freer.o)
                0x0200309c                _free_r
 .text._sbrk_r  0x0200337c       0x70 o:/devkitpro/devkitarm/bin/../lib/gcc/arm-none-eabi/6.3.0/../../../../arm-none-eabi/lib\libsysbase.a(sbrk.o)
                0x0200337c                _sbrk_r
 .text.build_argv
                0x020033ec       0x7c o:/devkitpro/devkitarm/bin/../lib/gcc/arm-none-eabi/6.3.0/../../../../arm-none-eabi/lib\libsysbase.a(build_argv.o)
                0x020033ec                build_argv
 .text.__libc_lock_acquire_recursive
                0x02003468       0x18 o:/devkitpro/devkitarm/bin/../lib/gcc/arm-none-eabi/6.3.0/../../../../arm-none-eabi/lib\libsysbase.a(syscall_support.o)
                0x02003468                __libc_lock_acquire_recursive
 .text.__libc_lock_release_recursive
                0x02003480       0x18 o:/devkitpro/devkitarm/bin/../lib/gcc/arm-none-eabi/6.3.0/../../../../arm-none-eabi/lib\libsysbase.a(syscall_support.o)
                0x02003480                __libc_lock_release_recursive
 .text.__getreent
                0x02003498       0x24 o:/devkitpro/devkitarm/bin/../lib/gcc/arm-none-eabi/6.3.0/../../../../arm-none-eabi/lib\libsysbase.a(getreent.o)
                0x02003498                __getreent
 *fill*         0x020034bc        0x4 ff
 .text.__getreent.__stub
                0x020034c0       0x80 linker stubs
 *(EXCLUDE_FILE(*.twl*) .gnu.warning)
 *(EXCLUDE_FILE(*.twl*) .gnu.linkonce.t*)
 *(.glue_7)
 .glue_7        0x02003558        0x0 linker stubs
 *(.glue_7t)
 .glue_7t       0x02003558        0x0 linker stubs
                0x02003558                . = ALIGN (0x4)

.vfp11_veneer   0x02003558        0x0
 .vfp11_veneer  0x02003558        0x0 linker stubs

.v4_bx          0x02003558        0x0
 .v4_bx         0x02003558        0x0 linker stubs

.iplt           0x02003558        0x0
 .iplt          0x02003558        0x0 o:/devkitpro/devkitarm/bin/../lib/gcc/arm-none-eabi/6.3.0/../../../../arm-none-eabi/lib/ds_arm9_crt0.o

.fini           0x02003558       0x18
 *(.fini)
 .fini          0x02003558        0xc o:/devkitpro/devkitarm/bin/../lib/gcc/arm-none-eabi/6.3.0/crti.o
                0x02003558                _fini
 .fini          0x02003564        0xc o:/devkitpro/devkitarm/bin/../lib/gcc/arm-none-eabi/6.3.0/crtn.o
                0x02003570                __text_end = .

.rodata         0x02003570      0x204
 *(EXCLUDE_FILE(*.twl*) .rodata)
 .rodata        0x02003570      0x1ec Test32by32.pcx.o
                0x02003570                Test32by32_pcx
                0x02003758                Test32by32_pcx_end
                0x02003758                Test32by32_pcx_size
 .rodata        0x0200375c       0x18 main.o
 *all.rodata*(*)
 *(EXCLUDE_FILE(*.twl*) .roda)
 *(EXCLUDE_FILE(*.twl*) .rodata.*)
 *(EXCLUDE_FILE(*.twl*) .gnu.linkonce.r*)
                0x02003774                . = ALIGN (0x4)

.ARM.extab
 *(.ARM.extab* .gnu.linkonce.armextab.*)
                0x02003774                __exidx_start = .

ARM.exidx
 *(.ARM.exidx* .gnu.linkonce.armexidx.*)
                0x02003774                __exidx_end = .
                0x02003774                . = ALIGN (0x4)
                0x02003774                PROVIDE (__preinit_array_start, .)

.preinit_array
 *(.preinit_array)
                0x02003774                PROVIDE (__preinit_array_end, .)
                0x02003774                PROVIDE (__init_array_start, .)

.init_array     0x02003774        0x4
 *(SORT(.init_array.*))
 *(.init_array)
 .init_array    0x02003774        0x4 o:/devkitpro/devkitarm/bin/../lib/gcc/arm-none-eabi/6.3.0/crtbegin.o
                0x02003778                PROVIDE (__init_array_end, .)
                [!provide]                PROVIDE (__fini_array_start, .)

.fini_array     0x02003778        0x4
 *(.fini_array)
 .fini_array    0x02003778        0x4 o:/devkitpro/devkitarm/bin/../lib/gcc/arm-none-eabi/6.3.0/crtbegin.o
 *(SORT(.fini_array.*))
                [!provide]                PROVIDE (__fini_array_end, .)

.ctors          0x0200377c        0x0
 *crtbegin.o(.ctors)
 *(EXCLUDE_FILE(*crtend.o) .ctors)
 *(SORT(.ctors.*))
 *(.ctors)
                0x0200377c                . = ALIGN (0x4)

.dtors          0x0200377c        0x0
 *crtbegin.o(.dtors)
 *(EXCLUDE_FILE(*crtend.o) .dtors)
 *(SORT(.dtors.*))
 *(.dtors)
                0x0200377c                . = ALIGN (0x4)

.eh_frame       0x0200377c        0x4
 *(.eh_frame)
 .eh_frame      0x0200377c        0x0 o:/devkitpro/devkitarm/bin/../lib/gcc/arm-none-eabi/6.3.0/crtbegin.o
 .eh_frame      0x0200377c        0x4 o:/devkitpro/devkitarm/bin/../lib/gcc/arm-none-eabi/6.3.0/crtend.o
                0x02003780                . = ALIGN (0x4)

.rel.dyn        0x02003780        0x0
 .rel.iplt      0x02003780        0x0 o:/devkitpro/devkitarm/bin/../lib/gcc/arm-none-eabi/6.3.0/../../../../arm-none-eabi/lib/ds_arm9_crt0.o

.gcc_except_table
                0x02003780        0x0
 *(.gcc_except_table)
                0x02003780                . = ALIGN (0x4)

.jcr            0x02003780        0x4
 *(.jcr)
 .jcr           0x02003780        0x0 o:/devkitpro/devkitarm/bin/../lib/gcc/arm-none-eabi/6.3.0/crtbegin.o
 .jcr           0x02003780        0x4 o:/devkitpro/devkitarm/bin/../lib/gcc/arm-none-eabi/6.3.0/crtend.o

.got
 *(.got.plt)
 *(.got)
 *(.rel.got)

.ewram          0x02003784        0x0
                0x02003784                __ewram_start = ABSOLUTE (.)
 *(.ewram)
 *ewram.*(.text)
                0x02003784                . = ALIGN (0x4)

.data           0x02003784      0x8c4
                0x02003784                __data_start = ABSOLUTE (.)
 *(EXCLUDE_FILE(*.twl*) .data)
 .data          0x02003784        0x8 main.o
                0x02003784                map0
                0x02003788                map1
 .data          0x0200378c       0x28 O:/devkitPro/libnds/lib\libnds9.a(mpu_setup.o)
 *(EXCLUDE_FILE(*.twl*) .data.*)
 .data.count    0x020037b4        0x1 O:/devkitPro/libnds/lib\libnds9.a(keys.o)
 .data.delay    0x020037b5        0x1 O:/devkitPro/libnds/lib\libnds9.a(keys.o)
 .data.repeat   0x020037b6        0x1 O:/devkitPro/libnds/lib\libnds9.a(keys.o)
 *fill*         0x020037b7        0x1 ff
 .data.fifo_buffer_free
                0x020037b8        0x4 O:/devkitPro/libnds/lib\libnds9.a(fifosystem.o)
                0x020037b8                fifo_buffer_free
 .data.fifo_freewords
                0x020037bc        0x4 O:/devkitPro/libnds/lib\libnds9.a(fifosystem.o)
                0x020037bc                fifo_freewords
 .data.fifo_receive_queue
                0x020037c0        0x4 O:/devkitPro/libnds/lib\libnds9.a(fifosystem.o)
                0x020037c0                fifo_receive_queue
 .data.fifo_send_queue
                0x020037c4        0x4 O:/devkitPro/libnds/lib\libnds9.a(fifosystem.o)
                0x020037c4                fifo_send_queue
 .data.__malloc_av_
                0x020037c8      0x408 o:/devkitpro/devkitarm/bin/../lib/gcc/arm-none-eabi/6.3.0/../../../../arm-none-eabi/lib\libg.a(lib_a-mallocr.o)
                0x020037c8                __malloc_av_
 .data.__malloc_sbrk_base
                0x02003bd0        0x4 o:/devkitpro/devkitarm/bin/../lib/gcc/arm-none-eabi/6.3.0/../../../../arm-none-eabi/lib\libg.a(lib_a-mallocr.o)
                0x02003bd0                __malloc_sbrk_base
 .data.__malloc_trim_threshold
                0x02003bd4        0x4 o:/devkitpro/devkitarm/bin/../lib/gcc/arm-none-eabi/6.3.0/../../../../arm-none-eabi/lib\libg.a(lib_a-mallocr.o)
                0x02003bd4                __malloc_trim_threshold
 .data.__malloc_lock_object
                0x02003bd8        0xc o:/devkitpro/devkitarm/bin/../lib/gcc/arm-none-eabi/6.3.0/../../../../arm-none-eabi/lib\libg.a(lib_a-mlock.o)
 .data._impure_ptr
                0x02003be4        0x4 o:/devkitpro/devkitarm/bin/../lib/gcc/arm-none-eabi/6.3.0/../../../../arm-none-eabi/lib\libg.a(lib_a-impure.o)
                0x02003be4                _impure_ptr
 *fill*         0x02003be8        0x0 ff
 .data.impure_data
                0x02003be8      0x460 o:/devkitpro/devkitarm/bin/../lib/gcc/arm-none-eabi/6.3.0/../../../../arm-none-eabi/lib\libg.a(lib_a-impure.o)
 *(EXCLUDE_FILE(*.twl*) .gnu.linkonce.d*)
                0x02004048                . = ALIGN (0x4)
                0x02004048                __data_end = ABSOLUTE (.)
                0x02004048                __bss_vma = .

.igot.plt       0x02004048        0x0
 .igot.plt      0x02004048        0x0 o:/devkitpro/devkitarm/bin/../lib/gcc/arm-none-eabi/6.3.0/../../../../arm-none-eabi/lib/ds_arm9_crt0.o

.tm_clone_table
                0x02004048        0x0
 .tm_clone_table
                0x02004048        0x0 o:/devkitpro/devkitarm/bin/../lib/gcc/arm-none-eabi/6.3.0/crtbegin.o
 .tm_clone_table
                0x02004048        0x0 o:/devkitpro/devkitarm/bin/../lib/gcc/arm-none-eabi/6.3.0/crtend.o

.dtcm           0x0b000000        0x0 load address 0x02004048
                0x02004048                __dtcm_lma = LOADADDR (.dtcm)
                0x0b000000                __dtcm_start = ABSOLUTE (.)
 *(.dtcm)
 *(.dtcm.*)
                0x0b000000                . = ALIGN (0x4)
                0x0b000000                __dtcm_end = ABSOLUTE (.)

.itcm           0x01000100      0x194 load address 0x02004048
                0x02004048                __itcm_lma = LOADADDR (.itcm)
                0x01000100                __itcm_start = ABSOLUTE (.)
 *(.itcm)
 .itcm          0x01000100       0xc8 O:/devkitPro/libnds/lib\libnds9.a(interrupts.o)
                0x01000100                irqTable
 .itcm          0x010001c8       0xcc O:/devkitPro/libnds/lib\libnds9.a(interruptDispatcher.o)
                0x010001c8                IntrMain
 *.itcm*(.text .stub .text.*)
                0x01000294                . = ALIGN (0x4)
                0x01000294                __itcm_end = ABSOLUTE (.)

.vectors        0x01000000        0x0 load address 0x020041dc
                0x020041dc                __vectors_lma = LOADADDR (.vectors)
                0x01000000                __vectors_start = ABSOLUTE (.)
 *(.vectors)
 *.vectors*(.text .stub .text.*)
                0x01000000                . = ALIGN (0x4)
                0x01000000                __vectors_end = ABSOLUTE (.)

.sbss           0x0b000000        0x0
                0x0b000000                __sbss_start = ABSOLUTE (.)
                0x0b000000                __sbss_start__ = ABSOLUTE (.)
 *(.sbss)
                0x0b000000                . = ALIGN (0x4)
                0x0b000000                __sbss_end = ABSOLUTE (.)

.bss            0x02004048      0xf00
                0x02004048                __bss_start = ABSOLUTE (.)
                0x02004048                __bss_start__ = ABSOLUTE (.)
 *(EXCLUDE_FILE(*.twl*) .dynbss)
 *(EXCLUDE_FILE(*.twl*) .gnu.linkonce.b*)
 *(EXCLUDE_FILE(*.twl*) .bss*)
 .bss.completed.6497
                0x02004048        0x1 o:/devkitpro/devkitarm/bin/../lib/gcc/arm-none-eabi/6.3.0/crtbegin.o
 *fill*         0x02004049        0x3 
 .bss.object.6502
                0x0200404c       0x18 o:/devkitpro/devkitarm/bin/../lib/gcc/arm-none-eabi/6.3.0/crtbegin.o
 .bss           0x02004064       0x10 main.o
                0x02004064                i
                0x02004068                iy
                0x0200406c                ix
                0x02004070                delta
 .bss.keys      0x02004074        0x2 O:/devkitPro/libnds/lib\libnds9.a(keys.o)
 .bss.keysold   0x02004076        0x2 O:/devkitPro/libnds/lib\libnds9.a(keys.o)
 .bss.keysrepeat
                0x02004078        0x2 O:/devkitPro/libnds/lib\libnds9.a(keys.o)
 *fill*         0x0200407a        0x2 
 .bss.__timeout
                0x0200407c        0x4 O:/devkitPro/libnds/lib\libnds9.a(fifosystem.o)
 .bss.processing
                0x02004080        0x4 O:/devkitPro/libnds/lib\libnds9.a(fifosystem.o)
                0x02004080                processing
 .bss.SDcallback
                0x02004084        0x4 O:/devkitPro/libnds/lib\libnds9.a(system.o)
 .bss.__malloc_current_mallinfo
                0x02004088       0x28 o:/devkitpro/devkitarm/bin/../lib/gcc/arm-none-eabi/6.3.0/../../../../arm-none-eabi/lib\libg.a(lib_a-mallocr.o)
                0x02004088                __malloc_current_mallinfo
 .bss.__malloc_max_sbrked_mem
                0x020040b0        0x4 o:/devkitpro/devkitarm/bin/../lib/gcc/arm-none-eabi/6.3.0/../../../../arm-none-eabi/lib\libg.a(lib_a-mallocr.o)
                0x020040b0                __malloc_max_sbrked_mem
 .bss.__malloc_max_total_mem
                0x020040b4        0x4 o:/devkitpro/devkitarm/bin/../lib/gcc/arm-none-eabi/6.3.0/../../../../arm-none-eabi/lib\libg.a(lib_a-mallocr.o)
                0x020040b4                __malloc_max_total_mem
 .bss.__malloc_top_pad
                0x020040b8        0x4 o:/devkitpro/devkitarm/bin/../lib/gcc/arm-none-eabi/6.3.0/../../../../arm-none-eabi/lib\libg.a(lib_a-mallocr.o)
                0x020040b8                __malloc_top_pad
 .bss.heap_start.5804
                0x020040bc        0x4 o:/devkitpro/devkitarm/bin/../lib/gcc/arm-none-eabi/6.3.0/../../../../arm-none-eabi/lib\libsysbase.a(sbrk.o)
 .bss.fake_heap_end
                0x020040c0        0x4 o:/devkitpro/devkitarm/bin/../lib/gcc/arm-none-eabi/6.3.0/../../../../arm-none-eabi/lib\libsysbase.a(malloc_vars.o)
                0x020040c0                fake_heap_end
 .bss.fake_heap_start
                0x020040c4        0x4 o:/devkitpro/devkitarm/bin/../lib/gcc/arm-none-eabi/6.3.0/../../../../arm-none-eabi/lib\libsysbase.a(malloc_vars.o)
                0x020040c4                fake_heap_start
 .bss.__syscalls
                0x020040c8       0x38 o:/devkitpro/devkitarm/bin/../lib/gcc/arm-none-eabi/6.3.0/../../../../arm-none-eabi/lib\libsysbase.a(syscall_support.o)
                0x020040c8                __syscalls
 *(EXCLUDE_FILE(*.twl*) COMMON)
 COMMON         0x02004100      0x400 main.o
                0x02004100                OAMCopySub
 COMMON         0x02004500        0x1 O:/devkitPro/libnds/lib\libnds9.a(initSystem.o)
                0x02004500                __dsimode
 *fill*         0x02004501        0x3 
 COMMON         0x02004504        0x4 O:/devkitPro/libnds/lib\libnds9.a(timeSupport.o)
                0x02004504                punixTime
 COMMON         0x02004508      0xa40 O:/devkitPro/libnds/lib\libnds9.a(fifosystem.o)
                0x02004508                fifo_datamsg_data
                0x02004548                fifo_buffer
                0x02004d48                fifo_value32_func
                0x02004d88                fifo_address_func
                0x02004dc8                fifo_value32_data
                0x02004e08                fifo_value32_queue
                0x02004e48                fifo_data_queue
                0x02004e88                fifo_address_data
                0x02004ec8                fifo_datamsg_func
                0x02004f08                fifo_address_queue
                0x02004f48                . = ALIGN (0x4)
                0x02004f48                __bss_end__ = ABSOLUTE (.)
                0x02004f48                __end__ = ABSOLUTE (.)

.twl            0x02004f48        0x0 load address 0x02400000
                0x02400000                __arm9i_lma__ = LOADADDR (.twl)
                0x02004f48                __arm9i_start__ = ABSOLUTE (.)
 *(.twl)
 *.twl*(.text .stub .text.* .gnu.linkonce.t.*)
 *.twl*(.rodata)
 *.twl*(.roda)
 *.twl*(.rodata.*)
 *.twl*(.data)
 *.twl*(.data.*)
 *.twl*(.gnu.linkonce.d*)
                0x02004f48                __arm9i_end__ = ABSOLUTE (.)

.twl_bss        0x02004f48        0x0
                0x02004f48                __twl_bss_start__ = ABSOLUTE (.)
 *(.twl_bss)
 *.twl*(.dynbss)
 *.twl*(.gnu.linkonce.b*)
 *.twl*(.bss*)
 *.twl*(COMMON)
                0x02004f48                . = ALIGN (0x4)
                0x02004f48                __twl_bss_end__ = ABSOLUTE (.)
                0x02004f48                __twl_end__ = ABSOLUTE (.)

.stab
 *(.stab)

.stabstr
 *(.stabstr)

.stab.excl
 *(.stab.excl)

.stab.exclstr
 *(.stab.exclstr)

.stab.index
 *(.stab.index)

.stab.indexstr
 *(.stab.indexstr)

.comment        0x00000000       0x22
 *(.comment)
 .comment       0x00000000       0x22 o:/devkitpro/devkitarm/bin/../lib/gcc/arm-none-eabi/6.3.0/crtbegin.o
                                 0x23 (size before relaxing)
 .comment       0x00000022       0x23 main.o
 .comment       0x00000022       0x23 O:/devkitPro/libnds/lib\libnds9.a(video.o)
 .comment       0x00000022       0x23 O:/devkitPro/libnds/lib\libnds9.a(pcx.o)
 .comment       0x00000022       0x23 O:/devkitPro/libnds/lib\libnds9.a(image.o)
 .comment       0x00000022       0x23 O:/devkitPro/libnds/lib\libnds9.a(keys.o)
 .comment       0x00000022       0x23 O:/devkitPro/libnds/lib\libnds9.a(initSystem.o)
 .comment       0x00000022       0x23 O:/devkitPro/libnds/lib\libnds9.a(timeSupport.o)
 .comment       0x00000022       0x23 O:/devkitPro/libnds/lib\libnds9.a(securearea.o)
 .comment       0x00000022       0x23 O:/devkitPro/libnds/lib\libnds9.a(interrupts.o)
 .comment       0x00000022       0x23 O:/devkitPro/libnds/lib\libnds9.a(libnds_exit.arm.o)
 .comment       0x00000022       0x23 O:/devkitPro/libnds/lib\libnds9.a(fifosystem.o)
 .comment       0x00000022       0x23 O:/devkitPro/libnds/lib\libnds9.a(system.o)
 .comment       0x00000022       0x23 o:/devkitpro/devkitarm/bin/../lib/gcc/arm-none-eabi/6.3.0/../../../../arm-none-eabi/lib\libg.a(lib_a-init.o)
 .comment       0x00000022       0x23 o:/devkitpro/devkitarm/bin/../lib/gcc/arm-none-eabi/6.3.0/../../../../arm-none-eabi/lib\libg.a(lib_a-malloc.o)
 .comment       0x00000022       0x23 o:/devkitpro/devkitarm/bin/../lib/gcc/arm-none-eabi/6.3.0/../../../../arm-none-eabi/lib\libg.a(lib_a-mallocr.o)
 .comment       0x00000022       0x23 o:/devkitpro/devkitarm/bin/../lib/gcc/arm-none-eabi/6.3.0/../../../../arm-none-eabi/lib\libg.a(lib_a-memcpy-stub.o)
 .comment       0x00000022       0x23 o:/devkitpro/devkitarm/bin/../lib/gcc/arm-none-eabi/6.3.0/../../../../arm-none-eabi/lib\libg.a(lib_a-mlock.o)
 .comment       0x00000022       0x23 o:/devkitpro/devkitarm/bin/../lib/gcc/arm-none-eabi/6.3.0/../../../../arm-none-eabi/lib\libg.a(lib_a-freer.o)
 .comment       0x00000022       0x23 o:/devkitpro/devkitarm/bin/../lib/gcc/arm-none-eabi/6.3.0/../../../../arm-none-eabi/lib\libsysbase.a(sbrk.o)
 .comment       0x00000022       0x23 o:/devkitpro/devkitarm/bin/../lib/gcc/arm-none-eabi/6.3.0/../../../../arm-none-eabi/lib\libsysbase.a(malloc_vars.o)
 .comment       0x00000022       0x23 o:/devkitpro/devkitarm/bin/../lib/gcc/arm-none-eabi/6.3.0/../../../../arm-none-eabi/lib\libsysbase.a(build_argv.o)
 .comment       0x00000022       0x23 o:/devkitpro/devkitarm/bin/../lib/gcc/arm-none-eabi/6.3.0/../../../../arm-none-eabi/lib\libsysbase.a(syscall_support.o)
 .comment       0x00000022       0x23 o:/devkitpro/devkitarm/bin/../lib/gcc/arm-none-eabi/6.3.0/../../../../arm-none-eabi/lib\libsysbase.a(getreent.o)
 .comment       0x00000022       0x23 o:/devkitpro/devkitarm/bin/../lib/gcc/arm-none-eabi/6.3.0/../../../../arm-none-eabi/lib\libg.a(lib_a-impure.o)
 .comment       0x00000022       0x23 o:/devkitpro/devkitarm/bin/../lib/gcc/arm-none-eabi/6.3.0/crtend.o

.ARM.attributes
                0x00000000       0x2d
 .ARM.attributes
                0x00000000       0x21 o:/devkitpro/devkitarm/bin/../lib/gcc/arm-none-eabi/6.3.0/../../../../arm-none-eabi/lib/ds_arm9_crt0.o
 .ARM.attributes
                0x00000021       0x16 o:/devkitpro/devkitarm/bin/../lib/gcc/arm-none-eabi/6.3.0/crti.o
 .ARM.attributes
                0x00000037       0x30 o:/devkitpro/devkitarm/bin/../lib/gcc/arm-none-eabi/6.3.0/crtbegin.o
 .ARM.attributes
                0x00000067       0x14 Test32by32.pcx.o
 .ARM.attributes
                0x0000007b       0x27 main.o
 .ARM.attributes
                0x000000a2       0x2b O:/devkitPro/libnds/lib\libnds9.a(video.o)
 .ARM.attributes
                0x000000cd       0x2b O:/devkitPro/libnds/lib\libnds9.a(pcx.o)
 .ARM.attributes
                0x000000f8       0x2b O:/devkitPro/libnds/lib\libnds9.a(image.o)
 .ARM.attributes
                0x00000123       0x2b O:/devkitPro/libnds/lib\libnds9.a(keys.o)
 .ARM.attributes
                0x0000014e       0x2b O:/devkitPro/libnds/lib\libnds9.a(initSystem.o)
 .ARM.attributes
                0x00000179       0x2b O:/devkitPro/libnds/lib\libnds9.a(timeSupport.o)
 .ARM.attributes
                0x000001a4       0x2b O:/devkitPro/libnds/lib\libnds9.a(securearea.o)
 .ARM.attributes
                0x000001cf       0x2b O:/devkitPro/libnds/lib\libnds9.a(interrupts.o)
 .ARM.attributes
                0x000001fa       0x2b O:/devkitPro/libnds/lib\libnds9.a(libnds_exit.arm.o)
 .ARM.attributes
                0x00000225       0x2b O:/devkitPro/libnds/lib\libnds9.a(fifosystem.o)
 .ARM.attributes
                0x00000250       0x21 O:/devkitPro/libnds/lib\libnds9.a(mpu_setup.o)
 .ARM.attributes
                0x00000271       0x21 O:/devkitPro/libnds/lib\libnds9.a(IntrWait.o)
 .ARM.attributes
                0x00000292       0x21 O:/devkitPro/libnds/lib\libnds9.a(cpu_clock.o)
 .ARM.attributes
                0x000002b3       0x1b O:/devkitPro/libnds/lib\libnds9.a(interruptDispatcher.o)
 .ARM.attributes
                0x000002ce       0x21 O:/devkitPro/libnds/lib\libnds9.a(swiSoftReset.o)
 .ARM.attributes
                0x000002ef       0x2b O:/devkitPro/libnds/lib\libnds9.a(system.o)
 .ARM.attributes
                0x0000031a       0x1b O:/devkitPro/libnds/lib\libnds9.a(biosCalls.o)
 .ARM.attributes
                0x00000335       0x30 o:/devkitpro/devkitarm/bin/../lib/gcc/arm-none-eabi/6.3.0/../../../../arm-none-eabi/lib\libg.a(lib_a-init.o)
 .ARM.attributes
                0x00000365       0x30 o:/devkitpro/devkitarm/bin/../lib/gcc/arm-none-eabi/6.3.0/../../../../arm-none-eabi/lib\libg.a(lib_a-malloc.o)
 .ARM.attributes
                0x00000395       0x30 o:/devkitpro/devkitarm/bin/../lib/gcc/arm-none-eabi/6.3.0/../../../../arm-none-eabi/lib\libg.a(lib_a-mallocr.o)
 .ARM.attributes
                0x000003c5       0x30 o:/devkitpro/devkitarm/bin/../lib/gcc/arm-none-eabi/6.3.0/../../../../arm-none-eabi/lib\libg.a(lib_a-memcpy-stub.o)
 .ARM.attributes
                0x000003f5       0x30 o:/devkitpro/devkitarm/bin/../lib/gcc/arm-none-eabi/6.3.0/../../../../arm-none-eabi/lib\libg.a(lib_a-mlock.o)
 .ARM.attributes
                0x00000425       0x30 o:/devkitpro/devkitarm/bin/../lib/gcc/arm-none-eabi/6.3.0/../../../../arm-none-eabi/lib\libg.a(lib_a-freer.o)
 .ARM.attributes
                0x00000455       0x30 o:/devkitpro/devkitarm/bin/../lib/gcc/arm-none-eabi/6.3.0/../../../../arm-none-eabi/lib\libsysbase.a(sbrk.o)
 .ARM.attributes
                0x00000485       0x30 o:/devkitpro/devkitarm/bin/../lib/gcc/arm-none-eabi/6.3.0/../../../../arm-none-eabi/lib\libsysbase.a(malloc_vars.o)
 .ARM.attributes
                0x000004b5       0x30 o:/devkitpro/devkitarm/bin/../lib/gcc/arm-none-eabi/6.3.0/../../../../arm-none-eabi/lib\libsysbase.a(build_argv.o)
 .ARM.attributes
                0x000004e5       0x30 o:/devkitpro/devkitarm/bin/../lib/gcc/arm-none-eabi/6.3.0/../../../../arm-none-eabi/lib\libsysbase.a(syscall_support.o)
 .ARM.attributes
                0x00000515       0x30 o:/devkitpro/devkitarm/bin/../lib/gcc/arm-none-eabi/6.3.0/../../../../arm-none-eabi/lib\libsysbase.a(getreent.o)
 .ARM.attributes
                0x00000545       0x30 o:/devkitpro/devkitarm/bin/../lib/gcc/arm-none-eabi/6.3.0/../../../../arm-none-eabi/lib\libg.a(lib_a-impure.o)
 .ARM.attributes
                0x00000575       0x30 o:/devkitpro/devkitarm/bin/../lib/gcc/arm-none-eabi/6.3.0/crtend.o
 .ARM.attributes
                0x000005a5       0x18 o:/devkitpro/devkitarm/bin/../lib/gcc/arm-none-eabi/6.3.0/crtn.o

.debug
 *(.debug)

.line
 *(.line)

.debug_srcinfo
 *(.debug_srcinfo)

.debug_sfnames
 *(.debug_sfnames)

.debug_aranges  0x00000000      0x488
 *(.debug_aranges)
 .debug_aranges
                0x00000000       0x28 main.o
 .debug_aranges
                0x00000028       0x48 O:/devkitPro/libnds/lib\libnds9.a(video.o)
 .debug_aranges
                0x00000070       0x20 O:/devkitPro/libnds/lib\libnds9.a(pcx.o)
 .debug_aranges
                0x00000090       0x40 O:/devkitPro/libnds/lib\libnds9.a(image.o)
 .debug_aranges
                0x000000d0       0x50 O:/devkitPro/libnds/lib\libnds9.a(keys.o)
 .debug_aranges
                0x00000120       0x20 O:/devkitPro/libnds/lib\libnds9.a(initSystem.o)
 .debug_aranges
                0x00000140       0x20 O:/devkitPro/libnds/lib\libnds9.a(timeSupport.o)
 .debug_aranges
                0x00000160       0x18 O:/devkitPro/libnds/lib\libnds9.a(securearea.o)
 .debug_aranges
                0x00000178       0x50 O:/devkitPro/libnds/lib\libnds9.a(interrupts.o)
 .debug_aranges
                0x000001c8       0x28 O:/devkitPro/libnds/lib\libnds9.a(libnds_exit.arm.o)
 .debug_aranges
                0x000001f0       0xc0 O:/devkitPro/libnds/lib\libnds9.a(fifosystem.o)
 .debug_aranges
                0x000002b0       0x30 O:/devkitPro/libnds/lib\libnds9.a(mpu_setup.o)
 .debug_aranges
                0x000002e0       0x28 O:/devkitPro/libnds/lib\libnds9.a(IntrWait.o)
 .debug_aranges
                0x00000308       0x20 O:/devkitPro/libnds/lib\libnds9.a(cpu_clock.o)
 .debug_aranges
                0x00000328       0x20 O:/devkitPro/libnds/lib\libnds9.a(interruptDispatcher.o)
 .debug_aranges
                0x00000348       0x20 O:/devkitPro/libnds/lib\libnds9.a(swiSoftReset.o)
 .debug_aranges
                0x00000368       0x58 O:/devkitPro/libnds/lib\libnds9.a(system.o)
 .debug_aranges
                0x000003c0       0xc8 O:/devkitPro/libnds/lib\libnds9.a(biosCalls.o)

.debug_pubnames
 *(.debug_pubnames)

.debug_info     0x00000000     0xba79
 *(.debug_info)
 .debug_info    0x00000000     0x1d21 main.o
 .debug_info    0x00001d21      0x740 O:/devkitPro/libnds/lib\libnds9.a(video.o)
 .debug_info    0x00002461      0xcd3 O:/devkitPro/libnds/lib\libnds9.a(pcx.o)
 .debug_info    0x00003134      0xc7f O:/devkitPro/libnds/lib\libnds9.a(image.o)
 .debug_info    0x00003db3      0xd37 O:/devkitPro/libnds/lib\libnds9.a(keys.o)
 .debug_info    0x00004aea     0x1c22 O:/devkitPro/libnds/lib\libnds9.a(initSystem.o)
 .debug_info    0x0000670c      0xa12 O:/devkitPro/libnds/lib\libnds9.a(timeSupport.o)
 .debug_info    0x0000711e       0x54 O:/devkitPro/libnds/lib\libnds9.a(securearea.o)
 .debug_info    0x00007172      0x669 O:/devkitPro/libnds/lib\libnds9.a(interrupts.o)
 .debug_info    0x000077db      0xc56 O:/devkitPro/libnds/lib\libnds9.a(libnds_exit.arm.o)
 .debug_info    0x00008431     0x1f70 O:/devkitPro/libnds/lib\libnds9.a(fifosystem.o)
 .debug_info    0x0000a3a1       0xbe O:/devkitPro/libnds/lib\libnds9.a(mpu_setup.o)
 .debug_info    0x0000a45f       0xbd O:/devkitPro/libnds/lib\libnds9.a(IntrWait.o)
 .debug_info    0x0000a51c       0xc2 O:/devkitPro/libnds/lib\libnds9.a(cpu_clock.o)
 .debug_info    0x0000a5de       0xc7 O:/devkitPro/libnds/lib\libnds9.a(interruptDispatcher.o)
 .debug_info    0x0000a6a5       0xc0 O:/devkitPro/libnds/lib\libnds9.a(swiSoftReset.o)
 .debug_info    0x0000a765     0x125b O:/devkitPro/libnds/lib\libnds9.a(system.o)
 .debug_info    0x0000b9c0       0xb9 O:/devkitPro/libnds/lib\libnds9.a(biosCalls.o)

.debug_abbrev   0x00000000     0x2048
 *(.debug_abbrev)
 .debug_abbrev  0x00000000      0x449 main.o
 .debug_abbrev  0x00000449      0x1e4 O:/devkitPro/libnds/lib\libnds9.a(video.o)
 .debug_abbrev  0x0000062d      0x23d O:/devkitPro/libnds/lib\libnds9.a(pcx.o)
 .debug_abbrev  0x0000086a      0x23d O:/devkitPro/libnds/lib\libnds9.a(image.o)
 .debug_abbrev  0x00000aa7      0x282 O:/devkitPro/libnds/lib\libnds9.a(keys.o)
 .debug_abbrev  0x00000d29      0x356 O:/devkitPro/libnds/lib\libnds9.a(initSystem.o)
 .debug_abbrev  0x0000107f      0x1da O:/devkitPro/libnds/lib\libnds9.a(timeSupport.o)
 .debug_abbrev  0x00001259       0x43 O:/devkitPro/libnds/lib\libnds9.a(securearea.o)
 .debug_abbrev  0x0000129c      0x288 O:/devkitPro/libnds/lib\libnds9.a(interrupts.o)
 .debug_abbrev  0x00001524      0x287 O:/devkitPro/libnds/lib\libnds9.a(libnds_exit.arm.o)
 .debug_abbrev  0x000017ab      0x517 O:/devkitPro/libnds/lib\libnds9.a(fifosystem.o)
 .debug_abbrev  0x00001cc2       0x12 O:/devkitPro/libnds/lib\libnds9.a(mpu_setup.o)
 .debug_abbrev  0x00001cd4       0x12 O:/devkitPro/libnds/lib\libnds9.a(IntrWait.o)
 .debug_abbrev  0x00001ce6       0x14 O:/devkitPro/libnds/lib\libnds9.a(cpu_clock.o)
 .debug_abbrev  0x00001cfa       0x14 O:/devkitPro/libnds/lib\libnds9.a(interruptDispatcher.o)
 .debug_abbrev  0x00001d0e       0x14 O:/devkitPro/libnds/lib\libnds9.a(swiSoftReset.o)
 .debug_abbrev  0x00001d22      0x314 O:/devkitPro/libnds/lib\libnds9.a(system.o)
 .debug_abbrev  0x00002036       0x12 O:/devkitPro/libnds/lib\libnds9.a(biosCalls.o)

.debug_line     0x00000000     0x2db7
 *(.debug_line)
 .debug_line    0x00000000      0x43e main.o
 .debug_line    0x0000043e      0x29d O:/devkitPro/libnds/lib\libnds9.a(video.o)
 .debug_line    0x000006db      0x31d O:/devkitPro/libnds/lib\libnds9.a(pcx.o)
 .debug_line    0x000009f8      0x36e O:/devkitPro/libnds/lib\libnds9.a(image.o)
 .debug_line    0x00000d66      0x32f O:/devkitPro/libnds/lib\libnds9.a(keys.o)
 .debug_line    0x00001095      0x3b5 O:/devkitPro/libnds/lib\libnds9.a(initSystem.o)
 .debug_line    0x0000144a      0x1e3 O:/devkitPro/libnds/lib\libnds9.a(timeSupport.o)
 .debug_line    0x0000162d       0x7c O:/devkitPro/libnds/lib\libnds9.a(securearea.o)
 .debug_line    0x000016a9      0x2e3 O:/devkitPro/libnds/lib\libnds9.a(interrupts.o)
 .debug_line    0x0000198c      0x26c O:/devkitPro/libnds/lib\libnds9.a(libnds_exit.arm.o)
 .debug_line    0x00001bf8      0x869 O:/devkitPro/libnds/lib\libnds9.a(fifosystem.o)
 .debug_line    0x00002461      0x129 O:/devkitPro/libnds/lib\libnds9.a(mpu_setup.o)
 .debug_line    0x0000258a       0xb1 O:/devkitPro/libnds/lib\libnds9.a(IntrWait.o)
 .debug_line    0x0000263b       0x9d O:/devkitPro/libnds/lib\libnds9.a(cpu_clock.o)
 .debug_line    0x000026d8       0xc6 O:/devkitPro/libnds/lib\libnds9.a(interruptDispatcher.o)
 .debug_line    0x0000279e       0x96 O:/devkitPro/libnds/lib\libnds9.a(swiSoftReset.o)
 .debug_line    0x00002834      0x397 O:/devkitPro/libnds/lib\libnds9.a(system.o)
 .debug_line    0x00002bcb      0x1ec O:/devkitPro/libnds/lib\libnds9.a(biosCalls.o)

.debug_frame    0x00000000      0x7b4
 *(.debug_frame)
 .debug_frame   0x00000000       0xd8 main.o
 .debug_frame   0x000000d8       0xb8 O:/devkitPro/libnds/lib\libnds9.a(video.o)
 .debug_frame   0x00000190       0x3c O:/devkitPro/libnds/lib\libnds9.a(pcx.o)
 .debug_frame   0x000001cc       0xcc O:/devkitPro/libnds/lib\libnds9.a(image.o)
 .debug_frame   0x00000298       0x8c O:/devkitPro/libnds/lib\libnds9.a(keys.o)
 .debug_frame   0x00000324       0x28 O:/devkitPro/libnds/lib\libnds9.a(initSystem.o)
 .debug_frame   0x0000034c       0x20 O:/devkitPro/libnds/lib\libnds9.a(timeSupport.o)
 .debug_frame   0x0000036c       0xa4 O:/devkitPro/libnds/lib\libnds9.a(interrupts.o)
 .debug_frame   0x00000410       0x3c O:/devkitPro/libnds/lib\libnds9.a(libnds_exit.arm.o)
 .debug_frame   0x0000044c      0x2a0 O:/devkitPro/libnds/lib\libnds9.a(fifosystem.o)
 .debug_frame   0x000006ec       0xc8 O:/devkitPro/libnds/lib\libnds9.a(system.o)

.debug_str      0x00000000     0x3196
 *(.debug_str)
 .debug_str     0x00000000     0x15d0 main.o
                               0x16be (size before relaxing)
 .debug_str     0x000015d0      0x604 O:/devkitPro/libnds/lib\libnds9.a(video.o)
                                0xc11 (size before relaxing)
 .debug_str     0x00001bd4       0xf2 O:/devkitPro/libnds/lib\libnds9.a(pcx.o)
                                0x707 (size before relaxing)
 .debug_str     0x00001cc6       0x9a O:/devkitPro/libnds/lib\libnds9.a(image.o)
                                0x6a3 (size before relaxing)
 .debug_str     0x00001d60      0x181 O:/devkitPro/libnds/lib\libnds9.a(keys.o)
                                0x856 (size before relaxing)
 .debug_str     0x00001ee1      0x688 O:/devkitPro/libnds/lib\libnds9.a(initSystem.o)
                               0x1225 (size before relaxing)
 .debug_str     0x00002569       0x6b O:/devkitPro/libnds/lib\libnds9.a(timeSupport.o)
                                0x696 (size before relaxing)
 .debug_str     0x000025d4       0x6c O:/devkitPro/libnds/lib\libnds9.a(securearea.o)
                                0x102 (size before relaxing)
 .debug_str     0x00002640      0x173 O:/devkitPro/libnds/lib\libnds9.a(interrupts.o)
                                0x499 (size before relaxing)
 .debug_str     0x000027b3      0x1cf O:/devkitPro/libnds/lib\libnds9.a(libnds_exit.arm.o)
                                0x868 (size before relaxing)
 .debug_str     0x00002982      0x4db O:/devkitPro/libnds/lib\libnds9.a(fifosystem.o)
                                0xd5e (size before relaxing)
 .debug_str     0x00002e5d      0x339 O:/devkitPro/libnds/lib\libnds9.a(system.o)
                                0xbd5 (size before relaxing)

.debug_loc      0x00000000     0x23b9
 *(.debug_loc)
 .debug_loc     0x00000000       0xdd main.o
 .debug_loc     0x000000dd      0x312 O:/devkitPro/libnds/lib\libnds9.a(video.o)
 .debug_loc     0x000003ef      0x355 O:/devkitPro/libnds/lib\libnds9.a(pcx.o)
 .debug_loc     0x00000744      0x471 O:/devkitPro/libnds/lib\libnds9.a(image.o)
 .debug_loc     0x00000bb5       0xd8 O:/devkitPro/libnds/lib\libnds9.a(initSystem.o)
 .debug_loc     0x00000c8d       0x21 O:/devkitPro/libnds/lib\libnds9.a(timeSupport.o)
 .debug_loc     0x00000cae      0x1aa O:/devkitPro/libnds/lib\libnds9.a(interrupts.o)
 .debug_loc     0x00000e58       0x58 O:/devkitPro/libnds/lib\libnds9.a(libnds_exit.arm.o)
 .debug_loc     0x00000eb0     0x1310 O:/devkitPro/libnds/lib\libnds9.a(fifosystem.o)
 .debug_loc     0x000021c0      0x1f9 O:/devkitPro/libnds/lib\libnds9.a(system.o)

.debug_macinfo
 *(.debug_macinfo)

.debug_weaknames
 *(.debug_weaknames)

.debug_funcnames
 *(.debug_funcnames)

.debug_typenames
 *(.debug_typenames)

.debug_varnames
 *(.debug_varnames)

.stack          0x00080000        0x0
                0x00080000                _stack = .
 *(.stack)
LOAD o:/devkitpro/devkitarm/bin/../lib/gcc/arm-none-eabi/6.3.0/../../../../arm-none-eabi/lib/ds_arm9_crt0.o
LOAD o:/devkitpro/devkitarm/bin/../lib/gcc/arm-none-eabi/6.3.0/crti.o
LOAD o:/devkitpro/devkitarm/bin/../lib/gcc/arm-none-eabi/6.3.0/crtbegin.o
LOAD Touch_The_Screen.pcx.o
LOAD Test32by32.pcx.o
LOAD ball.pcx.o
LOAD main.o
LOAD O:/devkitPro/libnds/lib\libnds9.a
START GROUP
LOAD o:/devkitpro/devkitarm/bin/../lib/gcc/arm-none-eabi/6.3.0\libgcc.a
LOAD o:/devkitpro/devkitarm/bin/../lib/gcc/arm-none-eabi/6.3.0/../../../../arm-none-eabi/lib\libg.a
LOAD o:/devkitpro/devkitarm/bin/../lib/gcc/arm-none-eabi/6.3.0/../../../../arm-none-eabi/lib\libc.a
LOAD o:/devkitpro/devkitarm/bin/../lib/gcc/arm-none-eabi/6.3.0/../../../../arm-none-eabi/lib\libsysbase.a
END GROUP
LOAD o:/devkitpro/devkitarm/bin/../lib/gcc/arm-none-eabi/6.3.0/crtend.o
LOAD o:/devkitpro/devkitarm/bin/../lib/gcc/arm-none-eabi/6.3.0/crtn.o
OUTPUT(O:/devkitPro/examples/nds/dsprogramming/dsprogramming.elf elf32-littlearm)

.debug_ranges   0x00000000      0x890
 .debug_ranges  0x00000000       0xb8 main.o
 .debug_ranges  0x000000b8       0x70 O:/devkitPro/libnds/lib\libnds9.a(video.o)
 .debug_ranges  0x00000128       0x28 O:/devkitPro/libnds/lib\libnds9.a(pcx.o)
 .debug_ranges  0x00000150       0x30 O:/devkitPro/libnds/lib\libnds9.a(image.o)
 .debug_ranges  0x00000180       0x40 O:/devkitPro/libnds/lib\libnds9.a(keys.o)
 .debug_ranges  0x000001c0       0x10 O:/devkitPro/libnds/lib\libnds9.a(initSystem.o)
 .debug_ranges  0x000001d0       0x10 O:/devkitPro/libnds/lib\libnds9.a(timeSupport.o)
 .debug_ranges  0x000001e0       0xe8 O:/devkitPro/libnds/lib\libnds9.a(interrupts.o)
 .debug_ranges  0x000002c8       0x18 O:/devkitPro/libnds/lib\libnds9.a(libnds_exit.arm.o)
 .debug_ranges  0x000002e0      0x460 O:/devkitPro/libnds/lib\libnds9.a(fifosystem.o)
 .debug_ranges  0x00000740       0x28 O:/devkitPro/libnds/lib\libnds9.a(mpu_setup.o)
 .debug_ranges  0x00000768       0x20 O:/devkitPro/libnds/lib\libnds9.a(IntrWait.o)
 .debug_ranges  0x00000788       0x48 O:/devkitPro/libnds/lib\libnds9.a(system.o)
 .debug_ranges  0x000007d0       0xc0 O:/devkitPro/libnds/lib\libnds9.a(biosCalls.o)
