Archive member included to satisfy reference by file (symbol)

O:/devkitPro/libnds/lib\libnds9.a(console.o)
                              main.o (consoleDemoInit)
O:/devkitPro/libnds/lib\libnds9.a(touch.o)
                              main.o (touchRead)
O:/devkitPro/libnds/lib\libnds9.a(background.o)
                              O:/devkitPro/libnds/lib\libnds9.a(console.o) (bgState)
O:/devkitPro/libnds/lib\libnds9.a(trig.o)
                              O:/devkitPro/libnds/lib\libnds9.a(background.o) (sinLerp)
O:/devkitPro/libnds/lib\libnds9.a(keys.o)
                              main.o (scanKeys)
O:/devkitPro/libnds/lib\libnds9.a(initSystem.o)
                              o:/devkitpro/devkitarm/bin/../lib/gcc/arm-none-eabi/6.3.0/../../../../arm-none-eabi/lib/ds_arm9_crt0.o (initSystem)
O:/devkitPro/libnds/lib\libnds9.a(timeSupport.o)
                              O:/devkitPro/libnds/lib\libnds9.a(initSystem.o) (__libnds_gtod)
O:/devkitPro/libnds/lib\libnds9.a(securearea.o)
                              o:/devkitpro/devkitarm/bin/../lib/gcc/arm-none-eabi/6.3.0/../../../../arm-none-eabi/lib/ds_arm9_crt0.o (__secure_area__)
O:/devkitPro/libnds/lib\libnds9.a(interrupts.o)
                              O:/devkitPro/libnds/lib\libnds9.a(initSystem.o) (irqInit)
O:/devkitPro/libnds/lib\libnds9.a(libnds_exit.arm.o)
                              o:/devkitpro/devkitarm/bin/../lib/gcc/arm-none-eabi/6.3.0/../../../../arm-none-eabi/lib/ds_arm9_crt0.o (__libnds_exit)
O:/devkitPro/libnds/lib\libnds9.a(fifosystem.o)
                              O:/devkitPro/libnds/lib\libnds9.a(initSystem.o) (fifoSetValue32Handler)
O:/devkitPro/libnds/lib\libnds9.a(mpu_setup.o)
                              o:/devkitpro/devkitarm/bin/../lib/gcc/arm-none-eabi/6.3.0/../../../../arm-none-eabi/lib/ds_arm9_crt0.o (__libnds_mpu_setup)
O:/devkitPro/libnds/lib\libnds9.a(IntrWait.o)
                              main.o (swiWaitForVBlank)
O:/devkitPro/libnds/lib\libnds9.a(cpu_clock.o)
                              O:/devkitPro/libnds/lib\libnds9.a(initSystem.o) (setCpuClock)
O:/devkitPro/libnds/lib\libnds9.a(interruptDispatcher.o)
                              O:/devkitPro/libnds/lib\libnds9.a(interrupts.o) (IntrMain)
O:/devkitPro/libnds/lib\libnds9.a(debugprint.o)
                              O:/devkitPro/libnds/lib\libnds9.a(console.o) (nocashWrite)
O:/devkitPro/libnds/lib\libnds9.a(swiSoftReset.o)
                              O:/devkitPro/libnds/lib\libnds9.a(fifosystem.o) (swiSoftReset)
O:/devkitPro/libnds/lib\libnds9.a(default_font.bin.o)
                              O:/devkitPro/libnds/lib\libnds9.a(console.o) (default_font_bin)
O:/devkitPro/libnds/lib\libnds9.a(video.o)
                              O:/devkitPro/libnds/lib\libnds9.a(initSystem.o) (vramDefault)
O:/devkitPro/libnds/lib\libnds9.a(system.o)
                              O:/devkitPro/libnds/lib\libnds9.a(initSystem.o) (systemValueHandler)
O:/devkitPro/libnds/lib\libnds9.a(biosCalls.o)
                              O:/devkitPro/libnds/lib\libnds9.a(system.o) (swiDelay)
o:/devkitpro/devkitarm/bin/../lib/gcc/arm-none-eabi/6.3.0\libgcc.a(_divsi3.o)
                              O:/devkitPro/libnds/lib\libnds9.a(console.o) (__aeabi_idivmod)
o:/devkitpro/devkitarm/bin/../lib/gcc/arm-none-eabi/6.3.0\libgcc.a(_dvmd_tls.o)
                              o:/devkitpro/devkitarm/bin/../lib/gcc/arm-none-eabi/6.3.0\libgcc.a(_divsi3.o) (__aeabi_idiv0)
o:/devkitpro/devkitarm/bin/../lib/gcc/arm-none-eabi/6.3.0/../../../../arm-none-eabi/lib\libg.a(lib_a-bsearch.o)
                              O:/devkitPro/libnds/lib\libnds9.a(trig.o) (bsearch)
o:/devkitpro/devkitarm/bin/../lib/gcc/arm-none-eabi/6.3.0/../../../../arm-none-eabi/lib\libg.a(lib_a-init.o)
                              o:/devkitpro/devkitarm/bin/../lib/gcc/arm-none-eabi/6.3.0/../../../../arm-none-eabi/lib/ds_arm9_crt0.o (__libc_init_array)
o:/devkitpro/devkitarm/bin/../lib/gcc/arm-none-eabi/6.3.0/../../../../arm-none-eabi/lib\libg.a(lib_a-iprintf.o)
                              main.o (iprintf)
o:/devkitpro/devkitarm/bin/../lib/gcc/arm-none-eabi/6.3.0/../../../../arm-none-eabi/lib\libg.a(lib_a-memcpy-stub.o)
                              O:/devkitPro/libnds/lib\libnds9.a(console.o) (memcpy)
o:/devkitpro/devkitarm/bin/../lib/gcc/arm-none-eabi/6.3.0/../../../../arm-none-eabi/lib\libg.a(lib_a-memset.o)
                              O:/devkitPro/libnds/lib\libnds9.a(background.o) (memset)
o:/devkitpro/devkitarm/bin/../lib/gcc/arm-none-eabi/6.3.0/../../../../arm-none-eabi/lib\libg.a(lib_a-setvbuf.o)
                              O:/devkitPro/libnds/lib\libnds9.a(console.o) (setvbuf)
o:/devkitpro/devkitarm/bin/../lib/gcc/arm-none-eabi/6.3.0/../../../../arm-none-eabi/lib\libg.a(lib_a-siscanf.o)
                              O:/devkitPro/libnds/lib\libnds9.a(console.o) (siscanf)
o:/devkitpro/devkitarm/bin/../lib/gcc/arm-none-eabi/6.3.0/../../../../arm-none-eabi/lib\libg.a(lib_a-stdio.o)
[...]
Memory Configuration

Name             Origin             Length             Attributes
ewram            0x02000000         0x00380000
dtcm             0x0b000000         0x00004000
vectors          0x01000000         0x00000100
itcm             0x01000100         0x00007f00
*default*        0x00000000         0xffffffff

Linker script and memory map

                0x02380000                __ewram_end = (ORIGIN (ewram) + LENGTH (ewram))
                0x02380000                __eheap_end = (ORIGIN (ewram) + LENGTH (ewram))
                0x0b004000                __dtcm_top = (ORIGIN (dtcm) + LENGTH (dtcm))
                0x0b003ff8                __irq_flags = (__dtcm_top - 0x8)
                0x0b003ffc                __irq_vector = (__dtcm_top - 0x4)
                0x0b003f00                __sp_svc = (__dtcm_top - 0x100)
                0x0b003e00                __sp_irq = (__sp_svc - 0x100)
                0x0b003d00                __sp_usr = (__sp_irq - 0x100)

.secure         0x02000000      0x800
 *(.secure)
 .secure        0x02000000      0x800 O:/devkitPro/libnds/lib\libnds9.a(securearea.o)
                0x02000000                __secure_area__

.crt0           0x02000800      0x300
                0x02000800                __text_start = .
 *(.crt0)
 .crt0          0x02000800      0x300 o:/devkitpro/devkitarm/bin/../lib/gcc/arm-none-eabi/6.3.0/../../../../arm-none-eabi/lib/ds_arm9_crt0.o
                0x02000800                _start
                0x02000b00                . = ALIGN (0x4)

.plt
 *(.plt)

.init           0x02000b00       0x18
 *(SORT(.init))
 .init          0x02000b00        0xc o:/devkitpro/devkitarm/bin/../lib/gcc/arm-none-eabi/6.3.0/crti.o
                0x02000b00                _init
 .init          0x02000b0c        0xc o:/devkitpro/devkitarm/bin/../lib/gcc/arm-none-eabi/6.3.0/crtn.o

.text           0x02000b18     0xd760
 *(EXCLUDE_FILE(*.twl* *.vectors* *.itcm*) .text)
 .text          0x02000b18      0x148 o:/devkitpro/devkitarm/bin/../lib/gcc/arm-none-eabi/6.3.0\libgcc.a(_divsi3.o)
                0x02000b18                __divsi3
                0x02000b18                __aeabi_idiv
                0x02000c40                __aeabi_idivmod
 .text          0x02000c60        0x4 o:/devkitpro/devkitarm/bin/../lib/gcc/arm-none-eabi/6.3.0\libgcc.a(_dvmd_tls.o)
                0x02000c60                __aeabi_idiv0
                0x02000c60                __aeabi_ldiv0
 .text          0x02000c64      0x224 o:/devkitpro/devkitarm/bin/../lib/gcc/arm-none-eabi/6.3.0/../../../../arm-none-eabi/lib\libg.a(lib_a-strcmp.o)
                0x02000c64                strcmp
 .text          0x02000e88      0x114 o:/devkitpro/devkitarm/bin/../lib/gcc/arm-none-eabi/6.3.0\libgcc.a(_udivsi3.o)
                0x02000e88                __aeabi_uidiv
                0x02000e88                __udivsi3
                0x02000f7c                __aeabi_uidivmod
 .text          0x02000f9c       0x3c o:/devkitpro/devkitarm/bin/../lib/gcc/arm-none-eabi/6.3.0\libgcc.a(_aeabi_uldivmod.o)
                0x02000f9c                __aeabi_uldivmod
 .text          0x02000fd8       0x28 o:/devkitpro/devkitarm/bin/../lib/gcc/arm-none-eabi/6.3.0\libgcc.a(_clzdi2.o)
                0x02000fd8                __clzdi2
 .text          0x02001000       0x48 o:/devkitpro/devkitarm/bin/../lib/gcc/arm-none-eabi/6.3.0\libgcc.a(_clzsi2.o)
                0x02001000                __clzsi2
 *(EXCLUDE_FILE(*.twl* *.vectors* *.itcm*) .stub)
 *(EXCLUDE_FILE(*.twl* *.vectors* *.itcm*) .text.*)
 .text.deregister_tm_clones
                0x02001048       0x30 o:/devkitpro/devkitarm/bin/../lib/gcc/arm-none-eabi/6.3.0/crtbegin.o
 .text.register_tm_clones
                0x02001078       0x38 o:/devkitpro/devkitarm/bin/../lib/gcc/arm-none-eabi/6.3.0/crtbegin.o
 .text.__do_global_dtors_aux
                0x020010b0       0x44 o:/devkitpro/devkitarm/bin/../lib/gcc/arm-none-eabi/6.3.0/crtbegin.o
 .text.frame_dummy
                0x020010f4       0x5c o:/devkitpro/devkitarm/bin/../lib/gcc/arm-none-eabi/6.3.0/crtbegin.o
 .text.startup  0x02001150      0x15c main.o
                0x02001150                main
 .text.newRow   0x020012ac       0xb4 O:/devkitPro/libnds/lib\libnds9.a(console.o)
 .text.consolePrintChar
                0x02001360       0xf4 O:/devkitPro/libnds/lib\libnds9.a(console.o)
                0x02001360                consolePrintChar
 .text.consoleCls
                0x02001454       0xec O:/devkitPro/libnds/lib\libnds9.a(console.o)
 .text.consoleLoadFont
                0x02001540      0x27c O:/devkitPro/libnds/lib\libnds9.a(console.o)
                0x02001540                consoleLoadFont
 .text.consoleInit
                0x020017bc      0x16c O:/devkitPro/libnds/lib\libnds9.a(console.o)
                0x020017bc                consoleInit
 .text.consoleDemoInit
                0x02001928       0x40 O:/devkitPro/libnds/lib\libnds9.a(console.o)
                0x02001928                consoleDemoInit
 .text.con_write
                0x02001968      0x2ac O:/devkitPro/libnds/lib\libnds9.a(console.o)
                0x02001968                con_write
 .text.touchRead
                0x02001c14       0x24 O:/devkitPro/libnds/lib\libnds9.a(touch.o)
                0x02001c14                touchRead
 .text.checkIfText.part.0
                0x02001c38       0x3c O:/devkitPro/libnds/lib\libnds9.a(background.o)
 .text.bgUpdate
                0x02001c74       0xf0 O:/devkitPro/libnds/lib\libnds9.a(background.o)
                0x02001c74                bgUpdate
 .text.bgInit_call
                0x02001d64       0xf4 O:/devkitPro/libnds/lib\libnds9.a(background.o)
                0x02001d64                bgInit_call
 .text.bgInitSub_call
                0x02001e58       0xf8 O:/devkitPro/libnds/lib\libnds9.a(background.o)
                0x02001e58                bgInitSub_call
 .text.sinLerp  0x02001f50       0x98 O:/devkitPro/libnds/lib\libnds9.a(trig.o)
                0x02001f50                sinLerp
 .text.cosLerp  0x02001fe8       0x14 O:/devkitPro/libnds/lib\libnds9.a(trig.o)
                0x02001fe8                cosLerp
 .text.scanKeys
                0x02001ffc       0x90 O:/devkitPro/libnds/lib\libnds9.a(keys.o)
                0x02001ffc                scanKeys
 .text.keysHeld
                0x0200208c        0xc O:/devkitPro/libnds/lib\libnds9.a(keys.o)
                0x0200208c                keysHeld
 .text.initSystem
                0x02002098      0x194 O:/devkitPro/libnds/lib\libnds9.a(initSystem.o)
                0x02002098                initSystem
 .text.__libnds_gtod
                0x0200222c       0x24 O:/devkitPro/libnds/lib\libnds9.a(timeSupport.o)
                0x0200222c                __libnds_gtod
 .text.irqDummy
                0x02002250        0x4 O:/devkitPro/libnds/lib\libnds9.a(interrupts.o)
                0x02002250                irqDummy
 .text.irqSet   0x02002254       0x6c O:/devkitPro/libnds/lib\libnds9.a(interrupts.o)
                0x02002254                irqSet
 .text.irqInit  0x020022c0       0x50 O:/devkitPro/libnds/lib\libnds9.a(interrupts.o)
                0x020022c0                irqInit
 .text.irqEnable
                0x02002310       0x64 O:/devkitPro/libnds/lib\libnds9.a(interrupts.o)
                0x02002310                irqEnable
 .text.irqDisable
                0x02002374       0x64 O:/devkitPro/libnds/lib\libnds9.a(interrupts.o)
                0x02002374                irqDisable
 .text.systemErrorExit
                0x020023d8        0x4 O:/devkitPro/libnds/lib\libnds9.a(libnds_exit.arm.o)
                0x020023d8                systemErrorExit
 *fill*         0x020023dc        0x4 ff
 .text.__libnds_exit
                0x020023e0       0x5c O:/devkitPro/libnds/lib\libnds9.a(libnds_exit.arm.o)
                0x020023e0                __libnds_exit
 .text.__timeoutvbl
                0x0200243c       0x10 O:/devkitPro/libnds/lib\libnds9.a(fifosystem.o)
 .text.fifo_allocBlock.part.0
                0x0200244c       0x34 O:/devkitPro/libnds/lib\libnds9.a(fifosystem.o)
 .text.fifo_waitBlock
                0x02002480       0x48 O:/devkitPro/libnds/lib\libnds9.a(fifosystem.o)
 .text.fifoInternalSendInterrupt
                0x020024c8       0x9c O:/devkitPro/libnds/lib\libnds9.a(fifosystem.o)
 .text.fifoInternalSend.part.2
                0x02002564       0xd8 O:/devkitPro/libnds/lib\libnds9.a(fifosystem.o)
 .text.fifoGetValue32.part.3
                0x0200263c       0x74 O:/devkitPro/libnds/lib\libnds9.a(fifosystem.o)
 .text.fifoSetValue32Handler
                0x020026b0       0x74 O:/devkitPro/libnds/lib\libnds9.a(fifosystem.o)
                0x020026b0                fifoSetValue32Handler
 .text.fifoSendValue32
                0x02002724       0x50 O:/devkitPro/libnds/lib\libnds9.a(fifosystem.o)
                0x02002724                fifoSendValue32
 .text.fifoGetDatamsg
                0x02002774      0x148 O:/devkitPro/libnds/lib\libnds9.a(fifosystem.o)
                0x02002774                fifoGetDatamsg
 .text.fifoInternalRecvInterrupt
                0x020028bc      0x460 O:/devkitPro/libnds/lib\libnds9.a(fifosystem.o)
 .text.fifoSetDatamsgHandler
                0x02002d1c       0x9c O:/devkitPro/libnds/lib\libnds9.a(fifosystem.o)
                0x02002d1c                fifoSetDatamsgHandler
 .text.fifoInit
                0x02002db8      0x1cc O:/devkitPro/libnds/lib\libnds9.a(fifosystem.o)
                0x02002db8                fifoInit
 .text.__libnds_mpu_setup
                0x02002f84      0x174 O:/devkitPro/libnds/lib\libnds9.a(mpu_setup.o)
                0x02002f84                __libnds_mpu_setup
 .text.memUncached
                0x020030f8       0x20 O:/devkitPro/libnds/lib\libnds9.a(mpu_setup.o)
                0x020030f8                memUncached
 .text.swiWaitForVBlank
                0x02003118        0x8 O:/devkitPro/libnds/lib\libnds9.a(IntrWait.o)
                0x02003118                swiWaitForVBlank
 .text.swiIntrWait
                0x02003120       0x64 O:/devkitPro/libnds/lib\libnds9.a(IntrWait.o)
                0x02003120                swiIntrWait
 .text.setCpuClock
                0x02003184       0x50 O:/devkitPro/libnds/lib\libnds9.a(cpu_clock.o)
                0x02003184                setCpuClock
 .text.swiSoftReset
                0x020031d4       0x2c O:/devkitPro/libnds/lib\libnds9.a(swiSoftReset.o)
                0x020031d4                swiSoftReset
 .text.vramDefault
                0x02003200       0xd0 O:/devkitPro/libnds/lib\libnds9.a(video.o)
                0x02003200                vramDefault
 .text.systemValueHandler
                0x020032d0       0x48 O:/devkitPro/libnds/lib\libnds9.a(system.o)
                0x020032d0                systemValueHandler
 .text.systemMsgHandler
                0x02003318       0x5c O:/devkitPro/libnds/lib\libnds9.a(system.o)
                0x02003318                systemMsgHandler
 .text.powerOn  0x02003374       0x2c O:/devkitPro/libnds/lib\libnds9.a(system.o)
                0x02003374                powerOn
 .text.swiDelay
                0x020033a0        0x4 O:/devkitPro/libnds/lib\libnds9.a(biosCalls.o)
                0x020033a0                swiDelay
 .text.__libc_init_array
                0x020033a4       0x80 o:/devkitpro/devkitarm/bin/../lib/gcc/arm-none-eabi/6.3.0/../../../../arm-none-eabi/lib\libg.a(lib_a-init.o)
                0x020033a4                __libc_init_array
 .text.iprintf  0x02003424       0x38 o:/devkitpro/devkitarm/bin/../lib/gcc/arm-none-eabi/6.3.0/../../../../arm-none-eabi/lib\libg.a(lib_a-iprintf.o)
                0x02003424                iprintf
 .text.memcpy   0x0200345c      0x114 o:/devkitpro/devkitarm/bin/../lib/gcc/arm-none-eabi/6.3.0/../../../../arm-none-eabi/lib\libg.a(lib_a-memcpy-stub.o)
                0x0200345c                memcpy
 .text.memset   0x02003570      0x114 o:/devkitpro/devkitarm/bin/../lib/gcc/arm-none-eabi/6.3.0/../../../../arm-none-eabi/lib\libg.a(lib_a-memset.o)
                0x02003570                memset
 .text.setvbuf  0x02003684      0x258 o:/devkitpro/devkitarm/bin/../lib/gcc/arm-none-eabi/6.3.0/../../../../arm-none-eabi/lib\libg.a(lib_a-setvbuf.o)
                0x02003684                setvbuf
 .text.siscanf  0x020038dc       0x74 o:/devkitpro/devkitarm/bin/../lib/gcc/arm-none-eabi/6.3.0/../../../../arm-none-eabi/lib\libg.a(lib_a-siscanf.o)
                0x020038dc                siscanf
 .text.__sread  0x02003950       0x4c o:/devkitpro/devkitarm/bin/../lib/gcc/arm-none-eabi/6.3.0/../../../../arm-none-eabi/lib\libg.a(lib_a-stdio.o)
                0x02003950                __sread
 .text.__seofread
                0x0200399c        0x8 o:/devkitpro/devkitarm/bin/../lib/gcc/arm-none-eabi/6.3.0/../../../../arm-none-eabi/lib\libg.a(lib_a-stdio.o)
                0x0200399c                __seofread
 .text.__swrite
                0x020039a4       0x68 o:/devkitpro/devkitarm/bin/../lib/gcc/arm-none-eabi/6.3.0/../../../../arm-none-eabi/lib\libg.a(lib_a-stdio.o)
                0x020039a4                __swrite
 .text.__sseek  0x02003a0c       0x54 o:/devkitpro/devkitarm/bin/../lib/gcc/arm-none-eabi/6.3.0/../../../../arm-none-eabi/lib\libg.a(lib_a-stdio.o)
                0x02003a0c                __sseek
 .text.__sclose
                0x02003a60       0x14 o:/devkitpro/devkitarm/bin/../lib/gcc/arm-none-eabi/6.3.0/../../../../arm-none-eabi/lib\libg.a(lib_a-stdio.o)
                0x02003a60                __sclose
 .text.strlen   0x02003a74       0x60 o:/devkitpro/devkitarm/bin/../lib/gcc/arm-none-eabi/6.3.0/../../../../arm-none-eabi/lib\libg.a(lib_a-strlen-stub.o)
                0x02003a74                strlen
 .text._sungetc_r
                0x02003ad4       0xf0 o:/devkitpro/devkitarm/bin/../lib/gcc/arm-none-eabi/6.3.0/../../../../arm-none-eabi/lib\libg.a(lib_a-svfiscanf.o)
                0x02003ad4                _sungetc_r
 .text.__ssrefill_r
                0x02003bc4       0x6c o:/devkitpro/devkitarm/bin/../lib/gcc/arm-none-eabi/6.3.0/../../../../arm-none-eabi/lib\libg.a(lib_a-svfiscanf.o)
                0x02003bc4                __ssrefill_r
 .text._sfread_r
                0x02003c30       0xd0 o:/devkitpro/devkitarm/bin/../lib/gcc/arm-none-eabi/6.3.0/../../../../arm-none-eabi/lib\libg.a(lib_a-svfiscanf.o)
                0x02003c30                _sfread_r
 .text.__ssvfiscanf_r
                0x02003d00     0x1ebc o:/devkitpro/devkitarm/bin/../lib/gcc/arm-none-eabi/6.3.0/../../../../arm-none-eabi/lib\libg.a(lib_a-svfiscanf.o)
                0x02003d00                __ssvfiscanf_r
 .text.__submore
                0x02005bbc       0xb0 o:/devkitpro/devkitarm/bin/../lib/gcc/arm-none-eabi/6.3.0/../../../../arm-none-eabi/lib\libg.a(lib_a-ungetc.o)
                0x02005bbc                __submore
 .text.get_arg  0x02005c6c     0x1724 o:/devkitpro/devkitarm/bin/../lib/gcc/arm-none-eabi/6.3.0/../../../../arm-none-eabi/lib\libg.a(lib_a-vfiprintf.o)
 .text.__sprint_r.part.0
                0x02007390       0x20 o:/devkitpro/devkitarm/bin/../lib/gcc/arm-none-eabi/6.3.0/../../../../arm-none-eabi/lib\libg.a(lib_a-vfiprintf.o)
 .text._vfiprintf_r
                0x020073b0     0x2e20 o:/devkitpro/devkitarm/bin/../lib/gcc/arm-none-eabi/6.3.0/../../../../arm-none-eabi/lib\libg.a(lib_a-vfiprintf.o)
                0x020073b0                _vfiprintf_r
 .text.__sbprintf
                0x0200a1d0       0xd0 o:/devkitpro/devkitarm/bin/../lib/gcc/arm-none-eabi/6.3.0/../../../../arm-none-eabi/lib\libg.a(lib_a-vfiprintf.o)
 .text._wcrtomb_r
                0x0200a2a0       0xac o:/devkitpro/devkitarm/bin/../lib/gcc/arm-none-eabi/6.3.0/../../../../arm-none-eabi/lib\libg.a(lib_a-wcrtomb.o)
                0x0200a2a0                _wcrtomb_r
 .text._wcsrtombs_r
                0x0200a34c       0x24 o:/devkitpro/devkitarm/bin/../lib/gcc/arm-none-eabi/6.3.0/../../../../arm-none-eabi/lib\libg.a(lib_a-wcsrtombs.o)
                0x0200a34c                _wcsrtombs_r
 .text.__swsetup_r
                0x0200a370      0x158 o:/devkitpro/devkitarm/bin/../lib/gcc/arm-none-eabi/6.3.0/../../../../arm-none-eabi/lib\libg.a(lib_a-wsetup.o)
                0x0200a370                __swsetup_r
 .text.__sflush_r
                0x0200a4c8      0x27c o:/devkitpro/devkitarm/bin/../lib/gcc/arm-none-eabi/6.3.0/../../../../arm-none-eabi/lib\libg.a(lib_a-fflush.o)
                0x0200a4c8                __sflush_r
 .text._fflush_r
                0x0200a744       0x9c o:/devkitpro/devkitarm/bin/../lib/gcc/arm-none-eabi/6.3.0/../../../../arm-none-eabi/lib\libg.a(lib_a-fflush.o)
                0x0200a744                _fflush_r
 .text._cleanup_r
                0x0200a7e0       0x18 o:/devkitpro/devkitarm/bin/../lib/gcc/arm-none-eabi/6.3.0/../../../../arm-none-eabi/lib\libg.a(lib_a-findfp.o)
                0x0200a7e0                _cleanup_r
 .text.std.isra.0
                0x0200a7f8       0x84 o:/devkitpro/devkitarm/bin/../lib/gcc/arm-none-eabi/6.3.0/../../../../arm-none-eabi/lib\libg.a(lib_a-findfp.o)
 .text.__sinit  0x0200a87c       0x94 o:/devkitpro/devkitarm/bin/../lib/gcc/arm-none-eabi/6.3.0/../../../../arm-none-eabi/lib\libg.a(lib_a-findfp.o)
                0x0200a87c                __sinit
 .text.__sfp_lock_acquire
                0x0200a910       0x18 o:/devkitpro/devkitarm/bin/../lib/gcc/arm-none-eabi/6.3.0/../../../../arm-none-eabi/lib\libg.a(lib_a-findfp.o)
                0x0200a910                __sfp_lock_acquire
 .text.__sfp_lock_release
                0x0200a928       0x18 o:/devkitpro/devkitarm/bin/../lib/gcc/arm-none-eabi/6.3.0/../../../../arm-none-eabi/lib\libg.a(lib_a-findfp.o)
                0x0200a928                __sfp_lock_release
 .text._malloc_trim_r
                0x0200a940      0x100 o:/devkitpro/devkitarm/bin/../lib/gcc/arm-none-eabi/6.3.0/../../../../arm-none-eabi/lib\libg.a(lib_a-freer.o)
                0x0200a940                _malloc_trim_r
 .text._free_r  0x0200aa40      0x2e0 o:/devkitpro/devkitarm/bin/../lib/gcc/arm-none-eabi/6.3.0/../../../../arm-none-eabi/lib\libg.a(lib_a-freer.o)
                0x0200aa40                _free_r
 .text.__sfvwrite_r
                0x0200ad20      0x4dc o:/devkitpro/devkitarm/bin/../lib/gcc/arm-none-eabi/6.3.0/../../../../arm-none-eabi/lib\libg.a(lib_a-fvwrite.o)
                0x0200ad20                __sfvwrite_r
 .text._fwalk_reent
                0x0200b1fc       0x8c o:/devkitpro/devkitarm/bin/../lib/gcc/arm-none-eabi/6.3.0/../../../../arm-none-eabi/lib\libg.a(lib_a-fwalk.o)
                0x0200b1fc                _fwalk_reent
 .text.iswspace
                0x0200b288       0x7c o:/devkitpro/devkitarm/bin/../lib/gcc/arm-none-eabi/6.3.0/../../../../arm-none-eabi/lib\libg.a(lib_a-iswspace.o)
                0x0200b288                iswspace
 .text.__jp2uc  0x0200b304      0x204 o:/devkitpro/devkitarm/bin/../lib/gcc/arm-none-eabi/6.3.0/../../../../arm-none-eabi/lib\libg.a(lib_a-jp2uc.o)
 .text._jp2uc   0x0200b508       0xc0 o:/devkitpro/devkitarm/bin/../lib/gcc/arm-none-eabi/6.3.0/../../../../arm-none-eabi/lib\libg.a(lib_a-jp2uc.o)
                0x0200b508                _jp2uc
 .text._localeconv_r
                0x0200b5c8       0x28 o:/devkitpro/devkitarm/bin/../lib/gcc/arm-none-eabi/6.3.0/../../../../arm-none-eabi/lib\libg.a(lib_a-localeconv.o)
                0x0200b5c8                _localeconv_r
 .text.__locale_mb_cur_max
                0x0200b5f0       0x28 o:/devkitpro/devkitarm/bin/../lib/gcc/arm-none-eabi/6.3.0/../../../../arm-none-eabi/lib\libg.a(lib_a-locale.o)
                0x0200b5f0                __locale_mb_cur_max
 .text.__locale_ctype_ptr_l
                0x0200b618        0x8 o:/devkitpro/devkitarm/bin/../lib/gcc/arm-none-eabi/6.3.0/../../../../arm-none-eabi/lib\libg.a(lib_a-locale.o)
                0x0200b618                __locale_ctype_ptr_l
 .text.__locale_ctype_ptr
                0x0200b620       0x28 o:/devkitpro/devkitarm/bin/../lib/gcc/arm-none-eabi/6.3.0/../../../../arm-none-eabi/lib\libg.a(lib_a-locale.o)
                0x0200b620                __locale_ctype_ptr
 .text.__swhatbuf_r
                0x0200b648       0xa0 o:/devkitpro/devkitarm/bin/../lib/gcc/arm-none-eabi/6.3.0/../../../../arm-none-eabi/lib\libg.a(lib_a-makebuf.o)
                0x0200b648                __swhatbuf_r
 .text.__smakebuf_r
                0x0200b6e8      0x100 o:/devkitpro/devkitarm/bin/../lib/gcc/arm-none-eabi/6.3.0/../../../../arm-none-eabi/lib\libg.a(lib_a-makebuf.o)
                0x0200b6e8                __smakebuf_r
 .text.malloc   0x0200b7e8       0x1c o:/devkitpro/devkitarm/bin/../lib/gcc/arm-none-eabi/6.3.0/../../../../arm-none-eabi/lib\libg.a(lib_a-malloc.o)
                0x0200b7e8                malloc
 .text.free     0x0200b804       0x1c o:/devkitpro/devkitarm/bin/../lib/gcc/arm-none-eabi/6.3.0/../../../../arm-none-eabi/lib\libg.a(lib_a-malloc.o)
                0x0200b804                free
 .text._malloc_r
                0x0200b820      0x78c o:/devkitpro/devkitarm/bin/../lib/gcc/arm-none-eabi/6.3.0/../../../../arm-none-eabi/lib\libg.a(lib_a-mallocr.o)
                0x0200b820                _malloc_r
 .text._mbrtowc_r
                0x0200bfac       0xc0 o:/devkitpro/devkitarm/bin/../lib/gcc/arm-none-eabi/6.3.0/../../../../arm-none-eabi/lib\libg.a(lib_a-mbrtowc.o)
                0x0200bfac                _mbrtowc_r
 .text.__utf8_mbtowc
                0x0200c06c      0x30c o:/devkitpro/devkitarm/bin/../lib/gcc/arm-none-eabi/6.3.0/../../../../arm-none-eabi/lib\libg.a(lib_a-mbtowc_r.o)
                0x0200c06c                __utf8_mbtowc
 .text.memchr   0x0200c378      0x110 o:/devkitpro/devkitarm/bin/../lib/gcc/arm-none-eabi/6.3.0/../../../../arm-none-eabi/lib\libg.a(lib_a-memchr-stub.o)
                0x0200c378                memchr
 .text.memmove  0x0200c488      0x148 o:/devkitpro/devkitarm/bin/../lib/gcc/arm-none-eabi/6.3.0/../../../../arm-none-eabi/lib\libg.a(lib_a-memmove.o)
                0x0200c488                memmove
 .text.__malloc_lock
                0x0200c5d0       0x18 o:/devkitpro/devkitarm/bin/../lib/gcc/arm-none-eabi/6.3.0/../../../../arm-none-eabi/lib\libg.a(lib_a-mlock.o)
                0x0200c5d0                __malloc_lock
 .text.__malloc_unlock
                0x0200c5e8       0x18 o:/devkitpro/devkitarm/bin/../lib/gcc/arm-none-eabi/6.3.0/../../../../arm-none-eabi/lib\libg.a(lib_a-mlock.o)
                0x0200c5e8                __malloc_unlock
 .text._realloc_r
                0x0200c600      0x4d4 o:/devkitpro/devkitarm/bin/../lib/gcc/arm-none-eabi/6.3.0/../../../../arm-none-eabi/lib\libg.a(lib_a-reallocr.o)
                0x0200c600                _realloc_r
 .text.__sccl   0x0200cad4       0xd0 o:/devkitpro/devkitarm/bin/../lib/gcc/arm-none-eabi/6.3.0/../../../../arm-none-eabi/lib\libg.a(lib_a-sccl.o)
                0x0200cad4                __sccl
 .text.strncpy  0x0200cba4       0xdc o:/devkitpro/devkitarm/bin/../lib/gcc/arm-none-eabi/6.3.0/../../../../arm-none-eabi/lib\libg.a(lib_a-strncpy.o)
                0x0200cba4                strncpy
 .text._strtoll_l.isra.0
                0x0200cc80      0x2e0 o:/devkitpro/devkitarm/bin/../lib/gcc/arm-none-eabi/6.3.0/../../../../arm-none-eabi/lib\libg.a(lib_a-strtoll.o)
 .text._strtoll_r
                0x0200cf60       0x54 o:/devkitpro/devkitarm/bin/../lib/gcc/arm-none-eabi/6.3.0/../../../../arm-none-eabi/lib\libg.a(lib_a-strtoll.o)
                0x0200cf60                _strtoll_r
 .text._strtol_l.isra.0
                0x0200cfb4      0x220 o:/devkitpro/devkitarm/bin/../lib/gcc/arm-none-eabi/6.3.0/../../../../arm-none-eabi/lib\libg.a(lib_a-strtol.o)
 .text._strtol_r
                0x0200d1d4       0x54 o:/devkitpro/devkitarm/bin/../lib/gcc/arm-none-eabi/6.3.0/../../../../arm-none-eabi/lib\libg.a(lib_a-strtol.o)
                0x0200d1d4                _strtol_r
 .text._strtoull_l.isra.0
                0x0200d228      0x278 o:/devkitpro/devkitarm/bin/../lib/gcc/arm-none-eabi/6.3.0/../../../../arm-none-eabi/lib\libg.a(lib_a-strtoull.o)
 .text._strtoull_r
                0x0200d4a0       0x54 o:/devkitpro/devkitarm/bin/../lib/gcc/arm-none-eabi/6.3.0/../../../../arm-none-eabi/lib\libg.a(lib_a-strtoull.o)
                0x0200d4a0                _strtoull_r
 .text._strtoul_l.isra.0
                0x0200d4f4      0x1e8 o:/devkitpro/devkitarm/bin/../lib/gcc/arm-none-eabi/6.3.0/../../../../arm-none-eabi/lib\libg.a(lib_a-strtoul.o)
 .text._strtoul_r
                0x0200d6dc       0x54 o:/devkitpro/devkitarm/bin/../lib/gcc/arm-none-eabi/6.3.0/../../../../arm-none-eabi/lib\libg.a(lib_a-strtoul.o)
                0x0200d6dc                _strtoul_r
 .text._wcsnrtombs_l
                0x0200d730      0x180 o:/devkitpro/devkitarm/bin/../lib/gcc/arm-none-eabi/6.3.0/../../../../arm-none-eabi/lib\libg.a(lib_a-wcsnrtombs.o)
                0x0200d730                _wcsnrtombs_l
 .text._wcsnrtombs_r
                0x0200d8b0       0x68 o:/devkitpro/devkitarm/bin/../lib/gcc/arm-none-eabi/6.3.0/../../../../arm-none-eabi/lib\libg.a(lib_a-wcsnrtombs.o)
                0x0200d8b0                _wcsnrtombs_r
 .text.__utf8_wctomb
                0x0200d918       0xec o:/devkitpro/devkitarm/bin/../lib/gcc/arm-none-eabi/6.3.0/../../../../arm-none-eabi/lib\libg.a(lib_a-wctomb_r.o)
                0x0200d918                __utf8_wctomb
 .text._fclose_r
                0x0200da04      0x160 o:/devkitpro/devkitarm/bin/../lib/gcc/arm-none-eabi/6.3.0/../../../../arm-none-eabi/lib\libg.a(lib_a-fclose.o)
                0x0200da04                _fclose_r
 .text.null_write
                0x0200db64        0x8 o:/devkitpro/devkitarm/bin/../lib/gcc/arm-none-eabi/6.3.0/../../../../arm-none-eabi/lib\libsysbase.a(iosupport.o)
 .text._close_r
                0x0200db6c       0x90 o:/devkitpro/devkitarm/bin/../lib/gcc/arm-none-eabi/6.3.0/../../../../arm-none-eabi/lib\libsysbase.a(close.o)
                0x0200db6c                _close_r
 .text._fstat_r
                0x0200dbfc       0x80 o:/devkitpro/devkitarm/bin/../lib/gcc/arm-none-eabi/6.3.0/../../../../arm-none-eabi/lib\libsysbase.a(fstat.o)
                0x0200dbfc                _fstat_r
 .text._isatty_r
                0x0200dc7c        0x8 o:/devkitpro/devkitarm/bin/../lib/gcc/arm-none-eabi/6.3.0/../../../../arm-none-eabi/lib\libsysbase.a(isatty.o)
                0x0200dc7c                _isatty_r
 .text._lseek_r
                0x0200dc84       0x94 o:/devkitpro/devkitarm/bin/../lib/gcc/arm-none-eabi/6.3.0/../../../../arm-none-eabi/lib\libsysbase.a(lseek.o)
                0x0200dc84                _lseek_r
 .text._read_r  0x0200dd18       0x8c o:/devkitpro/devkitarm/bin/../lib/gcc/arm-none-eabi/6.3.0/../../../../arm-none-eabi/lib\libsysbase.a(read.o)
                0x0200dd18                _read_r
 .text._sbrk_r  0x0200dda4       0x70 o:/devkitpro/devkitarm/bin/../lib/gcc/arm-none-eabi/6.3.0/../../../../arm-none-eabi/lib\libsysbase.a(sbrk.o)
                0x0200dda4                _sbrk_r
 .text._write_r
                0x0200de14       0x8c o:/devkitpro/devkitarm/bin/../lib/gcc/arm-none-eabi/6.3.0/../../../../arm-none-eabi/lib\libsysbase.a(write.o)
                0x0200de14                _write_r
 .text.build_argv
                0x0200dea0       0x7c o:/devkitpro/devkitarm/bin/../lib/gcc/arm-none-eabi/6.3.0/../../../../arm-none-eabi/lib\libsysbase.a(build_argv.o)
                0x0200dea0                build_argv
 .text.__flockfile
                0x0200df1c       0x14 o:/devkitpro/devkitarm/bin/../lib/gcc/arm-none-eabi/6.3.0/../../../../arm-none-eabi/lib\libsysbase.a(flock.o)
                0x0200df1c                __flockfile
 .text.__funlockfile
                0x0200df30       0x14 o:/devkitpro/devkitarm/bin/../lib/gcc/arm-none-eabi/6.3.0/../../../../arm-none-eabi/lib\libsysbase.a(flock.o)
                0x0200df30                __funlockfile
 .text.__libc_lock_acquire
                0x0200df44       0x18 o:/devkitpro/devkitarm/bin/../lib/gcc/arm-none-eabi/6.3.0/../../../../arm-none-eabi/lib\libsysbase.a(syscall_support.o)
                0x0200df44                __libc_lock_acquire
 .text.__libc_lock_release
                0x0200df5c       0x18 o:/devkitpro/devkitarm/bin/../lib/gcc/arm-none-eabi/6.3.0/../../../../arm-none-eabi/lib\libsysbase.a(syscall_support.o)
                0x0200df5c                __libc_lock_release
 .text.__libc_lock_init_recursive
                0x0200df74       0x18 o:/devkitpro/devkitarm/bin/../lib/gcc/arm-none-eabi/6.3.0/../../../../arm-none-eabi/lib\libsysbase.a(syscall_support.o)
                0x0200df74                __libc_lock_init_recursive
 .text.__libc_lock_acquire_recursive
                0x0200df8c       0x18 o:/devkitpro/devkitarm/bin/../lib/gcc/arm-none-eabi/6.3.0/../../../../arm-none-eabi/lib\libsysbase.a(syscall_support.o)
                0x0200df8c                __libc_lock_acquire_recursive
 .text.__libc_lock_release_recursive
                0x0200dfa4       0x18 o:/devkitpro/devkitarm/bin/../lib/gcc/arm-none-eabi/6.3.0/../../../../arm-none-eabi/lib\libsysbase.a(syscall_support.o)
                0x0200dfa4                __libc_lock_release_recursive
 .text.__libc_lock_close_recursive
                0x0200dfbc       0x18 o:/devkitpro/devkitarm/bin/../lib/gcc/arm-none-eabi/6.3.0/../../../../arm-none-eabi/lib\libsysbase.a(syscall_support.o)
                0x0200dfbc                __libc_lock_close_recursive
 .text.__free_handle
                0x0200dfd4       0x58 o:/devkitpro/devkitarm/bin/../lib/gcc/arm-none-eabi/6.3.0/../../../../arm-none-eabi/lib\libsysbase.a(handle_manager.o)
                0x0200dfd4                __free_handle
 .text.__release_handle
                0x0200e02c       0x44 o:/devkitpro/devkitarm/bin/../lib/gcc/arm-none-eabi/6.3.0/../../../../arm-none-eabi/lib\libsysbase.a(handle_manager.o)
                0x0200e02c                __release_handle
 .text.__get_handle
                0x0200e070       0x18 o:/devkitpro/devkitarm/bin/../lib/gcc/arm-none-eabi/6.3.0/../../../../arm-none-eabi/lib\libsysbase.a(handle_manager.o)
                0x0200e070                __get_handle
 .text.__getreent
                0x0200e088       0x24 o:/devkitpro/devkitarm/bin/../lib/gcc/arm-none-eabi/6.3.0/../../../../arm-none-eabi/lib\libsysbase.a(getreent.o)
                0x0200e088                __getreent
 .text.__udivmoddi4
                0x0200e0ac      0x12c o:/devkitpro/devkitarm/bin/../lib/gcc/arm-none-eabi/6.3.0\libgcc.a(_udivmoddi4.o)
                0x0200e0ac                __udivmoddi4
 .text.__udivmoddi4.__stub
                0x0200e1d8       0x8c linker stubs
 *(EXCLUDE_FILE(*.twl*) .gnu.warning)
 *(EXCLUDE_FILE(*.twl*) .gnu.linkonce.t*)
 *(.glue_7)
 .glue_7        0x0200e278        0x0 linker stubs
 *(.glue_7t)
 .glue_7t       0x0200e278        0x0 linker stubs
                0x0200e278                . = ALIGN (0x4)

.vfp11_veneer   0x0200e278        0x0
 .vfp11_veneer  0x0200e278        0x0 linker stubs

.v4_bx          0x0200e278        0x0
 .v4_bx         0x0200e278        0x0 linker stubs

.iplt           0x0200e278        0x0
 .iplt          0x0200e278        0x0 o:/devkitpro/devkitarm/bin/../lib/gcc/arm-none-eabi/6.3.0/../../../../arm-none-eabi/lib/ds_arm9_crt0.o

.fini           0x0200e278       0x18
 *(.fini)
 .fini          0x0200e278        0xc o:/devkitpro/devkitarm/bin/../lib/gcc/arm-none-eabi/6.3.0/crti.o
                0x0200e278                _fini
 .fini          0x0200e284        0xc o:/devkitpro/devkitarm/bin/../lib/gcc/arm-none-eabi/6.3.0/crtn.o
                0x0200e290                __text_end = .

.rodata         0x0200e290     0x5b98
 *(EXCLUDE_FILE(*.twl*) .rodata)
 .rodata        0x0200e290     0x2004 O:/devkitPro/libnds/lib\libnds9.a(default_font.bin.o)
                0x0200e290                default_font_bin
                0x02010290                default_font_bin_size
                0x02010290                default_font_bin_end
 *all.rodata*(*)
 *(EXCLUDE_FILE(*.twl*) .roda)
 *(EXCLUDE_FILE(*.twl*) .rodata.*)
 .rodata.str1.4
                0x02010294       0x24 main.o
 .rodata.con_write
                0x020102b8       0xd4 O:/devkitPro/libnds/lib\libnds9.a(console.o)
 .rodata.con_write.str1.4
                0x0201038c       0x30 O:/devkitPro/libnds/lib\libnds9.a(console.o)
 .rodata.dotab_stdout
                0x020103bc       0x68 O:/devkitPro/libnds/lib\libnds9.a(console.o)
 .rodata.str1.4
                0x02010424       0x14 O:/devkitPro/libnds/lib\libnds9.a(console.o)
 .rodata.SIN_LUT
                0x02010438      0x102 O:/devkitPro/libnds/lib\libnds9.a(trig.o)
                0x02010438                SIN_LUT
 *fill*         0x0201053a        0x2 ff
 .rodata.basefix.6811
                0x0201053c       0x22 o:/devkitpro/devkitarm/bin/../lib/gcc/arm-none-eabi/6.3.0/../../../../arm-none-eabi/lib\libg.a(lib_a-svfiscanf.o)
 *fill*         0x0201055e        0x2 ff
 .rodata._vfiprintf_r.str1.4
                0x02010560       0x2f o:/devkitpro/devkitarm/bin/../lib/gcc/arm-none-eabi/6.3.0/../../../../arm-none-eabi/lib\libg.a(lib_a-vfiprintf.o)
 *fill*         0x0201058f        0x1 ff
 .rodata.blanks.7260
                0x02010590       0x10 o:/devkitpro/devkitarm/bin/../lib/gcc/arm-none-eabi/6.3.0/../../../../arm-none-eabi/lib\libg.a(lib_a-vfiprintf.o)
 .rodata.zeroes.7261
                0x020105a0       0x10 o:/devkitpro/devkitarm/bin/../lib/gcc/arm-none-eabi/6.3.0/../../../../arm-none-eabi/lib\libg.a(lib_a-vfiprintf.o)
 .rodata._jp2uc.str1.4
                0x020105b0       0x12 o:/devkitpro/devkitarm/bin/../lib/gcc/arm-none-eabi/6.3.0/../../../../arm-none-eabi/lib\libg.a(lib_a-jp2uc.o)
 *fill*         0x020105c2        0x2 ff
 .rodata.a1     0x020105c4       0xbc o:/devkitpro/devkitarm/bin/../lib/gcc/arm-none-eabi/6.3.0/../../../../arm-none-eabi/lib\libg.a(lib_a-jp2uc.o)
 .rodata.a2     0x02010680       0xbc o:/devkitpro/devkitarm/bin/../lib/gcc/arm-none-eabi/6.3.0/../../../../arm-none-eabi/lib\libg.a(lib_a-jp2uc.o)
 .rodata.a3     0x0201073c       0x5b o:/devkitpro/devkitarm/bin/../lib/gcc/arm-none-eabi/6.3.0/../../../../arm-none-eabi/lib\libg.a(lib_a-jp2uc.o)
 *fill*         0x02010797        0x1 ff
 .rodata.a6     0x02010798       0x70 o:/devkitpro/devkitarm/bin/../lib/gcc/arm-none-eabi/6.3.0/../../../../arm-none-eabi/lib\libg.a(lib_a-jp2uc.o)
 .rodata.a7     0x02010808       0xa2 o:/devkitpro/devkitarm/bin/../lib/gcc/arm-none-eabi/6.3.0/../../../../arm-none-eabi/lib\libg.a(lib_a-jp2uc.o)
 *fill*         0x020108aa        0x2 ff
 .rodata.a8     0x020108ac       0x40 o:/devkitpro/devkitarm/bin/../lib/gcc/arm-none-eabi/6.3.0/../../../../arm-none-eabi/lib\libg.a(lib_a-jp2uc.o)
 .rodata.b02cf  0x020108ec     0x172a o:/devkitpro/devkitarm/bin/../lib/gcc/arm-none-eabi/6.3.0/../../../../arm-none-eabi/lib\libg.a(lib_a-jp2uc.o)
 *fill*         0x02012016        0x2 ff
 .rodata.d02f4  0x02012018     0x1a7c o:/devkitpro/devkitarm/bin/../lib/gcc/arm-none-eabi/6.3.0/../../../../arm-none-eabi/lib\libg.a(lib_a-jp2uc.o)
 .rodata.str1.4
                0x02013a94       0x48 o:/devkitpro/devkitarm/bin/../lib/gcc/arm-none-eabi/6.3.0/../../../../arm-none-eabi/lib\libg.a(lib_a-locale.o)
                                 0x4c (size before relaxing)
 .rodata._mbrtowc_r.str1.4
                0x02013adc        0x1 o:/devkitpro/devkitarm/bin/../lib/gcc/arm-none-eabi/6.3.0/../../../../arm-none-eabi/lib\libg.a(lib_a-mbrtowc.o)
 .rodata.__action_table
                0x02013adc       0x6c o:/devkitpro/devkitarm/bin/../lib/gcc/arm-none-eabi/6.3.0/../../../../arm-none-eabi/lib\libg.a(lib_a-svfiprintf.o)
                0x02013adc                __action_table
 .rodata.__chclass
                0x02013b48      0x100 o:/devkitpro/devkitarm/bin/../lib/gcc/arm-none-eabi/6.3.0/../../../../arm-none-eabi/lib\libg.a(lib_a-svfiprintf.o)
                0x02013b48                __chclass
 .rodata.__state_table
                0x02013c48       0x6c o:/devkitpro/devkitarm/bin/../lib/gcc/arm-none-eabi/6.3.0/../../../../arm-none-eabi/lib\libg.a(lib_a-svfiprintf.o)
                0x02013c48                __state_table
 .rodata._ctype_
                0x02013cb4      0x101 o:/devkitpro/devkitarm/bin/../lib/gcc/arm-none-eabi/6.3.0/../../../../arm-none-eabi/lib\libg.a(lib_a-ctype_.o)
                0x02013cb4                _ctype_
 *fill*         0x02013db5        0x3 ff
 .rodata.AddDevice.str1.4
                0x02013db8        0x8 o:/devkitpro/devkitarm/bin/../lib/gcc/arm-none-eabi/6.3.0/../../../../arm-none-eabi/lib\libsysbase.a(iosupport.o)
 .rodata.dotab_stdnull
                0x02013dc0       0x68 o:/devkitpro/devkitarm/bin/../lib/gcc/arm-none-eabi/6.3.0/../../../../arm-none-eabi/lib\libsysbase.a(iosupport.o)
                0x02013dc0                dotab_stdnull
 *(EXCLUDE_FILE(*.twl*) .gnu.linkonce.r*)
                0x02013e28                . = ALIGN (0x4)

.ARM.extab
 *(.ARM.extab* .gnu.linkonce.armextab.*)
                0x02013e28                __exidx_start = .

ARM.exidx
 *(.ARM.exidx* .gnu.linkonce.armexidx.*)
                0x02013e28                __exidx_end = .
                0x02013e28                . = ALIGN (0x4)
                0x02013e28                PROVIDE (__preinit_array_start, .)

.preinit_array
 *(.preinit_array)
                0x02013e28                PROVIDE (__preinit_array_end, .)
                0x02013e28                PROVIDE (__init_array_start, .)

.init_array     0x02013e28        0x4
 *(SORT(.init_array.*))
 *(.init_array)
 .init_array    0x02013e28        0x4 o:/devkitpro/devkitarm/bin/../lib/gcc/arm-none-eabi/6.3.0/crtbegin.o
                0x02013e2c                PROVIDE (__init_array_end, .)
                [!provide]                PROVIDE (__fini_array_start, .)

.fini_array     0x02013e2c        0x4
 *(.fini_array)
 .fini_array    0x02013e2c        0x4 o:/devkitpro/devkitarm/bin/../lib/gcc/arm-none-eabi/6.3.0/crtbegin.o
 *(SORT(.fini_array.*))
                [!provide]                PROVIDE (__fini_array_end, .)

.ctors          0x02013e30        0x0
 *crtbegin.o(.ctors)
 *(EXCLUDE_FILE(*crtend.o) .ctors)
 *(SORT(.ctors.*))
 *(.ctors)
                0x02013e30                . = ALIGN (0x4)

.dtors          0x02013e30        0x0
 *crtbegin.o(.dtors)
 *(EXCLUDE_FILE(*crtend.o) .dtors)
 *(SORT(.dtors.*))
 *(.dtors)
                0x02013e30                . = ALIGN (0x4)

.eh_frame       0x02013e30        0x4
 *(.eh_frame)
 .eh_frame      0x02013e30        0x0 o:/devkitpro/devkitarm/bin/../lib/gcc/arm-none-eabi/6.3.0/crtbegin.o
 .eh_frame      0x02013e30        0x4 o:/devkitpro/devkitarm/bin/../lib/gcc/arm-none-eabi/6.3.0/crtend.o
                0x02013e34                . = ALIGN (0x4)

.rel.dyn        0x02013e34        0x0
 .rel.iplt      0x02013e34        0x0 o:/devkitpro/devkitarm/bin/../lib/gcc/arm-none-eabi/6.3.0/../../../../arm-none-eabi/lib/ds_arm9_crt0.o

.gcc_except_table
                0x02013e34        0x0
 *(.gcc_except_table)
                0x02013e34                . = ALIGN (0x4)

.jcr            0x02013e34        0x4
 *(.jcr)
 .jcr           0x02013e34        0x0 o:/devkitpro/devkitarm/bin/../lib/gcc/arm-none-eabi/6.3.0/crtbegin.o
 .jcr           0x02013e34        0x4 o:/devkitpro/devkitarm/bin/../lib/gcc/arm-none-eabi/6.3.0/crtend.o

.got
 *(.got.plt)
 *(.got)
 *(.rel.got)

.ewram          0x02013e38        0x0
                0x02013e38                __ewram_start = ABSOLUTE (.)
 *(.ewram)
 *ewram.*(.text)
                0x02013e38                . = ALIGN (0x4)

.data           0x02013e38     0x1b70
                0x02013e38                __data_start = ABSOLUTE (.)
 *(EXCLUDE_FILE(*.twl*) .data)
 .data          0x02013e38       0x28 O:/devkitPro/libnds/lib\libnds9.a(mpu_setup.o)
 *(EXCLUDE_FILE(*.twl*) .data.*)
 .data.currentConsole
                0x02013e60        0x4 O:/devkitPro/libnds/lib\libnds9.a(console.o)
                0x02013e60                currentConsole
 .data.defaultConsole
                0x02013e64       0x5c O:/devkitPro/libnds/lib\libnds9.a(console.o)
                0x02013e64                defaultConsole
 .data.firstConsoleInit.6480
                0x02013ec0        0x1 O:/devkitPro/libnds/lib\libnds9.a(console.o)
 *fill*         0x02013ec1        0x3 ff
 .data.bgControl
                0x02013ec4       0x20 O:/devkitPro/libnds/lib\libnds9.a(background.o)
                0x02013ec4                bgControl
 .data.bgScrollTable
                0x02013ee4       0x20 O:/devkitPro/libnds/lib\libnds9.a(background.o)
                0x02013ee4                bgScrollTable
 .data.bgTransform
                0x02013f04       0x20 O:/devkitPro/libnds/lib\libnds9.a(background.o)
                0x02013f04                bgTransform
 .data.count    0x02013f24        0x1 O:/devkitPro/libnds/lib\libnds9.a(keys.o)
 .data.delay    0x02013f25        0x1 O:/devkitPro/libnds/lib\libnds9.a(keys.o)
 .data.repeat   0x02013f26        0x1 O:/devkitPro/libnds/lib\libnds9.a(keys.o)
 *fill*         0x02013f27        0x1 ff
 .data.fifo_buffer_free
                0x02013f28        0x4 O:/devkitPro/libnds/lib\libnds9.a(fifosystem.o)
                0x02013f28                fifo_buffer_free
 .data.fifo_freewords
                0x02013f2c        0x4 O:/devkitPro/libnds/lib\libnds9.a(fifosystem.o)
                0x02013f2c                fifo_freewords
 .data.fifo_receive_queue
                0x02013f30        0x4 O:/devkitPro/libnds/lib\libnds9.a(fifosystem.o)
                0x02013f30                fifo_receive_queue
 .data.fifo_send_queue
                0x02013f34        0x4 O:/devkitPro/libnds/lib\libnds9.a(fifosystem.o)
                0x02013f34                fifo_send_queue
 .data.__sfp_lock
                0x02013f38        0xc o:/devkitpro/devkitarm/bin/../lib/gcc/arm-none-eabi/6.3.0/../../../../arm-none-eabi/lib\libg.a(lib_a-findfp.o)
 .data.__sinit_lock
                0x02013f44        0xc o:/devkitpro/devkitarm/bin/../lib/gcc/arm-none-eabi/6.3.0/../../../../arm-none-eabi/lib\libg.a(lib_a-findfp.o)
 .data._impure_ptr
                0x02013f50        0x4 o:/devkitpro/devkitarm/bin/../lib/gcc/arm-none-eabi/6.3.0/../../../../arm-none-eabi/lib\libg.a(lib_a-impure.o)
                0x02013f50                _impure_ptr
 *fill*         0x02013f54        0x4 ff
 .data.impure_data
                0x02013f58      0x460 o:/devkitpro/devkitarm/bin/../lib/gcc/arm-none-eabi/6.3.0/../../../../arm-none-eabi/lib\libg.a(lib_a-impure.o)
 .data.__global_locale
                0x020143b8      0x16c o:/devkitpro/devkitarm/bin/../lib/gcc/arm-none-eabi/6.3.0/../../../../arm-none-eabi/lib\libg.a(lib_a-locale.o)
                0x020143b8                __global_locale
 .data.__malloc_av_
                0x02014524      0x408 o:/devkitpro/devkitarm/bin/../lib/gcc/arm-none-eabi/6.3.0/../../../../arm-none-eabi/lib\libg.a(lib_a-mallocr.o)
                0x02014524                __malloc_av_
 .data.__malloc_sbrk_base
                0x0201492c        0x4 o:/devkitpro/devkitarm/bin/../lib/gcc/arm-none-eabi/6.3.0/../../../../arm-none-eabi/lib\libg.a(lib_a-mallocr.o)
                0x0201492c                __malloc_sbrk_base
 .data.__malloc_trim_threshold
                0x02014930        0x4 o:/devkitpro/devkitarm/bin/../lib/gcc/arm-none-eabi/6.3.0/../../../../arm-none-eabi/lib\libg.a(lib_a-mallocr.o)
                0x02014930                __malloc_trim_threshold
 .data.__malloc_lock_object
                0x02014934        0xc o:/devkitpro/devkitarm/bin/../lib/gcc/arm-none-eabi/6.3.0/../../../../arm-none-eabi/lib\libg.a(lib_a-mlock.o)
 .data.devoptab_list
                0x02014940       0x40 o:/devkitpro/devkitarm/bin/../lib/gcc/arm-none-eabi/6.3.0/../../../../arm-none-eabi/lib\libsysbase.a(iosupport.o)
                0x02014940                devoptab_list
 .data.__hndl_lock
                0x02014980        0x4 o:/devkitpro/devkitarm/bin/../lib/gcc/arm-none-eabi/6.3.0/../../../../arm-none-eabi/lib\libsysbase.a(handle_manager.o)
 .data.__stderr_handle
                0x02014984        0xc o:/devkitpro/devkitarm/bin/../lib/gcc/arm-none-eabi/6.3.0/../../../../arm-none-eabi/lib\libsysbase.a(handle_manager.o)
 .data.__stdin_handle
                0x02014990        0xc o:/devkitpro/devkitarm/bin/../lib/gcc/arm-none-eabi/6.3.0/../../../../arm-none-eabi/lib\libsysbase.a(handle_manager.o)
 .data.__stdout_handle
                0x0201499c        0xc o:/devkitpro/devkitarm/bin/../lib/gcc/arm-none-eabi/6.3.0/../../../../arm-none-eabi/lib\libsysbase.a(handle_manager.o)
 .data.handles  0x020149a8     0x1000 o:/devkitpro/devkitarm/bin/../lib/gcc/arm-none-eabi/6.3.0/../../../../arm-none-eabi/lib\libsysbase.a(handle_manager.o)
 *(EXCLUDE_FILE(*.twl*) .gnu.linkonce.d*)
                0x020159a8                . = ALIGN (0x4)
                0x020159a8                __data_end = ABSOLUTE (.)
                0x020159a8                __bss_vma = .

.igot.plt       0x020159a8        0x0
 .igot.plt      0x020159a8        0x0 o:/devkitpro/devkitarm/bin/../lib/gcc/arm-none-eabi/6.3.0/../../../../arm-none-eabi/lib/ds_arm9_crt0.o

.tm_clone_table
                0x020159a8        0x0
 .tm_clone_table
                0x020159a8        0x0 o:/devkitpro/devkitarm/bin/../lib/gcc/arm-none-eabi/6.3.0/crtbegin.o
 .tm_clone_table
                0x020159a8        0x0 o:/devkitpro/devkitarm/bin/../lib/gcc/arm-none-eabi/6.3.0/crtend.o

.dtcm           0x0b000000        0x0 load address 0x020159a8
                0x020159a8                __dtcm_lma = LOADADDR (.dtcm)
                0x0b000000                __dtcm_start = ABSOLUTE (.)
 *(.dtcm)
 *(.dtcm.*)
                0x0b000000                . = ALIGN (0x4)
                0x0b000000                __dtcm_end = ABSOLUTE (.)

.itcm           0x01000100      0x194 load address 0x020159a8
                0x020159a8                __itcm_lma = LOADADDR (.itcm)
                0x01000100                __itcm_start = ABSOLUTE (.)
 *(.itcm)
 .itcm          0x01000100       0xc8 O:/devkitPro/libnds/lib\libnds9.a(interrupts.o)
                0x01000100                irqTable
 .itcm          0x010001c8       0xcc O:/devkitPro/libnds/lib\libnds9.a(interruptDispatcher.o)
                0x010001c8                IntrMain
 *.itcm*(.text .stub .text.*)
                0x01000294                . = ALIGN (0x4)
                0x01000294                __itcm_end = ABSOLUTE (.)

.vectors        0x01000000        0x0 load address 0x02015b3c
                0x02015b3c                __vectors_lma = LOADADDR (.vectors)
                0x01000000                __vectors_start = ABSOLUTE (.)
 *(.vectors)
 *.vectors*(.text .stub .text.*)
                0x01000000                . = ALIGN (0x4)
                0x01000000                __vectors_end = ABSOLUTE (.)

.sbss           0x0b000000        0x0
                0x0b000000                __sbss_start = ABSOLUTE (.)
                0x0b000000                __sbss_start__ = ABSOLUTE (.)
 *(.sbss)
                0x0b000000                . = ALIGN (0x4)
                0x0b000000                __sbss_end = ABSOLUTE (.)

.bss            0x020159a8      0xc94
                0x020159a8                __bss_start = ABSOLUTE (.)
                0x020159a8                __bss_start__ = ABSOLUTE (.)
 *(EXCLUDE_FILE(*.twl*) .dynbss)
 *(EXCLUDE_FILE(*.twl*) .gnu.linkonce.b*)
 *(EXCLUDE_FILE(*.twl*) .bss*)
 .bss.completed.6497
                0x020159a8        0x1 o:/devkitpro/devkitarm/bin/../lib/gcc/arm-none-eabi/6.3.0/crtbegin.o
 *fill*         0x020159a9        0x3 
 .bss.object.6502
                0x020159ac       0x18 o:/devkitpro/devkitarm/bin/../lib/gcc/arm-none-eabi/6.3.0/crtbegin.o
 .bss.keys      0x020159c4        0x2 O:/devkitPro/libnds/lib\libnds9.a(keys.o)
 .bss.keysold   0x020159c6        0x2 O:/devkitPro/libnds/lib\libnds9.a(keys.o)
 .bss.keysrepeat
                0x020159c8        0x2 O:/devkitPro/libnds/lib\libnds9.a(keys.o)
 *fill*         0x020159ca        0x2 
 .bss.__timeout
                0x020159cc        0x4 O:/devkitPro/libnds/lib\libnds9.a(fifosystem.o)
 .bss.processing
                0x020159d0        0x4 O:/devkitPro/libnds/lib\libnds9.a(fifosystem.o)
                0x020159d0                processing
 .bss.SDcallback
                0x020159d4        0x4 O:/devkitPro/libnds/lib\libnds9.a(system.o)
 .bss.__malloc_current_mallinfo
                0x020159d8       0x28 o:/devkitpro/devkitarm/bin/../lib/gcc/arm-none-eabi/6.3.0/../../../../arm-none-eabi/lib\libg.a(lib_a-mallocr.o)
                0x020159d8                __malloc_current_mallinfo
 .bss.__malloc_max_sbrked_mem
                0x02015a00        0x4 o:/devkitpro/devkitarm/bin/../lib/gcc/arm-none-eabi/6.3.0/../../../../arm-none-eabi/lib\libg.a(lib_a-mallocr.o)
                0x02015a00                __malloc_max_sbrked_mem
 .bss.__malloc_max_total_mem
                0x02015a04        0x4 o:/devkitpro/devkitarm/bin/../lib/gcc/arm-none-eabi/6.3.0/../../../../arm-none-eabi/lib\libg.a(lib_a-mallocr.o)
                0x02015a04                __malloc_max_total_mem
 .bss.__malloc_top_pad
                0x02015a08        0x4 o:/devkitpro/devkitarm/bin/../lib/gcc/arm-none-eabi/6.3.0/../../../../arm-none-eabi/lib\libg.a(lib_a-mallocr.o)
                0x02015a08                __malloc_top_pad
 .bss.heap_start.5804
                0x02015a0c        0x4 o:/devkitpro/devkitarm/bin/../lib/gcc/arm-none-eabi/6.3.0/../../../../arm-none-eabi/lib\libsysbase.a(sbrk.o)
 .bss.fake_heap_end
                0x02015a10        0x4 o:/devkitpro/devkitarm/bin/../lib/gcc/arm-none-eabi/6.3.0/../../../../arm-none-eabi/lib\libsysbase.a(malloc_vars.o)
                0x02015a10                fake_heap_end
 .bss.fake_heap_start
                0x02015a14        0x4 o:/devkitpro/devkitarm/bin/../lib/gcc/arm-none-eabi/6.3.0/../../../../arm-none-eabi/lib\libsysbase.a(malloc_vars.o)
                0x02015a14                fake_heap_start
 .bss.__syscalls
                0x02015a18       0x38 o:/devkitpro/devkitarm/bin/../lib/gcc/arm-none-eabi/6.3.0/../../../../arm-none-eabi/lib\libsysbase.a(syscall_support.o)
                0x02015a18                __syscalls
 *(EXCLUDE_FILE(*.twl*) COMMON)
 COMMON         0x02015a50       0x5c O:/devkitPro/libnds/lib\libnds9.a(console.o)
                0x02015a50                currentCopy
 COMMON         0x02015aac      0x148 O:/devkitPro/libnds/lib\libnds9.a(background.o)
                0x02015aac                bgState
                0x02015bec                bgIsTextLut
 COMMON         0x02015bf4        0x1 O:/devkitPro/libnds/lib\libnds9.a(initSystem.o)
                0x02015bf4                __dsimode
 *fill*         0x02015bf5        0x3 
 COMMON         0x02015bf8        0x4 O:/devkitPro/libnds/lib\libnds9.a(timeSupport.o)
                0x02015bf8                punixTime
 COMMON         0x02015bfc      0xa40 O:/devkitPro/libnds/lib\libnds9.a(fifosystem.o)
                0x02015bfc                fifo_datamsg_data
                0x02015c3c                fifo_buffer
                0x0201643c                fifo_value32_func
                0x0201647c                fifo_address_func
                0x020164bc                fifo_value32_data
                0x020164fc                fifo_value32_queue
                0x0201653c                fifo_data_queue
                0x0201657c                fifo_address_data
                0x020165bc                fifo_datamsg_func
                0x020165fc                fifo_address_queue
                0x0201663c                . = ALIGN (0x4)
                0x0201663c                __bss_end__ = ABSOLUTE (.)
                0x0201663c                __end__ = ABSOLUTE (.)

.twl            0x0201663c        0x0 load address 0x02400000
                0x02400000                __arm9i_lma__ = LOADADDR (.twl)
                0x0201663c                __arm9i_start__ = ABSOLUTE (.)
 *(.twl)
 *.twl*(.text .stub .text.* .gnu.linkonce.t.*)
 *.twl*(.rodata)
 *.twl*(.roda)
 *.twl*(.rodata.*)
 *.twl*(.data)
 *.twl*(.data.*)
 *.twl*(.gnu.linkonce.d*)
                0x0201663c                __arm9i_end__ = ABSOLUTE (.)

.twl_bss        0x0201663c        0x0
                0x0201663c                __twl_bss_start__ = ABSOLUTE (.)
 *(.twl_bss)
 *.twl*(.dynbss)
 *.twl*(.gnu.linkonce.b*)
 *.twl*(.bss*)
 *.twl*(COMMON)
                0x0201663c                . = ALIGN (0x4)
                0x0201663c                __twl_bss_end__ = ABSOLUTE (.)
                0x0201663c                __twl_end__ = ABSOLUTE (.)

.stab
 *(.stab)

.stabstr
 *(.stabstr)

.stab.excl
 *(.stab.excl)

.stab.exclstr
 *(.stab.exclstr)

.stab.index
 *(.stab.index)

.stab.indexstr
 *(.stab.indexstr)

.comment        0x00000000       0x22
 *(.comment)
 .comment       0x00000000       0x22 o:/devkitpro/devkitarm/bin/../lib/gcc/arm-none-eabi/6.3.0/crtbegin.o
                                 0x23 (size before relaxing)
 .comment       0x00000022       0x23 main.o
 .comment       0x00000022       0x23 O:/devkitPro/libnds/lib\libnds9.a(console.o)
 .comment       0x00000022       0x23 O:/devkitPro/libnds/lib\libnds9.a(touch.o)
 .comment       0x00000022       0x23 O:/devkitPro/libnds/lib\libnds9.a(background.o)
 .comment       0x00000022       0x23 O:/devkitPro/libnds/lib\libnds9.a(trig.o)
 .comment       0x00000022       0x23 O:/devkitPro/libnds/lib\libnds9.a(keys.o)
 .comment       0x00000022       0x23 O:/devkitPro/libnds/lib\libnds9.a(initSystem.o)
 .comment       0x00000022       0x23 O:/devkitPro/libnds/lib\libnds9.a(timeSupport.o)
 .comment       0x00000022       0x23 O:/devkitPro/libnds/lib\libnds9.a(securearea.o)
 .comment       0x00000022       0x23 O:/devkitPro/libnds/lib\libnds9.a(interrupts.o)
 .comment       0x00000022       0x23 O:/devkitPro/libnds/lib\libnds9.a(libnds_exit.arm.o)
 .comment       0x00000022       0x23 O:/devkitPro/libnds/lib\libnds9.a(fifosystem.o)
 .comment       0x00000022       0x23 O:/devkitPro/libnds/lib\libnds9.a(video.o)
 .comment       0x00000022       0x23 O:/devkitPro/libnds/lib\libnds9.a(system.o)
 .comment       0x00000022       0x23 o:/devkitpro/devkitarm/bin/../lib/gcc/arm-none-eabi/6.3.0/../../../../arm-none-eabi/lib\libg.a(lib_a-init.o)
 .comment       0x00000022       0x23 o:/devkitpro/devkitarm/bin/../lib/gcc/arm-none-eabi/6.3.0/../../../../arm-none-eabi/lib\libg.a(lib_a-iprintf.o)
 .comment       0x00000022       0x23 o:/devkitpro/devkitarm/bin/../lib/gcc/arm-none-eabi/6.3.0/../../../../arm-none-eabi/lib\libg.a(lib_a-memcpy-stub.o)
 .comment       0x00000022       0x23 o:/devkitpro/devkitarm/bin/../lib/gcc/arm-none-eabi/6.3.0/../../../../arm-none-eabi/lib\libg.a(lib_a-memset.o)
 .comment       0x00000022       0x23 o:/devkitpro/devkitarm/bin/../lib/gcc/arm-none-eabi/6.3.0/../../../../arm-none-eabi/lib\libg.a(lib_a-setvbuf.o)
 .comment       0x00000022       0x23 o:/devkitpro/devkitarm/bin/../lib/gcc/arm-none-eabi/6.3.0/../../../../arm-none-eabi/lib\libg.a(lib_a-siscanf.o)
 .comment       0x00000022       0x23 o:/devkitpro/devkitarm/bin/../lib/gcc/arm-none-eabi/6.3.0/../../../../arm-none-eabi/lib\libg.a(lib_a-stdio.o)
 .comment       0x00000022       0x23 o:/devkitpro/devkitarm/bin/../lib/gcc/arm-none-eabi/6.3.0/../../../../arm-none-eabi/lib\libg.a(lib_a-strlen-stub.o)
 .comment       0x00000022       0x23 o:/devkitpro/devkitarm/bin/../lib/gcc/arm-none-eabi/6.3.0/../../../../arm-none-eabi/lib\libg.a(lib_a-svfiscanf.o)
 .comment       0x00000022       0x23 o:/devkitpro/devkitarm/bin/../lib/gcc/arm-none-eabi/6.3.0/../../../../arm-none-eabi/lib\libg.a(lib_a-ungetc.o)
 .comment       0x00000022       0x23 o:/devkitpro/devkitarm/bin/../lib/gcc/arm-none-eabi/6.3.0/../../../../arm-none-eabi/lib\libg.a(lib_a-vfiprintf.o)
 .comment       0x00000022       0x23 o:/devkitpro/devkitarm/bin/../lib/gcc/arm-none-eabi/6.3.0/../../../../arm-none-eabi/lib\libg.a(lib_a-wcrtomb.o)
 .comment       0x00000022       0x23 o:/devkitpro/devkitarm/bin/../lib/gcc/arm-none-eabi/6.3.0/../../../../arm-none-eabi/lib\libg.a(lib_a-wcsrtombs.o)
 .comment       0x00000022       0x23 o:/devkitpro/devkitarm/bin/../lib/gcc/arm-none-eabi/6.3.0/../../../../arm-none-eabi/lib\libg.a(lib_a-wsetup.o)
 .comment       0x00000022       0x23 o:/devkitpro/devkitarm/bin/../lib/gcc/arm-none-eabi/6.3.0/../../../../arm-none-eabi/lib\libg.a(lib_a-fflush.o)
 .comment       0x00000022       0x23 o:/devkitpro/devkitarm/bin/../lib/gcc/arm-none-eabi/6.3.0/../../../../arm-none-eabi/lib\libg.a(lib_a-findfp.o)
 .comment       0x00000022       0x23 o:/devkitpro/devkitarm/bin/../lib/gcc/arm-none-eabi/6.3.0/../../../../arm-none-eabi/lib\libg.a(lib_a-freer.o)
 .comment       0x00000022       0x23 o:/devkitpro/devkitarm/bin/../lib/gcc/arm-none-eabi/6.3.0/../../../../arm-none-eabi/lib\libg.a(lib_a-fvwrite.o)
 .comment       0x00000022       0x23 o:/devkitpro/devkitarm/bin/../lib/gcc/arm-none-eabi/6.3.0/../../../../arm-none-eabi/lib\libg.a(lib_a-fwalk.o)
 .comment       0x00000022       0x23 o:/devkitpro/devkitarm/bin/../lib/gcc/arm-none-eabi/6.3.0/../../../../arm-none-eabi/lib\libg.a(lib_a-impure.o)
 .comment       0x00000022       0x23 o:/devkitpro/devkitarm/bin/../lib/gcc/arm-none-eabi/6.3.0/../../../../arm-none-eabi/lib\libg.a(lib_a-iswspace.o)
 .comment       0x00000022       0x23 o:/devkitpro/devkitarm/bin/../lib/gcc/arm-none-eabi/6.3.0/../../../../arm-none-eabi/lib\libg.a(lib_a-jp2uc.o)
 .comment       0x00000022       0x23 o:/devkitpro/devkitarm/bin/../lib/gcc/arm-none-eabi/6.3.0/../../../../arm-none-eabi/lib\libg.a(lib_a-localeconv.o)
 .comment       0x00000022       0x23 o:/devkitpro/devkitarm/bin/../lib/gcc/arm-none-eabi/6.3.0/../../../../arm-none-eabi/lib\libg.a(lib_a-locale.o)
 .comment       0x00000022       0x23 o:/devkitpro/devkitarm/bin/../lib/gcc/arm-none-eabi/6.3.0/../../../../arm-none-eabi/lib\libg.a(lib_a-makebuf.o)
 .comment       0x00000022       0x23 o:/devkitpro/devkitarm/bin/../lib/gcc/arm-none-eabi/6.3.0/../../../../arm-none-eabi/lib\libg.a(lib_a-malloc.o)
 .comment       0x00000022       0x23 o:/devkitpro/devkitarm/bin/../lib/gcc/arm-none-eabi/6.3.0/../../../../arm-none-eabi/lib\libg.a(lib_a-mallocr.o)
 .comment       0x00000022       0x23 o:/devkitpro/devkitarm/bin/../lib/gcc/arm-none-eabi/6.3.0/../../../../arm-none-eabi/lib\libg.a(lib_a-mbrtowc.o)
 .comment       0x00000022       0x23 o:/devkitpro/devkitarm/bin/../lib/gcc/arm-none-eabi/6.3.0/../../../../arm-none-eabi/lib\libg.a(lib_a-mbtowc_r.o)
 .comment       0x00000022       0x23 o:/devkitpro/devkitarm/bin/../lib/gcc/arm-none-eabi/6.3.0/../../../../arm-none-eabi/lib\libg.a(lib_a-memchr-stub.o)
 .comment       0x00000022       0x23 o:/devkitpro/devkitarm/bin/../lib/gcc/arm-none-eabi/6.3.0/../../../../arm-none-eabi/lib\libg.a(lib_a-memmove.o)
 .comment       0x00000022       0x23 o:/devkitpro/devkitarm/bin/../lib/gcc/arm-none-eabi/6.3.0/../../../../arm-none-eabi/lib\libg.a(lib_a-mlock.o)
 .comment       0x00000022       0x23 o:/devkitpro/devkitarm/bin/../lib/gcc/arm-none-eabi/6.3.0/../../../../arm-none-eabi/lib\libg.a(lib_a-reallocr.o)
 .comment       0x00000022       0x23 o:/devkitpro/devkitarm/bin/../lib/gcc/arm-none-eabi/6.3.0/../../../../arm-none-eabi/lib\libg.a(lib_a-sccl.o)
 .comment       0x00000022       0x23 o:/devkitpro/devkitarm/bin/../lib/gcc/arm-none-eabi/6.3.0/../../../../arm-none-eabi/lib\libg.a(lib_a-strncpy.o)
 .comment       0x00000022       0x23 o:/devkitpro/devkitarm/bin/../lib/gcc/arm-none-eabi/6.3.0/../../../../arm-none-eabi/lib\libg.a(lib_a-strtoll.o)
 .comment       0x00000022       0x23 o:/devkitpro/devkitarm/bin/../lib/gcc/arm-none-eabi/6.3.0/../../../../arm-none-eabi/lib\libg.a(lib_a-strtol.o)
 .comment       0x00000022       0x23 o:/devkitpro/devkitarm/bin/../lib/gcc/arm-none-eabi/6.3.0/../../../../arm-none-eabi/lib\libg.a(lib_a-strtoull.o)
 .comment       0x00000022       0x23 o:/devkitpro/devkitarm/bin/../lib/gcc/arm-none-eabi/6.3.0/../../../../arm-none-eabi/lib\libg.a(lib_a-strtoul.o)
 .comment       0x00000022       0x23 o:/devkitpro/devkitarm/bin/../lib/gcc/arm-none-eabi/6.3.0/../../../../arm-none-eabi/lib\libg.a(lib_a-svfiprintf.o)
 .comment       0x00000022       0x23 o:/devkitpro/devkitarm/bin/../lib/gcc/arm-none-eabi/6.3.0/../../../../arm-none-eabi/lib\libg.a(lib_a-wcsnrtombs.o)
 .comment       0x00000022       0x23 o:/devkitpro/devkitarm/bin/../lib/gcc/arm-none-eabi/6.3.0/../../../../arm-none-eabi/lib\libg.a(lib_a-wctomb_r.o)
 .comment       0x00000022       0x23 o:/devkitpro/devkitarm/bin/../lib/gcc/arm-none-eabi/6.3.0/../../../../arm-none-eabi/lib\libg.a(lib_a-ctype_.o)
 .comment       0x00000022       0x23 o:/devkitpro/devkitarm/bin/../lib/gcc/arm-none-eabi/6.3.0/../../../../arm-none-eabi/lib\libg.a(lib_a-fclose.o)
 .comment       0x00000022       0x23 o:/devkitpro/devkitarm/bin/../lib/gcc/arm-none-eabi/6.3.0/../../../../arm-none-eabi/lib\libsysbase.a(iosupport.o)
 .comment       0x00000022       0x23 o:/devkitpro/devkitarm/bin/../lib/gcc/arm-none-eabi/6.3.0/../../../../arm-none-eabi/lib\libsysbase.a(close.o)
 .comment       0x00000022       0x23 o:/devkitpro/devkitarm/bin/../lib/gcc/arm-none-eabi/6.3.0/../../../../arm-none-eabi/lib\libsysbase.a(fstat.o)
 .comment       0x00000022       0x23 o:/devkitpro/devkitarm/bin/../lib/gcc/arm-none-eabi/6.3.0/../../../../arm-none-eabi/lib\libsysbase.a(isatty.o)
 .comment       0x00000022       0x23 o:/devkitpro/devkitarm/bin/../lib/gcc/arm-none-eabi/6.3.0/../../../../arm-none-eabi/lib\libsysbase.a(lseek.o)
 .comment       0x00000022       0x23 o:/devkitpro/devkitarm/bin/../lib/gcc/arm-none-eabi/6.3.0/../../../../arm-none-eabi/lib\libsysbase.a(read.o)
 .comment       0x00000022       0x23 o:/devkitpro/devkitarm/bin/../lib/gcc/arm-none-eabi/6.3.0/../../../../arm-none-eabi/lib\libsysbase.a(sbrk.o)
 .comment       0x00000022       0x23 o:/devkitpro/devkitarm/bin/../lib/gcc/arm-none-eabi/6.3.0/../../../../arm-none-eabi/lib\libsysbase.a(write.o)
 .comment       0x00000022       0x23 o:/devkitpro/devkitarm/bin/../lib/gcc/arm-none-eabi/6.3.0/../../../../arm-none-eabi/lib\libsysbase.a(malloc_vars.o)
 .comment       0x00000022       0x23 o:/devkitpro/devkitarm/bin/../lib/gcc/arm-none-eabi/6.3.0/../../../../arm-none-eabi/lib\libsysbase.a(build_argv.o)
 .comment       0x00000022       0x23 o:/devkitpro/devkitarm/bin/../lib/gcc/arm-none-eabi/6.3.0/../../../../arm-none-eabi/lib\libsysbase.a(flock.o)
 .comment       0x00000022       0x23 o:/devkitpro/devkitarm/bin/../lib/gcc/arm-none-eabi/6.3.0/../../../../arm-none-eabi/lib\libsysbase.a(syscall_support.o)
 .comment       0x00000022       0x23 o:/devkitpro/devkitarm/bin/../lib/gcc/arm-none-eabi/6.3.0/../../../../arm-none-eabi/lib\libsysbase.a(handle_manager.o)
 .comment       0x00000022       0x23 o:/devkitpro/devkitarm/bin/../lib/gcc/arm-none-eabi/6.3.0/../../../../arm-none-eabi/lib\libsysbase.a(getreent.o)
 .comment       0x00000022       0x23 o:/devkitpro/devkitarm/bin/../lib/gcc/arm-none-eabi/6.3.0\libgcc.a(_udivmoddi4.o)
 .comment       0x00000022       0x23 o:/devkitpro/devkitarm/bin/../lib/gcc/arm-none-eabi/6.3.0/crtend.o

.ARM.attributes
                0x00000000       0x2d
 .ARM.attributes
                0x00000000       0x21 o:/devkitpro/devkitarm/bin/../lib/gcc/arm-none-eabi/6.3.0/../../../../arm-none-eabi/lib/ds_arm9_crt0.o
 .ARM.attributes
                0x00000021       0x16 o:/devkitpro/devkitarm/bin/../lib/gcc/arm-none-eabi/6.3.0/crti.o
 .ARM.attributes
                0x00000037       0x30 o:/devkitpro/devkitarm/bin/../lib/gcc/arm-none-eabi/6.3.0/crtbegin.o
 .ARM.attributes
                0x00000067       0x27 main.o
 .ARM.attributes
                0x0000008e       0x2b O:/devkitPro/libnds/lib\libnds9.a(console.o)
 .ARM.attributes
                0x000000b9       0x2b O:/devkitPro/libnds/lib\libnds9.a(touch.o)
 .ARM.attributes
                0x000000e4       0x2b O:/devkitPro/libnds/lib\libnds9.a(background.o)
 .ARM.attributes
                0x0000010f       0x2b O:/devkitPro/libnds/lib\libnds9.a(trig.o)
 .ARM.attributes
                0x0000013a       0x2b O:/devkitPro/libnds/lib\libnds9.a(keys.o)
 .ARM.attributes
                0x00000165       0x2b O:/devkitPro/libnds/lib\libnds9.a(initSystem.o)
 .ARM.attributes
                0x00000190       0x2b O:/devkitPro/libnds/lib\libnds9.a(timeSupport.o)
 .ARM.attributes
                0x000001bb       0x2b O:/devkitPro/libnds/lib\libnds9.a(securearea.o)
 .ARM.attributes
                0x000001e6       0x2b O:/devkitPro/libnds/lib\libnds9.a(interrupts.o)
 .ARM.attributes
                0x00000211       0x2b O:/devkitPro/libnds/lib\libnds9.a(libnds_exit.arm.o)
 .ARM.attributes
                0x0000023c       0x2b O:/devkitPro/libnds/lib\libnds9.a(fifosystem.o)
 .ARM.attributes
                0x00000267       0x21 O:/devkitPro/libnds/lib\libnds9.a(mpu_setup.o)
 .ARM.attributes
                0x00000288       0x21 O:/devkitPro/libnds/lib\libnds9.a(IntrWait.o)
 .ARM.attributes
                0x000002a9       0x21 O:/devkitPro/libnds/lib\libnds9.a(cpu_clock.o)
 .ARM.attributes
                0x000002ca       0x1b O:/devkitPro/libnds/lib\libnds9.a(interruptDispatcher.o)
 .ARM.attributes
                0x000002e5       0x21 O:/devkitPro/libnds/lib\libnds9.a(swiSoftReset.o)
 .ARM.attributes
                0x00000306       0x14 O:/devkitPro/libnds/lib\libnds9.a(default_font.bin.o)
 .ARM.attributes
                0x0000031a       0x2b O:/devkitPro/libnds/lib\libnds9.a(video.o)
 .ARM.attributes
                0x00000345       0x2b O:/devkitPro/libnds/lib\libnds9.a(system.o)
 .ARM.attributes
                0x00000370       0x1b O:/devkitPro/libnds/lib\libnds9.a(biosCalls.o)
 .ARM.attributes
                0x0000038b       0x18 o:/devkitpro/devkitarm/bin/../lib/gcc/arm-none-eabi/6.3.0\libgcc.a(_divsi3.o)
 .ARM.attributes
                0x000003a3       0x18 o:/devkitpro/devkitarm/bin/../lib/gcc/arm-none-eabi/6.3.0\libgcc.a(_dvmd_tls.o)
 .ARM.attributes
                0x000003bb       0x30 o:/devkitpro/devkitarm/bin/../lib/gcc/arm-none-eabi/6.3.0/../../../../arm-none-eabi/lib\libg.a(lib_a-init.o)
 .ARM.attributes
                0x000003eb       0x30 o:/devkitpro/devkitarm/bin/../lib/gcc/arm-none-eabi/6.3.0/../../../../arm-none-eabi/lib\libg.a(lib_a-iprintf.o)
 .ARM.attributes
                0x0000041b       0x30 o:/devkitpro/devkitarm/bin/../lib/gcc/arm-none-eabi/6.3.0/../../../../arm-none-eabi/lib\libg.a(lib_a-memcpy-stub.o)
 .ARM.attributes
                0x0000044b       0x30 o:/devkitpro/devkitarm/bin/../lib/gcc/arm-none-eabi/6.3.0/../../../../arm-none-eabi/lib\libg.a(lib_a-memset.o)
 .ARM.attributes
                0x0000047b       0x30 o:/devkitpro/devkitarm/bin/../lib/gcc/arm-none-eabi/6.3.0/../../../../arm-none-eabi/lib\libg.a(lib_a-setvbuf.o)
 .ARM.attributes
                0x000004ab       0x30 o:/devkitpro/devkitarm/bin/../lib/gcc/arm-none-eabi/6.3.0/../../../../arm-none-eabi/lib\libg.a(lib_a-siscanf.o)
 .ARM.attributes
                0x000004db       0x30 o:/devkitpro/devkitarm/bin/../lib/gcc/arm-none-eabi/6.3.0/../../../../arm-none-eabi/lib\libg.a(lib_a-stdio.o)
 .ARM.attributes
                0x0000050b       0x30 o:/devkitpro/devkitarm/bin/../lib/gcc/arm-none-eabi/6.3.0/../../../../arm-none-eabi/lib\libg.a(lib_a-strlen-stub.o)
 .ARM.attributes
                0x0000053b       0x30 o:/devkitpro/devkitarm/bin/../lib/gcc/arm-none-eabi/6.3.0/../../../../arm-none-eabi/lib\libg.a(lib_a-svfiscanf.o)
 .ARM.attributes
                0x0000056b       0x30 o:/devkitpro/devkitarm/bin/../lib/gcc/arm-none-eabi/6.3.0/../../../../arm-none-eabi/lib\libg.a(lib_a-ungetc.o)
 .ARM.attributes
                0x0000059b       0x30 o:/devkitpro/devkitarm/bin/../lib/gcc/arm-none-eabi/6.3.0/../../../../arm-none-eabi/lib\libg.a(lib_a-vfiprintf.o)
 .ARM.attributes
                0x000005cb       0x30 o:/devkitpro/devkitarm/bin/../lib/gcc/arm-none-eabi/6.3.0/../../../../arm-none-eabi/lib\libg.a(lib_a-wcrtomb.o)
 .ARM.attributes
                0x000005fb       0x30 o:/devkitpro/devkitarm/bin/../lib/gcc/arm-none-eabi/6.3.0/../../../../arm-none-eabi/lib\libg.a(lib_a-wcsrtombs.o)
 .ARM.attributes
                0x0000062b       0x30 o:/devkitpro/devkitarm/bin/../lib/gcc/arm-none-eabi/6.3.0/../../../../arm-none-eabi/lib\libg.a(lib_a-wsetup.o)
 .ARM.attributes
                0x0000065b       0x30 o:/devkitpro/devkitarm/bin/../lib/gcc/arm-none-eabi/6.3.0/../../../../arm-none-eabi/lib\libg.a(lib_a-fflush.o)
 .ARM.attributes
                0x0000068b       0x30 o:/devkitpro/devkitarm/bin/../lib/gcc/arm-none-eabi/6.3.0/../../../../arm-none-eabi/lib\libg.a(lib_a-findfp.o)
 .ARM.attributes
                0x000006bb       0x30 o:/devkitpro/devkitarm/bin/../lib/gcc/arm-none-eabi/6.3.0/../../../../arm-none-eabi/lib\libg.a(lib_a-freer.o)
 .ARM.attributes
                0x000006eb       0x30 o:/devkitpro/devkitarm/bin/../lib/gcc/arm-none-eabi/6.3.0/../../../../arm-none-eabi/lib\libg.a(lib_a-fvwrite.o)
 .ARM.attributes
                0x0000071b       0x30 o:/devkitpro/devkitarm/bin/../lib/gcc/arm-none-eabi/6.3.0/../../../../arm-none-eabi/lib\libg.a(lib_a-fwalk.o)
 .ARM.attributes
                0x0000074b       0x30 o:/devkitpro/devkitarm/bin/../lib/gcc/arm-none-eabi/6.3.0/../../../../arm-none-eabi/lib\libg.a(lib_a-impure.o)
 .ARM.attributes
                0x0000077b       0x30 o:/devkitpro/devkitarm/bin/../lib/gcc/arm-none-eabi/6.3.0/../../../../arm-none-eabi/lib\libg.a(lib_a-iswspace.o)
 .ARM.attributes
                0x000007ab       0x30 o:/devkitpro/devkitarm/bin/../lib/gcc/arm-none-eabi/6.3.0/../../../../arm-none-eabi/lib\libg.a(lib_a-jp2uc.o)
 .ARM.attributes
                0x000007db       0x30 o:/devkitpro/devkitarm/bin/../lib/gcc/arm-none-eabi/6.3.0/../../../../arm-none-eabi/lib\libg.a(lib_a-localeconv.o)
 .ARM.attributes
                0x0000080b       0x30 o:/devkitpro/devkitarm/bin/../lib/gcc/arm-none-eabi/6.3.0/../../../../arm-none-eabi/lib\libg.a(lib_a-locale.o)
 .ARM.attributes
                0x0000083b       0x30 o:/devkitpro/devkitarm/bin/../lib/gcc/arm-none-eabi/6.3.0/../../../../arm-none-eabi/lib\libg.a(lib_a-makebuf.o)
 .ARM.attributes
                0x0000086b       0x30 o:/devkitpro/devkitarm/bin/../lib/gcc/arm-none-eabi/6.3.0/../../../../arm-none-eabi/lib\libg.a(lib_a-malloc.o)
 .ARM.attributes
                0x0000089b       0x30 o:/devkitpro/devkitarm/bin/../lib/gcc/arm-none-eabi/6.3.0/../../../../arm-none-eabi/lib\libg.a(lib_a-mallocr.o)
 .ARM.attributes
                0x000008cb       0x30 o:/devkitpro/devkitarm/bin/../lib/gcc/arm-none-eabi/6.3.0/../../../../arm-none-eabi/lib\libg.a(lib_a-mbrtowc.o)
 .ARM.attributes
                0x000008fb       0x30 o:/devkitpro/devkitarm/bin/../lib/gcc/arm-none-eabi/6.3.0/../../../../arm-none-eabi/lib\libg.a(lib_a-mbtowc_r.o)
 .ARM.attributes
                0x0000092b       0x30 o:/devkitpro/devkitarm/bin/../lib/gcc/arm-none-eabi/6.3.0/../../../../arm-none-eabi/lib\libg.a(lib_a-memchr-stub.o)
 .ARM.attributes
                0x0000095b       0x30 o:/devkitpro/devkitarm/bin/../lib/gcc/arm-none-eabi/6.3.0/../../../../arm-none-eabi/lib\libg.a(lib_a-memmove.o)
 .ARM.attributes
                0x0000098b       0x30 o:/devkitpro/devkitarm/bin/../lib/gcc/arm-none-eabi/6.3.0/../../../../arm-none-eabi/lib\libg.a(lib_a-mlock.o)
 .ARM.attributes
                0x000009bb       0x30 o:/devkitpro/devkitarm/bin/../lib/gcc/arm-none-eabi/6.3.0/../../../../arm-none-eabi/lib\libg.a(lib_a-reallocr.o)
 .ARM.attributes
                0x000009eb       0x30 o:/devkitpro/devkitarm/bin/../lib/gcc/arm-none-eabi/6.3.0/../../../../arm-none-eabi/lib\libg.a(lib_a-sccl.o)
 .ARM.attributes
                0x00000a1b       0x16 o:/devkitpro/devkitarm/bin/../lib/gcc/arm-none-eabi/6.3.0/../../../../arm-none-eabi/lib\libg.a(lib_a-strcmp.o)
 .ARM.attributes
                0x00000a31       0x30 o:/devkitpro/devkitarm/bin/../lib/gcc/arm-none-eabi/6.3.0/../../../../arm-none-eabi/lib\libg.a(lib_a-strncpy.o)
 .ARM.attributes
                0x00000a61       0x30 o:/devkitpro/devkitarm/bin/../lib/gcc/arm-none-eabi/6.3.0/../../../../arm-none-eabi/lib\libg.a(lib_a-strtoll.o)
 .ARM.attributes
                0x00000a91       0x30 o:/devkitpro/devkitarm/bin/../lib/gcc/arm-none-eabi/6.3.0/../../../../arm-none-eabi/lib\libg.a(lib_a-strtol.o)
 .ARM.attributes
                0x00000ac1       0x30 o:/devkitpro/devkitarm/bin/../lib/gcc/arm-none-eabi/6.3.0/../../../../arm-none-eabi/lib\libg.a(lib_a-strtoull.o)
 .ARM.attributes
                0x00000af1       0x30 o:/devkitpro/devkitarm/bin/../lib/gcc/arm-none-eabi/6.3.0/../../../../arm-none-eabi/lib\libg.a(lib_a-strtoul.o)
 .ARM.attributes
                0x00000b21       0x30 o:/devkitpro/devkitarm/bin/../lib/gcc/arm-none-eabi/6.3.0/../../../../arm-none-eabi/lib\libg.a(lib_a-svfiprintf.o)
 .ARM.attributes
                0x00000b51       0x30 o:/devkitpro/devkitarm/bin/../lib/gcc/arm-none-eabi/6.3.0/../../../../arm-none-eabi/lib\libg.a(lib_a-wcsnrtombs.o)
 .ARM.attributes
                0x00000b81       0x30 o:/devkitpro/devkitarm/bin/../lib/gcc/arm-none-eabi/6.3.0/../../../../arm-none-eabi/lib\libg.a(lib_a-wctomb_r.o)
 .ARM.attributes
                0x00000bb1       0x30 o:/devkitpro/devkitarm/bin/../lib/gcc/arm-none-eabi/6.3.0/../../../../arm-none-eabi/lib\libg.a(lib_a-ctype_.o)
 .ARM.attributes
                0x00000be1       0x30 o:/devkitpro/devkitarm/bin/../lib/gcc/arm-none-eabi/6.3.0/../../../../arm-none-eabi/lib\libg.a(lib_a-fclose.o)
 .ARM.attributes
                0x00000c11       0x30 o:/devkitpro/devkitarm/bin/../lib/gcc/arm-none-eabi/6.3.0/../../../../arm-none-eabi/lib\libsysbase.a(iosupport.o)
 .ARM.attributes
                0x00000c41       0x30 o:/devkitpro/devkitarm/bin/../lib/gcc/arm-none-eabi/6.3.0/../../../../arm-none-eabi/lib\libsysbase.a(close.o)
 .ARM.attributes
                0x00000c71       0x30 o:/devkitpro/devkitarm/bin/../lib/gcc/arm-none-eabi/6.3.0/../../../../arm-none-eabi/lib\libsysbase.a(fstat.o)
 .ARM.attributes
                0x00000ca1       0x30 o:/devkitpro/devkitarm/bin/../lib/gcc/arm-none-eabi/6.3.0/../../../../arm-none-eabi/lib\libsysbase.a(isatty.o)
 .ARM.attributes
                0x00000cd1       0x30 o:/devkitpro/devkitarm/bin/../lib/gcc/arm-none-eabi/6.3.0/../../../../arm-none-eabi/lib\libsysbase.a(lseek.o)
 .ARM.attributes
                0x00000d01       0x30 o:/devkitpro/devkitarm/bin/../lib/gcc/arm-none-eabi/6.3.0/../../../../arm-none-eabi/lib\libsysbase.a(read.o)
 .ARM.attributes
                0x00000d31       0x30 o:/devkitpro/devkitarm/bin/../lib/gcc/arm-none-eabi/6.3.0/../../../../arm-none-eabi/lib\libsysbase.a(sbrk.o)
 .ARM.attributes
                0x00000d61       0x30 o:/devkitpro/devkitarm/bin/../lib/gcc/arm-none-eabi/6.3.0/../../../../arm-none-eabi/lib\libsysbase.a(write.o)
 .ARM.attributes
                0x00000d91       0x30 o:/devkitpro/devkitarm/bin/../lib/gcc/arm-none-eabi/6.3.0/../../../../arm-none-eabi/lib\libsysbase.a(malloc_vars.o)
 .ARM.attributes
                0x00000dc1       0x30 o:/devkitpro/devkitarm/bin/../lib/gcc/arm-none-eabi/6.3.0/../../../../arm-none-eabi/lib\libsysbase.a(build_argv.o)
 .ARM.attributes
                0x00000df1       0x30 o:/devkitpro/devkitarm/bin/../lib/gcc/arm-none-eabi/6.3.0/../../../../arm-none-eabi/lib\libsysbase.a(flock.o)
 .ARM.attributes
                0x00000e21       0x30 o:/devkitpro/devkitarm/bin/../lib/gcc/arm-none-eabi/6.3.0/../../../../arm-none-eabi/lib\libsysbase.a(syscall_support.o)
 .ARM.attributes
                0x00000e51       0x30 o:/devkitpro/devkitarm/bin/../lib/gcc/arm-none-eabi/6.3.0/../../../../arm-none-eabi/lib\libsysbase.a(handle_manager.o)
 .ARM.attributes
                0x00000e81       0x30 o:/devkitpro/devkitarm/bin/../lib/gcc/arm-none-eabi/6.3.0/../../../../arm-none-eabi/lib\libsysbase.a(getreent.o)
 .ARM.attributes
                0x00000eb1       0x18 o:/devkitpro/devkitarm/bin/../lib/gcc/arm-none-eabi/6.3.0\libgcc.a(_udivsi3.o)
 .ARM.attributes
                0x00000ec9       0x18 o:/devkitpro/devkitarm/bin/../lib/gcc/arm-none-eabi/6.3.0\libgcc.a(_aeabi_uldivmod.o)
 .ARM.attributes
                0x00000ee1       0x30 o:/devkitpro/devkitarm/bin/../lib/gcc/arm-none-eabi/6.3.0\libgcc.a(_udivmoddi4.o)
 .ARM.attributes
                0x00000f11       0x18 o:/devkitpro/devkitarm/bin/../lib/gcc/arm-none-eabi/6.3.0\libgcc.a(_clzdi2.o)
 .ARM.attributes
                0x00000f29       0x18 o:/devkitpro/devkitarm/bin/../lib/gcc/arm-none-eabi/6.3.0\libgcc.a(_clzsi2.o)
 .ARM.attributes
                0x00000f41       0x30 o:/devkitpro/devkitarm/bin/../lib/gcc/arm-none-eabi/6.3.0/crtend.o
 .ARM.attributes
                0x00000f71       0x18 o:/devkitpro/devkitarm/bin/../lib/gcc/arm-none-eabi/6.3.0/crtn.o

.debug
 *(.debug)

.line
 *(.line)

.debug_srcinfo
 *(.debug_srcinfo)

.debug_sfnames
 *(.debug_sfnames)

.debug_aranges  0x00000000      0x580
 *(.debug_aranges)
 .debug_aranges
                0x00000000       0x28 main.o
 .debug_aranges
                0x00000028       0x88 O:/devkitPro/libnds/lib\libnds9.a(console.o)
 .debug_aranges
                0x000000b0       0x28 O:/devkitPro/libnds/lib\libnds9.a(touch.o)
 .debug_aranges
                0x000000d8       0x48 O:/devkitPro/libnds/lib\libnds9.a(background.o)
 .debug_aranges
                0x00000120       0x60 O:/devkitPro/libnds/lib\libnds9.a(trig.o)
 .debug_aranges
                0x00000180       0x50 O:/devkitPro/libnds/lib\libnds9.a(keys.o)
 .debug_aranges
                0x000001d0       0x20 O:/devkitPro/libnds/lib\libnds9.a(initSystem.o)
 .debug_aranges
                0x000001f0       0x20 O:/devkitPro/libnds/lib\libnds9.a(timeSupport.o)
 .debug_aranges
                0x00000210       0x18 O:/devkitPro/libnds/lib\libnds9.a(securearea.o)
 .debug_aranges
                0x00000228       0x50 O:/devkitPro/libnds/lib\libnds9.a(interrupts.o)
 .debug_aranges
                0x00000278       0x28 O:/devkitPro/libnds/lib\libnds9.a(libnds_exit.arm.o)
 .debug_aranges
                0x000002a0       0xc0 O:/devkitPro/libnds/lib\libnds9.a(fifosystem.o)
 .debug_aranges
                0x00000360       0x30 O:/devkitPro/libnds/lib\libnds9.a(mpu_setup.o)
 .debug_aranges
                0x00000390       0x28 O:/devkitPro/libnds/lib\libnds9.a(IntrWait.o)
 .debug_aranges
                0x000003b8       0x20 O:/devkitPro/libnds/lib\libnds9.a(cpu_clock.o)
 .debug_aranges
                0x000003d8       0x20 O:/devkitPro/libnds/lib\libnds9.a(interruptDispatcher.o)
 .debug_aranges
                0x000003f8       0x20 O:/devkitPro/libnds/lib\libnds9.a(swiSoftReset.o)
 .debug_aranges
                0x00000418       0x48 O:/devkitPro/libnds/lib\libnds9.a(video.o)
 .debug_aranges
                0x00000460       0x58 O:/devkitPro/libnds/lib\libnds9.a(system.o)
 .debug_aranges
                0x000004b8       0xc8 O:/devkitPro/libnds/lib\libnds9.a(biosCalls.o)

.debug_pubnames
 *(.debug_pubnames)

.debug_info     0x00000000     0xeeac
 *(.debug_info)
 .debug_info    0x00000000     0x189c main.o
 .debug_info    0x0000189c     0x2532 O:/devkitPro/libnds/lib\libnds9.a(console.o)
 .debug_info    0x00003dce      0xc62 O:/devkitPro/libnds/lib\libnds9.a(touch.o)
 .debug_info    0x00004a30     0x12ad O:/devkitPro/libnds/lib\libnds9.a(background.o)
 .debug_info    0x00005cdd      0xdc9 O:/devkitPro/libnds/lib\libnds9.a(trig.o)
 .debug_info    0x00006aa6      0xd37 O:/devkitPro/libnds/lib\libnds9.a(keys.o)
 .debug_info    0x000077dd     0x1c22 O:/devkitPro/libnds/lib\libnds9.a(initSystem.o)
 .debug_info    0x000093ff      0xa12 O:/devkitPro/libnds/lib\libnds9.a(timeSupport.o)
 .debug_info    0x00009e11       0x54 O:/devkitPro/libnds/lib\libnds9.a(securearea.o)
 .debug_info    0x00009e65      0x669 O:/devkitPro/libnds/lib\libnds9.a(interrupts.o)
 .debug_info    0x0000a4ce      0xc56 O:/devkitPro/libnds/lib\libnds9.a(libnds_exit.arm.o)
 .debug_info    0x0000b124     0x1f70 O:/devkitPro/libnds/lib\libnds9.a(fifosystem.o)
 .debug_info    0x0000d094       0xbe O:/devkitPro/libnds/lib\libnds9.a(mpu_setup.o)
 .debug_info    0x0000d152       0xbd O:/devkitPro/libnds/lib\libnds9.a(IntrWait.o)
 .debug_info    0x0000d20f       0xc2 O:/devkitPro/libnds/lib\libnds9.a(cpu_clock.o)
 .debug_info    0x0000d2d1       0xc7 O:/devkitPro/libnds/lib\libnds9.a(interruptDispatcher.o)
 .debug_info    0x0000d398       0xc0 O:/devkitPro/libnds/lib\libnds9.a(swiSoftReset.o)
 .debug_info    0x0000d458      0x740 O:/devkitPro/libnds/lib\libnds9.a(video.o)
 .debug_info    0x0000db98     0x125b O:/devkitPro/libnds/lib\libnds9.a(system.o)
 .debug_info    0x0000edf3       0xb9 O:/devkitPro/libnds/lib\libnds9.a(biosCalls.o)

.debug_abbrev   0x00000000     0x2901
 *(.debug_abbrev)
 .debug_abbrev  0x00000000      0x37d main.o
 .debug_abbrev  0x0000037d      0x510 O:/devkitPro/libnds/lib\libnds9.a(console.o)
 .debug_abbrev  0x0000088d      0x231 O:/devkitPro/libnds/lib\libnds9.a(touch.o)
 .debug_abbrev  0x00000abe      0x3aa O:/devkitPro/libnds/lib\libnds9.a(background.o)
 .debug_abbrev  0x00000e68      0x314 O:/devkitPro/libnds/lib\libnds9.a(trig.o)
 .debug_abbrev  0x0000117c      0x282 O:/devkitPro/libnds/lib\libnds9.a(keys.o)
 .debug_abbrev  0x000013fe      0x356 O:/devkitPro/libnds/lib\libnds9.a(initSystem.o)
 .debug_abbrev  0x00001754      0x1da O:/devkitPro/libnds/lib\libnds9.a(timeSupport.o)
 .debug_abbrev  0x0000192e       0x43 O:/devkitPro/libnds/lib\libnds9.a(securearea.o)
 .debug_abbrev  0x00001971      0x288 O:/devkitPro/libnds/lib\libnds9.a(interrupts.o)
 .debug_abbrev  0x00001bf9      0x287 O:/devkitPro/libnds/lib\libnds9.a(libnds_exit.arm.o)
 .debug_abbrev  0x00001e80      0x517 O:/devkitPro/libnds/lib\libnds9.a(fifosystem.o)
 .debug_abbrev  0x00002397       0x12 O:/devkitPro/libnds/lib\libnds9.a(mpu_setup.o)
 .debug_abbrev  0x000023a9       0x12 O:/devkitPro/libnds/lib\libnds9.a(IntrWait.o)
 .debug_abbrev  0x000023bb       0x14 O:/devkitPro/libnds/lib\libnds9.a(cpu_clock.o)
 .debug_abbrev  0x000023cf       0x14 O:/devkitPro/libnds/lib\libnds9.a(interruptDispatcher.o)
 .debug_abbrev  0x000023e3       0x14 O:/devkitPro/libnds/lib\libnds9.a(swiSoftReset.o)
 .debug_abbrev  0x000023f7      0x1e4 O:/devkitPro/libnds/lib\libnds9.a(video.o)
 .debug_abbrev  0x000025db      0x314 O:/devkitPro/libnds/lib\libnds9.a(system.o)
 .debug_abbrev  0x000028ef       0x12 O:/devkitPro/libnds/lib\libnds9.a(biosCalls.o)

.debug_line     0x00000000     0x3820
 *(.debug_line)
 .debug_line    0x00000000      0x34f main.o
 .debug_line    0x0000034f      0x771 O:/devkitPro/libnds/lib\libnds9.a(console.o)
 .debug_line    0x00000ac0      0x2cc O:/devkitPro/libnds/lib\libnds9.a(touch.o)
 .debug_line    0x00000d8c      0x3fb O:/devkitPro/libnds/lib\libnds9.a(background.o)
 .debug_line    0x00001187      0x3ab O:/devkitPro/libnds/lib\libnds9.a(trig.o)
 .debug_line    0x00001532      0x32f O:/devkitPro/libnds/lib\libnds9.a(keys.o)
 .debug_line    0x00001861      0x3b5 O:/devkitPro/libnds/lib\libnds9.a(initSystem.o)
 .debug_line    0x00001c16      0x1e3 O:/devkitPro/libnds/lib\libnds9.a(timeSupport.o)
 .debug_line    0x00001df9       0x7c O:/devkitPro/libnds/lib\libnds9.a(securearea.o)
 .debug_line    0x00001e75      0x2e3 O:/devkitPro/libnds/lib\libnds9.a(interrupts.o)
 .debug_line    0x00002158      0x26c O:/devkitPro/libnds/lib\libnds9.a(libnds_exit.arm.o)
 .debug_line    0x000023c4      0x869 O:/devkitPro/libnds/lib\libnds9.a(fifosystem.o)
 .debug_line    0x00002c2d      0x129 O:/devkitPro/libnds/lib\libnds9.a(mpu_setup.o)
 .debug_line    0x00002d56       0xb1 O:/devkitPro/libnds/lib\libnds9.a(IntrWait.o)
 .debug_line    0x00002e07       0x9d O:/devkitPro/libnds/lib\libnds9.a(cpu_clock.o)
 .debug_line    0x00002ea4       0xc6 O:/devkitPro/libnds/lib\libnds9.a(interruptDispatcher.o)
 .debug_line    0x00002f6a       0x96 O:/devkitPro/libnds/lib\libnds9.a(swiSoftReset.o)
 .debug_line    0x00003000      0x29d O:/devkitPro/libnds/lib\libnds9.a(video.o)
 .debug_line    0x0000329d      0x397 O:/devkitPro/libnds/lib\libnds9.a(system.o)
 .debug_line    0x00003634      0x1ec O:/devkitPro/libnds/lib\libnds9.a(biosCalls.o)

.debug_frame    0x00000000      0x984
 *(.debug_frame)
 .debug_frame   0x00000000       0x44 main.o
 .debug_frame   0x00000044      0x1a0 O:/devkitPro/libnds/lib\libnds9.a(console.o)
 .debug_frame   0x000001e4       0x3c O:/devkitPro/libnds/lib\libnds9.a(touch.o)
 .debug_frame   0x00000220       0xc0 O:/devkitPro/libnds/lib\libnds9.a(background.o)
 .debug_frame   0x000002e0       0xd0 O:/devkitPro/libnds/lib\libnds9.a(trig.o)
 .debug_frame   0x000003b0       0x8c O:/devkitPro/libnds/lib\libnds9.a(keys.o)
 .debug_frame   0x0000043c       0x28 O:/devkitPro/libnds/lib\libnds9.a(initSystem.o)
 .debug_frame   0x00000464       0x20 O:/devkitPro/libnds/lib\libnds9.a(timeSupport.o)
 .debug_frame   0x00000484       0xa4 O:/devkitPro/libnds/lib\libnds9.a(interrupts.o)
 .debug_frame   0x00000528       0x3c O:/devkitPro/libnds/lib\libnds9.a(libnds_exit.arm.o)
 .debug_frame   0x00000564      0x2a0 O:/devkitPro/libnds/lib\libnds9.a(fifosystem.o)
 .debug_frame   0x00000804       0xb8 O:/devkitPro/libnds/lib\libnds9.a(video.o)
 .debug_frame   0x000008bc       0xc8 O:/devkitPro/libnds/lib\libnds9.a(system.o)

.debug_str      0x00000000     0x3771
 *(.debug_str)
 .debug_str     0x00000000      0xfa0 main.o
                               0x1096 (size before relaxing)
 .debug_str     0x00000fa0      0xc2e O:/devkitPro/libnds/lib\libnds9.a(console.o)
                               0x13d8 (size before relaxing)
 .debug_str     0x00001bce       0xff O:/devkitPro/libnds/lib\libnds9.a(touch.o)
                                0x7cf (size before relaxing)
 .debug_str     0x00001ccd       0xf2 O:/devkitPro/libnds/lib\libnds9.a(background.o)
                                0xb65 (size before relaxing)
 .debug_str     0x00001dbf       0xf5 O:/devkitPro/libnds/lib\libnds9.a(trig.o)
                                0x6c3 (size before relaxing)
 .debug_str     0x00001eb4       0xb9 O:/devkitPro/libnds/lib\libnds9.a(keys.o)
                                0x856 (size before relaxing)
 .debug_str     0x00001f6d      0x2fc O:/devkitPro/libnds/lib\libnds9.a(initSystem.o)
                               0x1225 (size before relaxing)
 .debug_str     0x00002269       0x6b O:/devkitPro/libnds/lib\libnds9.a(timeSupport.o)
                                0x696 (size before relaxing)
 .debug_str     0x000022d4       0x6c O:/devkitPro/libnds/lib\libnds9.a(securearea.o)
                                0x102 (size before relaxing)
 .debug_str     0x00002340      0x173 O:/devkitPro/libnds/lib\libnds9.a(interrupts.o)
                                0x499 (size before relaxing)
 .debug_str     0x000024b3      0x1cf O:/devkitPro/libnds/lib\libnds9.a(libnds_exit.arm.o)
                                0x868 (size before relaxing)
 .debug_str     0x00002682      0x4d5 O:/devkitPro/libnds/lib\libnds9.a(fifosystem.o)
                                0xd5e (size before relaxing)
 .debug_str     0x00002b57      0x8ff O:/devkitPro/libnds/lib\libnds9.a(video.o)
                                0xc11 (size before relaxing)
 .debug_str     0x00003456      0x31b O:/devkitPro/libnds/lib\libnds9.a(system.o)
                                0xbd5 (size before relaxing)

.debug_loc      0x00000000     0x393d
 *(.debug_loc)
 .debug_loc     0x00000000       0xf2 main.o
 .debug_loc     0x000000f2     0x108e O:/devkitPro/libnds/lib\libnds9.a(console.o)
 .debug_loc     0x00001180       0xa5 O:/devkitPro/libnds/lib\libnds9.a(touch.o)
 .debug_loc     0x00001225      0x413 O:/devkitPro/libnds/lib\libnds9.a(background.o)
 .debug_loc     0x00001638      0x7ef O:/devkitPro/libnds/lib\libnds9.a(trig.o)
 .debug_loc     0x00001e27       0xd8 O:/devkitPro/libnds/lib\libnds9.a(initSystem.o)
 .debug_loc     0x00001eff       0x21 O:/devkitPro/libnds/lib\libnds9.a(timeSupport.o)
 .debug_loc     0x00001f20      0x1aa O:/devkitPro/libnds/lib\libnds9.a(interrupts.o)
 .debug_loc     0x000020ca       0x58 O:/devkitPro/libnds/lib\libnds9.a(libnds_exit.arm.o)
 .debug_loc     0x00002122     0x1310 O:/devkitPro/libnds/lib\libnds9.a(fifosystem.o)
 .debug_loc     0x00003432      0x312 O:/devkitPro/libnds/lib\libnds9.a(video.o)
 .debug_loc     0x00003744      0x1f9 O:/devkitPro/libnds/lib\libnds9.a(system.o)

.debug_macinfo
 *(.debug_macinfo)

.debug_weaknames
 *(.debug_weaknames)

.debug_funcnames
 *(.debug_funcnames)

.debug_typenames
 *(.debug_typenames)

.debug_varnames
 *(.debug_varnames)

.stack          0x00080000        0x0
                0x00080000                _stack = .
 *(.stack)
LOAD o:/devkitpro/devkitarm/bin/../lib/gcc/arm-none-eabi/6.3.0/../../../../arm-none-eabi/lib/ds_arm9_crt0.o
LOAD o:/devkitpro/devkitarm/bin/../lib/gcc/arm-none-eabi/6.3.0/crti.o
LOAD o:/devkitpro/devkitarm/bin/../lib/gcc/arm-none-eabi/6.3.0/crtbegin.o
LOAD main.o
LOAD O:/devkitPro/libnds/lib\libnds9.a
START GROUP
LOAD o:/devkitpro/devkitarm/bin/../lib/gcc/arm-none-eabi/6.3.0\libgcc.a
LOAD o:/devkitpro/devkitarm/bin/../lib/gcc/arm-none-eabi/6.3.0/../../../../arm-none-eabi/lib\libg.a
LOAD o:/devkitpro/devkitarm/bin/../lib/gcc/arm-none-eabi/6.3.0/../../../../arm-none-eabi/lib\libc.a
LOAD o:/devkitpro/devkitarm/bin/../lib/gcc/arm-none-eabi/6.3.0/../../../../arm-none-eabi/lib\libsysbase.a
END GROUP
LOAD o:/devkitpro/devkitarm/bin/../lib/gcc/arm-none-eabi/6.3.0/crtend.o
LOAD o:/devkitpro/devkitarm/bin/../lib/gcc/arm-none-eabi/6.3.0/crtn.o
OUTPUT(O:/devkitPro/examples/nds/dsprogramming/dsprogramming.elf elf32-littlearm)

.debug_ranges   0x00000000      0xc48
 .debug_ranges  0x00000000       0xb8 main.o
 .debug_ranges  0x000000b8      0x240 O:/devkitPro/libnds/lib\libnds9.a(console.o)
 .debug_ranges  0x000002f8       0x30 O:/devkitPro/libnds/lib\libnds9.a(touch.o)
 .debug_ranges  0x00000328       0xd8 O:/devkitPro/libnds/lib\libnds9.a(background.o)
 .debug_ranges  0x00000400       0xc8 O:/devkitPro/libnds/lib\libnds9.a(trig.o)
 .debug_ranges  0x000004c8       0x40 O:/devkitPro/libnds/lib\libnds9.a(keys.o)
 .debug_ranges  0x00000508       0x10 O:/devkitPro/libnds/lib\libnds9.a(initSystem.o)
 .debug_ranges  0x00000518       0x10 O:/devkitPro/libnds/lib\libnds9.a(timeSupport.o)
 .debug_ranges  0x00000528       0xe8 O:/devkitPro/libnds/lib\libnds9.a(interrupts.o)
 .debug_ranges  0x00000610       0x18 O:/devkitPro/libnds/lib\libnds9.a(libnds_exit.arm.o)
 .debug_ranges  0x00000628      0x460 O:/devkitPro/libnds/lib\libnds9.a(fifosystem.o)
 .debug_ranges  0x00000a88       0x28 O:/devkitPro/libnds/lib\libnds9.a(mpu_setup.o)
 .debug_ranges  0x00000ab0       0x20 O:/devkitPro/libnds/lib\libnds9.a(IntrWait.o)
 .debug_ranges  0x00000ad0       0x70 O:/devkitPro/libnds/lib\libnds9.a(video.o)
 .debug_ranges  0x00000b40       0x48 O:/devkitPro/libnds/lib\libnds9.a(system.o)
 .debug_ranges  0x00000b88       0xc0 O:/devkitPro/libnds/lib\libnds9.a(biosCalls.o)
